<?xml version="1.0" encoding="ISO-8859-1" ?>
<link_info>
   <banner>TI ARM Clang Linker PC v2.1.3.LTS</banner>
   <copyright>Copyright (c) 1996-2018 Texas Instruments Incorporated</copyright>
   <link_time>0x6757f310</link_time>
   <link_errors>0x0</link_errors>
   <output_file>Lab9.out</output_file>
   <entry_point>
      <name>_c_int00_noargs</name>
      <address>0x2ac1</address>
   </entry_point>
   <input_file_list>
      <input_file id="fl-1">
         <path>.\</path>
         <kind>object</kind>
         <file>Lab9.o</file>
         <name>Lab9.o</name>
      </input_file>
      <input_file id="fl-2">
         <path>.\syscfg\</path>
         <kind>object</kind>
         <file>ti_msp_dl_config.o</file>
         <name>ti_msp_dl_config.o</name>
      </input_file>
      <input_file id="fl-3">
         <path>.\</path>
         <kind>object</kind>
         <file>startup_mspm0g350x_ticlang.o</file>
         <name>startup_mspm0g350x_ticlang.o</name>
      </input_file>
      <input_file id="fl-10">
         <kind>object</kind>
         <file>&lt;internal&gt;</file>
         <name>&lt;internal&gt;</name>
      </input_file>
      <input_file id="fl-11">
         <path>C:\ti\mspm0_sdk_2_01_00_03\source\ti\driverlib\lib\ticlang\m0p\mspm0g1x0x_g3x0x\</path>
         <kind>archive</kind>
         <file>driverlib.a</file>
         <name>dl_common.o</name>
      </input_file>
      <input_file id="fl-12">
         <path>C:\ti\mspm0_sdk_2_01_00_03\source\ti\driverlib\lib\ticlang\m0p\mspm0g1x0x_g3x0x\</path>
         <kind>archive</kind>
         <file>driverlib.a</file>
         <name>dl_timer.o</name>
      </input_file>
      <input_file id="fl-13">
         <path>C:\ti\mspm0_sdk_2_01_00_03\source\ti\driverlib\lib\ticlang\m0p\mspm0g1x0x_g3x0x\</path>
         <kind>archive</kind>
         <file>driverlib.a</file>
         <name>dl_uart.o</name>
      </input_file>
      <input_file id="fl-1f">
         <path>C:\Program Files\ccs\tools\compiler\ti-cgt-armllvm_2.1.3.LTS\lib\armv6m-ti-none-eabi\c\</path>
         <kind>archive</kind>
         <file>libc.a</file>
         <name>sprintf.c.obj</name>
      </input_file>
      <input_file id="fl-20">
         <path>C:\Program Files\ccs\tools\compiler\ti-cgt-armllvm_2.1.3.LTS\lib\armv6m-ti-none-eabi\c\</path>
         <kind>archive</kind>
         <file>libc.a</file>
         <name>copy_zero_init.c.obj</name>
      </input_file>
      <input_file id="fl-21">
         <path>C:\Program Files\ccs\tools\compiler\ti-cgt-armllvm_2.1.3.LTS\lib\armv6m-ti-none-eabi\c\</path>
         <kind>archive</kind>
         <file>libc.a</file>
         <name>copy_decompress_none.c.obj</name>
      </input_file>
      <input_file id="fl-22">
         <path>C:\Program Files\ccs\tools\compiler\ti-cgt-armllvm_2.1.3.LTS\lib\armv6m-ti-none-eabi\c\</path>
         <kind>archive</kind>
         <file>libc.a</file>
         <name>copy_decompress_lzss.c.obj</name>
      </input_file>
      <input_file id="fl-23">
         <path>C:\Program Files\ccs\tools\compiler\ti-cgt-armllvm_2.1.3.LTS\lib\armv6m-ti-none-eabi\c\</path>
         <kind>archive</kind>
         <file>libc.a</file>
         <name>boot_cortex_m.c.obj</name>
      </input_file>
      <input_file id="fl-24">
         <path>C:\Program Files\ccs\tools\compiler\ti-cgt-armllvm_2.1.3.LTS\lib\armv6m-ti-none-eabi\c\</path>
         <kind>archive</kind>
         <file>libc.a</file>
         <name>mathacl_init.c.obj</name>
      </input_file>
      <input_file id="fl-25">
         <path>C:\Program Files\ccs\tools\compiler\ti-cgt-armllvm_2.1.3.LTS\lib\armv6m-ti-none-eabi\c\</path>
         <kind>archive</kind>
         <file>libc.a</file>
         <name>_printfi.c.obj</name>
      </input_file>
      <input_file id="fl-26">
         <path>C:\Program Files\ccs\tools\compiler\ti-cgt-armllvm_2.1.3.LTS\lib\armv6m-ti-none-eabi\c\</path>
         <kind>archive</kind>
         <file>libc.a</file>
         <name>s_frexp.c.obj</name>
      </input_file>
      <input_file id="fl-27">
         <path>C:\Program Files\ccs\tools\compiler\ti-cgt-armllvm_2.1.3.LTS\lib\armv6m-ti-none-eabi\c\</path>
         <kind>archive</kind>
         <file>libc.a</file>
         <name>s_scalbn.c.obj</name>
      </input_file>
      <input_file id="fl-28">
         <path>C:\Program Files\ccs\tools\compiler\ti-cgt-armllvm_2.1.3.LTS\lib\armv6m-ti-none-eabi\c\</path>
         <kind>archive</kind>
         <file>libc.a</file>
         <name>aeabi_portable.c.obj</name>
      </input_file>
      <input_file id="fl-29">
         <path>C:\Program Files\ccs\tools\compiler\ti-cgt-armllvm_2.1.3.LTS\lib\armv6m-ti-none-eabi\c\</path>
         <kind>archive</kind>
         <file>libc.a</file>
         <name>exit.c.obj</name>
      </input_file>
      <input_file id="fl-2a">
         <path>C:\Program Files\ccs\tools\compiler\ti-cgt-armllvm_2.1.3.LTS\lib\armv6m-ti-none-eabi\c\</path>
         <kind>archive</kind>
         <file>libc.a</file>
         <name>_lock.c.obj</name>
      </input_file>
      <input_file id="fl-2b">
         <path>C:\Program Files\ccs\tools\compiler\ti-cgt-armllvm_2.1.3.LTS\lib\armv6m-ti-none-eabi\c\</path>
         <kind>archive</kind>
         <file>libc.a</file>
         <name>_ltoa.c.obj</name>
      </input_file>
      <input_file id="fl-2c">
         <path>C:\Program Files\ccs\tools\compiler\ti-cgt-armllvm_2.1.3.LTS\lib\armv6m-ti-none-eabi\c\</path>
         <kind>archive</kind>
         <file>libc.a</file>
         <name>args_main.c.obj</name>
      </input_file>
      <input_file id="fl-2d">
         <path>C:\Program Files\ccs\tools\compiler\ti-cgt-armllvm_2.1.3.LTS\lib\armv6m-ti-none-eabi\c\</path>
         <kind>archive</kind>
         <file>libc.a</file>
         <name>assert.c.obj</name>
      </input_file>
      <input_file id="fl-2e">
         <path>C:\Program Files\ccs\tools\compiler\ti-cgt-armllvm_2.1.3.LTS\lib\armv6m-ti-none-eabi\c\</path>
         <kind>archive</kind>
         <file>libc.a</file>
         <name>atoi.c.obj</name>
      </input_file>
      <input_file id="fl-2f">
         <path>C:\Program Files\ccs\tools\compiler\ti-cgt-armllvm_2.1.3.LTS\lib\armv6m-ti-none-eabi\c\</path>
         <kind>archive</kind>
         <file>libc.a</file>
         <name>defs.c.obj</name>
      </input_file>
      <input_file id="fl-30">
         <path>C:\Program Files\ccs\tools\compiler\ti-cgt-armllvm_2.1.3.LTS\lib\armv6m-ti-none-eabi\c\</path>
         <kind>archive</kind>
         <file>libc.a</file>
         <name>memccpy.c.obj</name>
      </input_file>
      <input_file id="fl-31">
         <path>C:\Program Files\ccs\tools\compiler\ti-cgt-armllvm_2.1.3.LTS\lib\armv6m-ti-none-eabi\c\</path>
         <kind>archive</kind>
         <file>libc.a</file>
         <name>memory.c.obj</name>
      </input_file>
      <input_file id="fl-32">
         <path>C:\Program Files\ccs\tools\compiler\ti-cgt-armllvm_2.1.3.LTS\lib\armv6m-ti-none-eabi\c\</path>
         <kind>archive</kind>
         <file>libc.a</file>
         <name>autoinit.c.obj</name>
      </input_file>
      <input_file id="fl-33">
         <path>C:\Program Files\ccs\tools\compiler\ti-cgt-armllvm_2.1.3.LTS\lib\armv6m-ti-none-eabi\c\</path>
         <kind>archive</kind>
         <file>libc.a</file>
         <name>pre_init.c.obj</name>
      </input_file>
      <input_file id="fl-34">
         <path>C:\Program Files\ccs\tools\compiler\ti-cgt-armllvm_2.1.3.LTS\lib\armv6m-ti-none-eabi\c\</path>
         <kind>archive</kind>
         <file>libc.a</file>
         <name>cpy_tbl.c.obj</name>
      </input_file>
      <input_file id="fl-35">
         <path>C:\Program Files\ccs\tools\compiler\ti-cgt-armllvm_2.1.3.LTS\lib\armv6m-ti-none-eabi\c\</path>
         <kind>archive</kind>
         <file>libc.a</file>
         <name>wcslen.c.obj</name>
      </input_file>
      <input_file id="fl-36">
         <path>C:\Program Files\ccs\tools\compiler\ti-cgt-armllvm_2.1.3.LTS\lib\armv6m-ti-none-eabi\c\</path>
         <kind>archive</kind>
         <file>libc.a</file>
         <name>fflush.c.obj</name>
      </input_file>
      <input_file id="fl-37">
         <path>C:\Program Files\ccs\tools\compiler\ti-cgt-armllvm_2.1.3.LTS\lib\armv6m-ti-none-eabi\c\</path>
         <kind>archive</kind>
         <file>libc.a</file>
         <name>fputs.c.obj</name>
      </input_file>
      <input_file id="fl-38">
         <path>C:\Program Files\ccs\tools\compiler\ti-cgt-armllvm_2.1.3.LTS\lib\armv6m-ti-none-eabi\c\</path>
         <kind>archive</kind>
         <file>libc.a</file>
         <name>_io_perm.c.obj</name>
      </input_file>
      <input_file id="fl-39">
         <path>C:\Program Files\ccs\tools\compiler\ti-cgt-armllvm_2.1.3.LTS\lib\armv6m-ti-none-eabi\c\</path>
         <kind>archive</kind>
         <file>libc.a</file>
         <name>setvbuf.c.obj</name>
      </input_file>
      <input_file id="fl-3a">
         <path>C:\Program Files\ccs\tools\compiler\ti-cgt-armllvm_2.1.3.LTS\lib\armv6m-ti-none-eabi\c\</path>
         <kind>archive</kind>
         <file>libc.a</file>
         <name>aeabi_ctype.S.obj</name>
      </input_file>
      <input_file id="fl-3b">
         <path>C:\Program Files\ccs\tools\compiler\ti-cgt-armllvm_2.1.3.LTS\lib\armv6m-ti-none-eabi\c\</path>
         <kind>archive</kind>
         <file>libc.a</file>
         <name>fopen.c.obj</name>
      </input_file>
      <input_file id="fl-3c">
         <path>C:\Program Files\ccs\tools\compiler\ti-cgt-armllvm_2.1.3.LTS\lib\armv6m-ti-none-eabi\c\</path>
         <kind>archive</kind>
         <file>libc.a</file>
         <name>fseek.c.obj</name>
      </input_file>
      <input_file id="fl-3d">
         <path>C:\Program Files\ccs\tools\compiler\ti-cgt-armllvm_2.1.3.LTS\lib\armv6m-ti-none-eabi\c\</path>
         <kind>archive</kind>
         <file>libc.a</file>
         <name>fclose.c.obj</name>
      </input_file>
      <input_file id="fl-76">
         <path>C:\Program Files\ccs\tools\compiler\ti-cgt-armllvm_2.1.3.LTS\lib\armv6m-ti-none-eabi\c\</path>
         <kind>archive</kind>
         <file>libsysbm.a</file>
         <name>write.c.obj</name>
      </input_file>
      <input_file id="fl-77">
         <path>C:\Program Files\ccs\tools\compiler\ti-cgt-armllvm_2.1.3.LTS\lib\armv6m-ti-none-eabi\c\</path>
         <kind>archive</kind>
         <file>libsysbm.a</file>
         <name>host_device.c.obj</name>
      </input_file>
      <input_file id="fl-78">
         <path>C:\Program Files\ccs\tools\compiler\ti-cgt-armllvm_2.1.3.LTS\lib\armv6m-ti-none-eabi\c\</path>
         <kind>archive</kind>
         <file>libsysbm.a</file>
         <name>remove.c.obj</name>
      </input_file>
      <input_file id="fl-79">
         <path>C:\Program Files\ccs\tools\compiler\ti-cgt-armllvm_2.1.3.LTS\lib\armv6m-ti-none-eabi\c\</path>
         <kind>archive</kind>
         <file>libsysbm.a</file>
         <name>open.c.obj</name>
      </input_file>
      <input_file id="fl-7a">
         <path>C:\Program Files\ccs\tools\compiler\ti-cgt-armllvm_2.1.3.LTS\lib\armv6m-ti-none-eabi\c\</path>
         <kind>archive</kind>
         <file>libsysbm.a</file>
         <name>lseek.c.obj</name>
      </input_file>
      <input_file id="fl-7b">
         <path>C:\Program Files\ccs\tools\compiler\ti-cgt-armllvm_2.1.3.LTS\lib\armv6m-ti-none-eabi\c\</path>
         <kind>archive</kind>
         <file>libsysbm.a</file>
         <name>close.c.obj</name>
      </input_file>
      <input_file id="fl-7c">
         <path>C:\Program Files\ccs\tools\compiler\ti-cgt-armllvm_2.1.3.LTS\lib\armv6m-ti-none-eabi\c\</path>
         <kind>archive</kind>
         <file>libsysbm.a</file>
         <name>unlink.c.obj</name>
      </input_file>
      <input_file id="fl-7d">
         <path>C:\Program Files\ccs\tools\compiler\ti-cgt-armllvm_2.1.3.LTS\lib\armv6m-ti-none-eabi\c\</path>
         <kind>archive</kind>
         <file>libsysbm.a</file>
         <name>hostclose.c.obj</name>
      </input_file>
      <input_file id="fl-7e">
         <path>C:\Program Files\ccs\tools\compiler\ti-cgt-armllvm_2.1.3.LTS\lib\armv6m-ti-none-eabi\c\</path>
         <kind>archive</kind>
         <file>libsysbm.a</file>
         <name>hostlseek.c.obj</name>
      </input_file>
      <input_file id="fl-7f">
         <path>C:\Program Files\ccs\tools\compiler\ti-cgt-armllvm_2.1.3.LTS\lib\armv6m-ti-none-eabi\c\</path>
         <kind>archive</kind>
         <file>libsysbm.a</file>
         <name>hostopen.c.obj</name>
      </input_file>
      <input_file id="fl-80">
         <path>C:\Program Files\ccs\tools\compiler\ti-cgt-armllvm_2.1.3.LTS\lib\armv6m-ti-none-eabi\c\</path>
         <kind>archive</kind>
         <file>libsysbm.a</file>
         <name>hostread.c.obj</name>
      </input_file>
      <input_file id="fl-81">
         <path>C:\Program Files\ccs\tools\compiler\ti-cgt-armllvm_2.1.3.LTS\lib\armv6m-ti-none-eabi\c\</path>
         <kind>archive</kind>
         <file>libsysbm.a</file>
         <name>hostrename.c.obj</name>
      </input_file>
      <input_file id="fl-82">
         <path>C:\Program Files\ccs\tools\compiler\ti-cgt-armllvm_2.1.3.LTS\lib\armv6m-ti-none-eabi\c\</path>
         <kind>archive</kind>
         <file>libsysbm.a</file>
         <name>hostunlink.c.obj</name>
      </input_file>
      <input_file id="fl-83">
         <path>C:\Program Files\ccs\tools\compiler\ti-cgt-armllvm_2.1.3.LTS\lib\armv6m-ti-none-eabi\c\</path>
         <kind>archive</kind>
         <file>libsysbm.a</file>
         <name>hostwrite.c.obj</name>
      </input_file>
      <input_file id="fl-84">
         <path>C:\Program Files\ccs\tools\compiler\ti-cgt-armllvm_2.1.3.LTS\lib\armv6m-ti-none-eabi\c\</path>
         <kind>archive</kind>
         <file>libsysbm.a</file>
         <name>trgmsg.c.obj</name>
      </input_file>
      <input_file id="fl-85">
         <path>C:\Program Files\ccs\tools\compiler\ti-cgt-armllvm_2.1.3.LTS\lib\clang\14.0.6\lib\armv6m-ti-none-eabi\</path>
         <kind>archive</kind>
         <file>libclang_rt.builtins.a</file>
         <name>addsf3.S.obj</name>
      </input_file>
      <input_file id="fl-86">
         <path>C:\Program Files\ccs\tools\compiler\ti-cgt-armllvm_2.1.3.LTS\lib\clang\14.0.6\lib\armv6m-ti-none-eabi\</path>
         <kind>archive</kind>
         <file>libclang_rt.builtins.a</file>
         <name>adddf3.S.obj</name>
      </input_file>
      <input_file id="fl-87">
         <path>C:\Program Files\ccs\tools\compiler\ti-cgt-armllvm_2.1.3.LTS\lib\clang\14.0.6\lib\armv6m-ti-none-eabi\</path>
         <kind>archive</kind>
         <file>libclang_rt.builtins.a</file>
         <name>muldf3.S.obj</name>
      </input_file>
      <input_file id="fl-88">
         <path>C:\Program Files\ccs\tools\compiler\ti-cgt-armllvm_2.1.3.LTS\lib\clang\14.0.6\lib\armv6m-ti-none-eabi\</path>
         <kind>archive</kind>
         <file>libclang_rt.builtins.a</file>
         <name>muldsi3.S.obj</name>
      </input_file>
      <input_file id="fl-89">
         <path>C:\Program Files\ccs\tools\compiler\ti-cgt-armllvm_2.1.3.LTS\lib\clang\14.0.6\lib\armv6m-ti-none-eabi\</path>
         <kind>archive</kind>
         <file>libclang_rt.builtins.a</file>
         <name>mulsf3.S.obj</name>
      </input_file>
      <input_file id="fl-8a">
         <path>C:\Program Files\ccs\tools\compiler\ti-cgt-armllvm_2.1.3.LTS\lib\clang\14.0.6\lib\armv6m-ti-none-eabi\</path>
         <kind>archive</kind>
         <file>libclang_rt.builtins.a</file>
         <name>divsf3.S.obj</name>
      </input_file>
      <input_file id="fl-8b">
         <path>C:\Program Files\ccs\tools\compiler\ti-cgt-armllvm_2.1.3.LTS\lib\clang\14.0.6\lib\armv6m-ti-none-eabi\</path>
         <kind>archive</kind>
         <file>libclang_rt.builtins.a</file>
         <name>divdf3.S.obj</name>
      </input_file>
      <input_file id="fl-8c">
         <path>C:\Program Files\ccs\tools\compiler\ti-cgt-armllvm_2.1.3.LTS\lib\clang\14.0.6\lib\armv6m-ti-none-eabi\</path>
         <kind>archive</kind>
         <file>libclang_rt.builtins.a</file>
         <name>extendsfdf2.S.obj</name>
      </input_file>
      <input_file id="fl-8d">
         <path>C:\Program Files\ccs\tools\compiler\ti-cgt-armllvm_2.1.3.LTS\lib\clang\14.0.6\lib\armv6m-ti-none-eabi\</path>
         <kind>archive</kind>
         <file>libclang_rt.builtins.a</file>
         <name>fixdfsi.S.obj</name>
      </input_file>
      <input_file id="fl-8e">
         <path>C:\Program Files\ccs\tools\compiler\ti-cgt-armllvm_2.1.3.LTS\lib\clang\14.0.6\lib\armv6m-ti-none-eabi\</path>
         <kind>archive</kind>
         <file>libclang_rt.builtins.a</file>
         <name>fixsfsi.S.obj</name>
      </input_file>
      <input_file id="fl-8f">
         <path>C:\Program Files\ccs\tools\compiler\ti-cgt-armllvm_2.1.3.LTS\lib\clang\14.0.6\lib\armv6m-ti-none-eabi\</path>
         <kind>archive</kind>
         <file>libclang_rt.builtins.a</file>
         <name>floatsidf.S.obj</name>
      </input_file>
      <input_file id="fl-90">
         <path>C:\Program Files\ccs\tools\compiler\ti-cgt-armllvm_2.1.3.LTS\lib\clang\14.0.6\lib\armv6m-ti-none-eabi\</path>
         <kind>archive</kind>
         <file>libclang_rt.builtins.a</file>
         <name>floatunsidf.S.obj</name>
      </input_file>
      <input_file id="fl-91">
         <path>C:\Program Files\ccs\tools\compiler\ti-cgt-armllvm_2.1.3.LTS\lib\clang\14.0.6\lib\armv6m-ti-none-eabi\</path>
         <kind>archive</kind>
         <file>libclang_rt.builtins.a</file>
         <name>muldi3.S.obj</name>
      </input_file>
      <input_file id="fl-92">
         <path>C:\Program Files\ccs\tools\compiler\ti-cgt-armllvm_2.1.3.LTS\lib\clang\14.0.6\lib\armv6m-ti-none-eabi\</path>
         <kind>archive</kind>
         <file>libclang_rt.builtins.a</file>
         <name>truncdfsf2.S.obj</name>
      </input_file>
      <input_file id="fl-93">
         <path>C:\Program Files\ccs\tools\compiler\ti-cgt-armllvm_2.1.3.LTS\lib\clang\14.0.6\lib\armv6m-ti-none-eabi\</path>
         <kind>archive</kind>
         <file>libclang_rt.builtins.a</file>
         <name>aeabi_dcmp.S.obj</name>
      </input_file>
      <input_file id="fl-94">
         <path>C:\Program Files\ccs\tools\compiler\ti-cgt-armllvm_2.1.3.LTS\lib\clang\14.0.6\lib\armv6m-ti-none-eabi\</path>
         <kind>archive</kind>
         <file>libclang_rt.builtins.a</file>
         <name>aeabi_idivmod.S.obj</name>
      </input_file>
      <input_file id="fl-95">
         <path>C:\Program Files\ccs\tools\compiler\ti-cgt-armllvm_2.1.3.LTS\lib\clang\14.0.6\lib\armv6m-ti-none-eabi\</path>
         <kind>archive</kind>
         <file>libclang_rt.builtins.a</file>
         <name>aeabi_memcpy.S.obj</name>
      </input_file>
      <input_file id="fl-96">
         <path>C:\Program Files\ccs\tools\compiler\ti-cgt-armllvm_2.1.3.LTS\lib\clang\14.0.6\lib\armv6m-ti-none-eabi\</path>
         <kind>archive</kind>
         <file>libclang_rt.builtins.a</file>
         <name>aeabi_memset.S.obj</name>
      </input_file>
      <input_file id="fl-97">
         <path>C:\Program Files\ccs\tools\compiler\ti-cgt-armllvm_2.1.3.LTS\lib\clang\14.0.6\lib\armv6m-ti-none-eabi\</path>
         <kind>archive</kind>
         <file>libclang_rt.builtins.a</file>
         <name>aeabi_uidivmod.S.obj</name>
      </input_file>
      <input_file id="fl-98">
         <path>C:\Program Files\ccs\tools\compiler\ti-cgt-armllvm_2.1.3.LTS\lib\clang\14.0.6\lib\armv6m-ti-none-eabi\</path>
         <kind>archive</kind>
         <file>libclang_rt.builtins.a</file>
         <name>aeabi_uldivmod.S.obj</name>
      </input_file>
      <input_file id="fl-99">
         <path>C:\Program Files\ccs\tools\compiler\ti-cgt-armllvm_2.1.3.LTS\lib\clang\14.0.6\lib\armv6m-ti-none-eabi\</path>
         <kind>archive</kind>
         <file>libclang_rt.builtins.a</file>
         <name>udivmoddi4.S.obj</name>
      </input_file>
      <input_file id="fl-9a">
         <path>C:\Program Files\ccs\tools\compiler\ti-cgt-armllvm_2.1.3.LTS\lib\clang\14.0.6\lib\armv6m-ti-none-eabi\</path>
         <kind>archive</kind>
         <file>libclang_rt.builtins.a</file>
         <name>ashldi3.S.obj</name>
      </input_file>
      <input_file id="fl-9b">
         <path>C:\Program Files\ccs\tools\compiler\ti-cgt-armllvm_2.1.3.LTS\lib\clang\14.0.6\lib\armv6m-ti-none-eabi\</path>
         <kind>archive</kind>
         <file>libclang_rt.builtins.a</file>
         <name>comparedf2.c.obj</name>
      </input_file>
      <input_file id="fl-9c">
         <path>C:\Program Files\ccs\tools\compiler\ti-cgt-armllvm_2.1.3.LTS\lib\clang\14.0.6\lib\armv6m-ti-none-eabi\</path>
         <kind>archive</kind>
         <file>libclang_rt.builtins.a</file>
         <name>aeabi_div0.c.obj</name>
      </input_file>
      <input_file id="fl-9d">
         <path>C:\Program Files\ccs\tools\compiler\ti-cgt-armllvm_2.1.3.LTS\lib\armv6m-ti-none-eabi\c\</path>
         <kind>archive</kind>
         <file>libc.a</file>
         <name>getdevice.c.obj</name>
      </input_file>
      <input_file id="fl-9e">
         <path>C:\Program Files\ccs\tools\compiler\ti-cgt-armllvm_2.1.3.LTS\lib\armv6m-ti-none-eabi\c\</path>
         <kind>archive</kind>
         <file>libc.a</file>
         <name>memcpy16.S.obj</name>
      </input_file>
      <input_file id="fl-9f">
         <path>C:\Program Files\ccs\tools\compiler\ti-cgt-armllvm_2.1.3.LTS\lib\armv6m-ti-none-eabi\c\</path>
         <kind>archive</kind>
         <file>libc.a</file>
         <name>memset16.S.obj</name>
      </input_file>
   </input_file_list>
   <object_component_list>
      <object_component id="oc-18">
         <name>.intvecs</name>
         <load_address>0x0</load_address>
         <run_address>0x0</run_address>
         <size>0xc0</size>
         <input_file_ref idref="fl-3"/>
      </object_component>
      <object_component id="oc-164">
         <name>.text:__TI_printfi</name>
         <load_address>0xc0</load_address>
         <run_address>0xc0</run_address>
         <size>0xa18</size>
         <input_file_ref idref="fl-25"/>
      </object_component>
      <object_component id="oc-186">
         <name>.text._pconv_a</name>
         <load_address>0xad8</load_address>
         <run_address>0xad8</run_address>
         <size>0x210</size>
         <input_file_ref idref="fl-25"/>
      </object_component>
      <object_component id="oc-189">
         <name>.text._pconv_g</name>
         <load_address>0xce8</load_address>
         <run_address>0xce8</run_address>
         <size>0x1d8</size>
         <input_file_ref idref="fl-25"/>
      </object_component>
      <object_component id="oc-d4">
         <name>.text</name>
         <load_address>0xec0</load_address>
         <run_address>0xec0</run_address>
         <size>0x192</size>
         <input_file_ref idref="fl-86"/>
      </object_component>
      <object_component id="oc-a7">
         <name>.text.SYSCFG_DL_GPIO_init</name>
         <load_address>0x1052</load_address>
         <run_address>0x1052</run_address>
         <size>0x2</size>
         <input_file_ref idref="fl-2"/>
      </object_component>
      <object_component id="oc-1b6">
         <name>.text.fcvt</name>
         <load_address>0x1054</load_address>
         <run_address>0x1054</run_address>
         <size>0x138</size>
         <input_file_ref idref="fl-25"/>
      </object_component>
      <object_component id="oc-bd">
         <name>.text.DL_Timer_initCaptureMode</name>
         <load_address>0x118c</load_address>
         <run_address>0x118c</run_address>
         <size>0x130</size>
         <input_file_ref idref="fl-12"/>
      </object_component>
      <object_component id="oc-85">
         <name>.text.process_data</name>
         <load_address>0x12bc</load_address>
         <run_address>0x12bc</run_address>
         <size>0x130</size>
         <input_file_ref idref="fl-1"/>
      </object_component>
      <object_component id="oc-187">
         <name>.text._pconv_e</name>
         <load_address>0x13ec</load_address>
         <run_address>0x13ec</run_address>
         <size>0x11c</size>
         <input_file_ref idref="fl-25"/>
      </object_component>
      <object_component id="oc-b3">
         <name>.text.DL_Timer_initPWMMode</name>
         <load_address>0x1508</load_address>
         <run_address>0x1508</run_address>
         <size>0x110</size>
         <input_file_ref idref="fl-12"/>
      </object_component>
      <object_component id="oc-cc">
         <name>.text</name>
         <load_address>0x1618</load_address>
         <run_address>0x1618</run_address>
         <size>0x10c</size>
         <input_file_ref idref="fl-8b"/>
      </object_component>
      <object_component id="oc-d8">
         <name>.text</name>
         <load_address>0x1724</load_address>
         <run_address>0x1724</run_address>
         <size>0xe4</size>
         <input_file_ref idref="fl-87"/>
      </object_component>
      <object_component id="oc-1a8">
         <name>.text.scalbn</name>
         <load_address>0x1808</load_address>
         <run_address>0x1808</run_address>
         <size>0xd8</size>
         <input_file_ref idref="fl-27"/>
      </object_component>
      <object_component id="oc-f1">
         <name>.text</name>
         <load_address>0x18e0</load_address>
         <run_address>0x18e0</run_address>
         <size>0xd8</size>
         <input_file_ref idref="fl-85"/>
      </object_component>
      <object_component id="oc-82">
         <name>.text.UART_init</name>
         <load_address>0x19b8</load_address>
         <run_address>0x19b8</run_address>
         <size>0xd0</size>
         <input_file_ref idref="fl-1"/>
      </object_component>
      <object_component id="oc-83">
         <name>.text.check_switches</name>
         <load_address>0x1a88</load_address>
         <run_address>0x1a88</run_address>
         <size>0xcc</size>
         <input_file_ref idref="fl-1"/>
      </object_component>
      <object_component id="oc-80">
         <name>.text.TimerG_PWM_init</name>
         <load_address>0x1b54</load_address>
         <run_address>0x1b54</run_address>
         <size>0xac</size>
         <input_file_ref idref="fl-1"/>
      </object_component>
      <object_component id="oc-19f">
         <name>.text</name>
         <load_address>0x1c00</load_address>
         <run_address>0x1c00</run_address>
         <size>0xa2</size>
         <input_file_ref idref="fl-99"/>
      </object_component>
      <object_component id="oc-18d">
         <name>.text.__aeabi_idiv0</name>
         <load_address>0x1ca2</load_address>
         <run_address>0x1ca2</run_address>
         <size>0x2</size>
         <input_file_ref idref="fl-9c"/>
      </object_component>
      <object_component id="oc-7f">
         <name>.text.GPIO_init</name>
         <load_address>0x1ca4</load_address>
         <run_address>0x1ca4</run_address>
         <size>0x9c</size>
         <input_file_ref idref="fl-1"/>
      </object_component>
      <object_component id="oc-124">
         <name>.text.DL_Timer_getInChanConfig</name>
         <load_address>0x1d40</load_address>
         <run_address>0x1d40</run_address>
         <size>0x96</size>
         <input_file_ref idref="fl-12"/>
      </object_component>
      <object_component id="oc-1ba">
         <name>.text.__aeabi_ldiv0</name>
         <load_address>0x1dd6</load_address>
         <run_address>0x1dd6</run_address>
         <size>0x2</size>
         <input_file_ref idref="fl-9c"/>
      </object_component>
      <object_component id="oc-f5">
         <name>.text</name>
         <load_address>0x1dd8</load_address>
         <run_address>0x1dd8</run_address>
         <size>0x8c</size>
         <input_file_ref idref="fl-89"/>
      </object_component>
      <object_component id="oc-f9">
         <name>.text</name>
         <load_address>0x1e64</load_address>
         <run_address>0x1e64</run_address>
         <size>0x82</size>
         <input_file_ref idref="fl-8a"/>
      </object_component>
      <object_component id="oc-1b5">
         <name>.text.OUTLINED_FUNCTION_1</name>
         <load_address>0x1ee6</load_address>
         <run_address>0x1ee6</run_address>
         <size>0xa</size>
         <input_file_ref idref="fl-25"/>
      </object_component>
      <object_component id="oc-ed">
         <name>.text</name>
         <load_address>0x1ef0</load_address>
         <run_address>0x1ef0</run_address>
         <size>0x74</size>
         <input_file_ref idref="fl-92"/>
      </object_component>
      <object_component id="oc-13f">
         <name>.text.__gedf2</name>
         <load_address>0x1f64</load_address>
         <run_address>0x1f64</run_address>
         <size>0x70</size>
         <input_file_ref idref="fl-9b"/>
      </object_component>
      <object_component id="oc-139">
         <name>.text.__ledf2</name>
         <load_address>0x1fd4</load_address>
         <run_address>0x1fd4</run_address>
         <size>0x70</size>
         <input_file_ref idref="fl-9b"/>
      </object_component>
      <object_component id="oc-1c">
         <name>.text:decompress:lzss</name>
         <load_address>0x2044</load_address>
         <run_address>0x2044</run_address>
         <size>0x68</size>
         <input_file_ref idref="fl-22"/>
      </object_component>
      <object_component id="oc-1b4">
         <name>.text._mcpy</name>
         <load_address>0x20ac</load_address>
         <run_address>0x20ac</run_address>
         <size>0x66</size>
         <input_file_ref idref="fl-25"/>
      </object_component>
      <object_component id="oc-105">
         <name>.text</name>
         <load_address>0x2114</load_address>
         <run_address>0x2114</run_address>
         <size>0x62</size>
         <input_file_ref idref="fl-93"/>
      </object_component>
      <object_component id="oc-1a4">
         <name>.text.frexp</name>
         <load_address>0x2178</load_address>
         <run_address>0x2178</run_address>
         <size>0x5c</size>
         <input_file_ref idref="fl-26"/>
      </object_component>
      <object_component id="oc-81">
         <name>.text.TimerG6_CC_init</name>
         <load_address>0x21d4</load_address>
         <run_address>0x21d4</run_address>
         <size>0x58</size>
         <input_file_ref idref="fl-1"/>
      </object_component>
      <object_component id="oc-1ac">
         <name>.text.__TI_ltoa</name>
         <load_address>0x222c</load_address>
         <run_address>0x222c</run_address>
         <size>0x58</size>
         <input_file_ref idref="fl-2b"/>
      </object_component>
      <object_component id="oc-188">
         <name>.text._pconv_f</name>
         <load_address>0x2284</load_address>
         <run_address>0x2284</run_address>
         <size>0x58</size>
         <input_file_ref idref="fl-25"/>
      </object_component>
      <object_component id="oc-109">
         <name>.text.print_data</name>
         <load_address>0x22dc</load_address>
         <run_address>0x22dc</run_address>
         <size>0x58</size>
         <input_file_ref idref="fl-1"/>
      </object_component>
      <object_component id="oc-1c6">
         <name>.text</name>
         <load_address>0x2334</load_address>
         <run_address>0x2334</run_address>
         <size>0x56</size>
         <input_file_ref idref="fl-94"/>
      </object_component>
      <object_component id="oc-1b2">
         <name>.text._ecpy</name>
         <load_address>0x238a</load_address>
         <run_address>0x238a</run_address>
         <size>0x50</size>
         <input_file_ref idref="fl-25"/>
      </object_component>
      <object_component id="oc-c6">
         <name>.text.DL_UART_init</name>
         <load_address>0x23dc</load_address>
         <run_address>0x23dc</run_address>
         <size>0x4c</size>
         <input_file_ref idref="fl-13"/>
      </object_component>
      <object_component id="oc-dc">
         <name>.text.DL_UART_setBaudRateDivisor</name>
         <load_address>0x2428</load_address>
         <run_address>0x2428</run_address>
         <size>0x4c</size>
         <input_file_ref idref="fl-1"/>
      </object_component>
      <object_component id="oc-d0">
         <name>.text</name>
         <load_address>0x2474</load_address>
         <run_address>0x2474</run_address>
         <size>0x4a</size>
         <input_file_ref idref="fl-8d"/>
      </object_component>
      <object_component id="oc-2b">
         <name>.text.TIMG6_IRQHandler</name>
         <load_address>0x24c0</load_address>
         <run_address>0x24c0</run_address>
         <size>0x48</size>
         <input_file_ref idref="fl-1"/>
      </object_component>
      <object_component id="oc-171">
         <name>.text.atoi</name>
         <load_address>0x2508</load_address>
         <run_address>0x2508</run_address>
         <size>0x44</size>
         <input_file_ref idref="fl-2e"/>
      </object_component>
      <object_component id="oc-65">
         <name>.text.main</name>
         <load_address>0x254c</load_address>
         <run_address>0x254c</run_address>
         <size>0x44</size>
         <input_file_ref idref="fl-1"/>
      </object_component>
      <object_component id="oc-84">
         <name>.text.operate_motor</name>
         <load_address>0x2590</load_address>
         <run_address>0x2590</run_address>
         <size>0x44</size>
         <input_file_ref idref="fl-1"/>
      </object_component>
      <object_component id="oc-b4">
         <name>.text.DL_Timer_setCaptureCompareOutCtl</name>
         <load_address>0x25d4</load_address>
         <run_address>0x25d4</run_address>
         <size>0x40</size>
         <input_file_ref idref="fl-12"/>
      </object_component>
      <object_component id="oc-16b">
         <name>.text</name>
         <load_address>0x2614</load_address>
         <run_address>0x2614</run_address>
         <size>0x40</size>
         <input_file_ref idref="fl-97"/>
      </object_component>
      <object_component id="oc-101">
         <name>.text</name>
         <load_address>0x2654</load_address>
         <run_address>0x2654</run_address>
         <size>0x40</size>
         <input_file_ref idref="fl-8c"/>
      </object_component>
      <object_component id="oc-121">
         <name>.text.DL_Timer_setCaptureCompareCtl</name>
         <load_address>0x2694</load_address>
         <run_address>0x2694</run_address>
         <size>0x3c</size>
         <input_file_ref idref="fl-12"/>
      </object_component>
      <object_component id="oc-8d">
         <name>.text:__TI_auto_init_nobinit_nopinit</name>
         <load_address>0x26d0</load_address>
         <run_address>0x26d0</run_address>
         <size>0x3c</size>
         <input_file_ref idref="fl-32"/>
      </object_component>
      <object_component id="oc-12d">
         <name>.text</name>
         <load_address>0x270c</load_address>
         <run_address>0x270c</run_address>
         <size>0x3a</size>
         <input_file_ref idref="fl-88"/>
      </object_component>
      <object_component id="oc-141">
         <name>.text.sprintf</name>
         <load_address>0x2748</load_address>
         <run_address>0x2748</run_address>
         <size>0x38</size>
         <input_file_ref idref="fl-1f"/>
      </object_component>
      <object_component id="oc-fd">
         <name>.text</name>
         <load_address>0x2780</load_address>
         <run_address>0x2780</run_address>
         <size>0x38</size>
         <input_file_ref idref="fl-8e"/>
      </object_component>
      <object_component id="oc-af">
         <name>.text.DL_GPIO_initDigitalInputFeatures</name>
         <load_address>0x27b8</load_address>
         <run_address>0x27b8</run_address>
         <size>0x34</size>
         <input_file_ref idref="fl-1"/>
      </object_component>
      <object_component id="oc-11f">
         <name>.text.DL_Timer_setCaptureCompareAction</name>
         <load_address>0x27ec</load_address>
         <run_address>0x27ec</run_address>
         <size>0x34</size>
         <input_file_ref idref="fl-12"/>
      </object_component>
      <object_component id="oc-122">
         <name>.text.DL_Timer_setCaptureCompareInput</name>
         <load_address>0x2820</load_address>
         <run_address>0x2820</run_address>
         <size>0x34</size>
         <input_file_ref idref="fl-12"/>
      </object_component>
      <object_component id="oc-b2">
         <name>.text.DL_Timer_setClockConfig</name>
         <load_address>0x2854</load_address>
         <run_address>0x2854</run_address>
         <size>0x34</size>
         <input_file_ref idref="fl-12"/>
      </object_component>
      <object_component id="oc-a6">
         <name>.text.SYSCFG_DL_initPower</name>
         <load_address>0x2888</load_address>
         <run_address>0x2888</run_address>
         <size>0x34</size>
         <input_file_ref idref="fl-2"/>
      </object_component>
      <object_component id="oc-ec">
         <name>.text.__NVIC_DisableIRQ</name>
         <load_address>0x28bc</load_address>
         <run_address>0x28bc</run_address>
         <size>0x34</size>
         <input_file_ref idref="fl-1"/>
      </object_component>
      <object_component id="oc-1b3">
         <name>.text._fcpy</name>
         <load_address>0x28f0</load_address>
         <run_address>0x28f0</run_address>
         <size>0x30</size>
         <input_file_ref idref="fl-25"/>
      </object_component>
      <object_component id="oc-b5">
         <name>.text.DL_Timer_setCaptureCompareValue</name>
         <load_address>0x2920</load_address>
         <run_address>0x2920</run_address>
         <size>0x2c</size>
         <input_file_ref idref="fl-12"/>
      </object_component>
      <object_component id="oc-bf">
         <name>.text.__NVIC_ClearPendingIRQ</name>
         <load_address>0x294c</load_address>
         <run_address>0x294c</run_address>
         <size>0x2c</size>
         <input_file_ref idref="fl-1"/>
      </object_component>
      <object_component id="oc-c0">
         <name>.text.__NVIC_EnableIRQ</name>
         <load_address>0x2978</load_address>
         <run_address>0x2978</run_address>
         <size>0x2c</size>
         <input_file_ref idref="fl-1"/>
      </object_component>
      <object_component id="oc-c8">
         <name>.text</name>
         <load_address>0x29a4</load_address>
         <run_address>0x29a4</run_address>
         <size>0x2c</size>
         <input_file_ref idref="fl-8f"/>
      </object_component>
      <object_component id="oc-128">
         <name>.text.DL_Common_updateReg</name>
         <load_address>0x29d0</load_address>
         <run_address>0x29d0</run_address>
         <size>0x28</size>
         <input_file_ref idref="fl-1"/>
      </object_component>
      <object_component id="oc-123">
         <name>.text.DL_Common_updateReg</name>
         <load_address>0x29f8</load_address>
         <run_address>0x29f8</run_address>
         <size>0x28</size>
         <input_file_ref idref="fl-12"/>
      </object_component>
      <object_component id="oc-127">
         <name>.text.DL_Common_updateReg</name>
         <load_address>0x2a20</load_address>
         <run_address>0x2a20</run_address>
         <size>0x28</size>
         <input_file_ref idref="fl-13"/>
      </object_component>
      <object_component id="oc-152">
         <name>.text.DL_Common_updateReg</name>
         <load_address>0x2a48</load_address>
         <run_address>0x2a48</run_address>
         <size>0x28</size>
         <input_file_ref idref="fl-2"/>
      </object_component>
      <object_component id="oc-52">
         <name>.text.DL_Timer_getCaptureCompareValue</name>
         <load_address>0x2a70</load_address>
         <run_address>0x2a70</run_address>
         <size>0x28</size>
         <input_file_ref idref="fl-12"/>
      </object_component>
      <object_component id="oc-147">
         <name>.text.DL_UART_transmitDataBlocking</name>
         <load_address>0x2a98</load_address>
         <run_address>0x2a98</run_address>
         <size>0x28</size>
         <input_file_ref idref="fl-13"/>
      </object_component>
      <object_component id="oc-4b">
         <name>.text:_c_int00_noargs</name>
         <load_address>0x2ac0</load_address>
         <run_address>0x2ac0</run_address>
         <size>0x28</size>
         <input_file_ref idref="fl-23"/>
      </object_component>
      <object_component id="oc-c5">
         <name>.text.DL_UART_setClockConfig</name>
         <load_address>0x2ae8</load_address>
         <run_address>0x2ae8</run_address>
         <size>0x24</size>
         <input_file_ref idref="fl-13"/>
      </object_component>
      <object_component id="oc-166">
         <name>.text.memccpy</name>
         <load_address>0x2b0c</load_address>
         <run_address>0x2b0c</run_address>
         <size>0x24</size>
         <input_file_ref idref="fl-30"/>
      </object_component>
      <object_component id="oc-e2">
         <name>.text</name>
         <load_address>0x2b30</load_address>
         <run_address>0x2b30</run_address>
         <size>0x24</size>
         <input_file_ref idref="fl-90"/>
      </object_component>
      <object_component id="oc-17e">
         <name>.text</name>
         <load_address>0x2b54</load_address>
         <run_address>0x2b54</run_address>
         <size>0x24</size>
         <input_file_ref idref="fl-91"/>
      </object_component>
      <object_component id="oc-a8">
         <name>.text.SYSCFG_DL_SYSCTL_init</name>
         <load_address>0x2b78</load_address>
         <run_address>0x2b78</run_address>
         <size>0x22</size>
         <input_file_ref idref="fl-2"/>
      </object_component>
      <object_component id="oc-bc">
         <name>.text.DL_GPIO_initPeripheralInputFunction</name>
         <load_address>0x2b9c</load_address>
         <run_address>0x2b9c</run_address>
         <size>0x20</size>
         <input_file_ref idref="fl-1"/>
      </object_component>
      <object_component id="oc-120">
         <name>.text.DL_Timer_setCounterValueAfterEnable</name>
         <load_address>0x2bbc</load_address>
         <run_address>0x2bbc</run_address>
         <size>0x20</size>
         <input_file_ref idref="fl-12"/>
      </object_component>
      <object_component id="oc-c7">
         <name>.text.DL_UART_setOversampling</name>
         <load_address>0x2bdc</load_address>
         <run_address>0x2bdc</run_address>
         <size>0x1e</size>
         <input_file_ref idref="fl-1"/>
      </object_component>
      <object_component id="oc-1bb">
         <name>.text</name>
         <load_address>0x2bfc</load_address>
         <run_address>0x2bfc</run_address>
         <size>0x1e</size>
         <input_file_ref idref="fl-9a"/>
      </object_component>
      <object_component id="oc-b0">
         <name>.text.DL_GPIO_initPeripheralOutputFunction</name>
         <load_address>0x2c1c</load_address>
         <run_address>0x2c1c</run_address>
         <size>0x1c</size>
         <input_file_ref idref="fl-1"/>
      </object_component>
      <object_component id="oc-11d">
         <name>.text.DL_SYSCTL_setMCLKDivider</name>
         <load_address>0x2c38</load_address>
         <run_address>0x2c38</run_address>
         <size>0x1c</size>
         <input_file_ref idref="fl-2"/>
      </object_component>
      <object_component id="oc-11b">
         <name>.text.DL_SYSCTL_setSYSOSCFreq</name>
         <load_address>0x2c54</load_address>
         <run_address>0x2c54</run_address>
         <size>0x1c</size>
         <input_file_ref idref="fl-2"/>
      </object_component>
      <object_component id="oc-11c">
         <name>.text.DL_SYSCTL_setULPCLKDivider</name>
         <load_address>0x2c70</load_address>
         <run_address>0x2c70</run_address>
         <size>0x1c</size>
         <input_file_ref idref="fl-2"/>
      </object_component>
      <object_component id="oc-eb">
         <name>.text.DL_Timer_disableInterrupt</name>
         <load_address>0x2c8c</load_address>
         <run_address>0x2c8c</run_address>
         <size>0x1c</size>
         <input_file_ref idref="fl-1"/>
      </object_component>
      <object_component id="oc-be">
         <name>.text.DL_Timer_enableInterrupt</name>
         <load_address>0x2ca8</load_address>
         <run_address>0x2ca8</run_address>
         <size>0x1c</size>
         <input_file_ref idref="fl-1"/>
      </object_component>
      <object_component id="oc-5d">
         <name>.text</name>
         <load_address>0x2cc4</load_address>
         <run_address>0x2cc4</run_address>
         <size>0x1c</size>
         <input_file_ref idref="fl-96"/>
      </object_component>
      <object_component id="oc-ae">
         <name>.text.DL_GPIO_enableOutput</name>
         <load_address>0x2ce0</load_address>
         <run_address>0x2ce0</run_address>
         <size>0x18</size>
         <input_file_ref idref="fl-1"/>
      </object_component>
      <object_component id="oc-119">
         <name>.text.DL_GPIO_enablePower</name>
         <load_address>0x2cf8</load_address>
         <run_address>0x2cf8</run_address>
         <size>0x18</size>
         <input_file_ref idref="fl-2"/>
      </object_component>
      <object_component id="oc-ab">
         <name>.text.DL_GPIO_initDigitalOutput</name>
         <load_address>0x2d10</load_address>
         <run_address>0x2d10</run_address>
         <size>0x18</size>
         <input_file_ref idref="fl-1"/>
      </object_component>
      <object_component id="oc-118">
         <name>.text.DL_GPIO_reset</name>
         <load_address>0x2d28</load_address>
         <run_address>0x2d28</run_address>
         <size>0x18</size>
         <input_file_ref idref="fl-2"/>
      </object_component>
      <object_component id="oc-ac">
         <name>.text.DL_GPIO_setPins</name>
         <load_address>0x2d40</load_address>
         <run_address>0x2d40</run_address>
         <size>0x18</size>
         <input_file_ref idref="fl-1"/>
      </object_component>
      <object_component id="oc-e6">
         <name>.text.DL_GPIO_togglePins</name>
         <load_address>0x2d58</load_address>
         <run_address>0x2d58</run_address>
         <size>0x18</size>
         <input_file_ref idref="fl-1"/>
      </object_component>
      <object_component id="oc-11a">
         <name>.text.DL_SYSCTL_setBORThreshold</name>
         <load_address>0x2d70</load_address>
         <run_address>0x2d70</run_address>
         <size>0x18</size>
         <input_file_ref idref="fl-2"/>
      </object_component>
      <object_component id="oc-b1">
         <name>.text.DL_Timer_enablePower</name>
         <load_address>0x2d88</load_address>
         <run_address>0x2d88</run_address>
         <size>0x18</size>
         <input_file_ref idref="fl-1"/>
      </object_component>
      <object_component id="oc-11e">
         <name>.text.DL_Timer_setLoadValue</name>
         <load_address>0x2da0</load_address>
         <run_address>0x2da0</run_address>
         <size>0x18</size>
         <input_file_ref idref="fl-12"/>
      </object_component>
      <object_component id="oc-b8">
         <name>.text.DL_Timer_startCounter</name>
         <load_address>0x2db8</load_address>
         <run_address>0x2db8</run_address>
         <size>0x18</size>
         <input_file_ref idref="fl-1"/>
      </object_component>
      <object_component id="oc-c4">
         <name>.text.DL_UART_enablePower</name>
         <load_address>0x2dd0</load_address>
         <run_address>0x2dd0</run_address>
         <size>0x18</size>
         <input_file_ref idref="fl-1"/>
      </object_component>
      <object_component id="oc-15b">
         <name>.text.DL_UART_isTXFIFOFull</name>
         <load_address>0x2de8</load_address>
         <run_address>0x2de8</run_address>
         <size>0x18</size>
         <input_file_ref idref="fl-13"/>
      </object_component>
      <object_component id="oc-c3">
         <name>.text.DL_UART_reset</name>
         <load_address>0x2e00</load_address>
         <run_address>0x2e00</run_address>
         <size>0x18</size>
         <input_file_ref idref="fl-1"/>
      </object_component>
      <object_component id="oc-157">
         <name>.text._outs</name>
         <load_address>0x2e18</load_address>
         <run_address>0x2e18</run_address>
         <size>0x18</size>
         <input_file_ref idref="fl-1f"/>
      </object_component>
      <object_component id="oc-e0">
         <name>.text.DL_GPIO_readPins</name>
         <load_address>0x2e30</load_address>
         <run_address>0x2e30</run_address>
         <size>0x16</size>
         <input_file_ref idref="fl-1"/>
      </object_component>
      <object_component id="oc-126">
         <name>.text.DL_UART_disable</name>
         <load_address>0x2e46</load_address>
         <run_address>0x2e46</run_address>
         <size>0x16</size>
         <input_file_ref idref="fl-13"/>
      </object_component>
      <object_component id="oc-dd">
         <name>.text.DL_UART_enable</name>
         <load_address>0x2e5c</load_address>
         <run_address>0x2e5c</run_address>
         <size>0x16</size>
         <input_file_ref idref="fl-1"/>
      </object_component>
      <object_component id="oc-15c">
         <name>.text.DL_UART_transmitData</name>
         <load_address>0x2e72</load_address>
         <run_address>0x2e72</run_address>
         <size>0x16</size>
         <input_file_ref idref="fl-13"/>
      </object_component>
      <object_component id="oc-e1">
         <name>.text.DL_Common_delayCycles</name>
         <load_address>0x2e88</load_address>
         <run_address>0x2e88</run_address>
         <size>0x14</size>
         <input_file_ref idref="fl-11"/>
      </object_component>
      <object_component id="oc-ad">
         <name>.text.DL_GPIO_clearPins</name>
         <load_address>0x2e9c</load_address>
         <run_address>0x2e9c</run_address>
         <size>0x14</size>
         <input_file_ref idref="fl-1"/>
      </object_component>
      <object_component id="oc-b6">
         <name>.text.DL_Timer_enableClock</name>
         <load_address>0x2eb0</load_address>
         <run_address>0x2eb0</run_address>
         <size>0x14</size>
         <input_file_ref idref="fl-1"/>
      </object_component>
      <object_component id="oc-b7">
         <name>.text.DL_Timer_setCCPDirection</name>
         <load_address>0x2ec4</load_address>
         <run_address>0x2ec4</run_address>
         <size>0x14</size>
         <input_file_ref idref="fl-1"/>
      </object_component>
      <object_component id="oc-125">
         <name>.text.DL_Timer_setCCPDirection</name>
         <load_address>0x2ed8</load_address>
         <run_address>0x2ed8</run_address>
         <size>0x14</size>
         <input_file_ref idref="fl-12"/>
      </object_component>
      <object_component id="oc-1b1">
         <name>.text.strchr</name>
         <load_address>0x2eec</load_address>
         <run_address>0x2eec</run_address>
         <size>0x14</size>
         <input_file_ref idref="fl-25"/>
      </object_component>
      <object_component id="oc-182">
         <name>.text</name>
         <load_address>0x2f00</load_address>
         <run_address>0x2f00</run_address>
         <size>0x14</size>
         <input_file_ref idref="fl-98"/>
      </object_component>
      <object_component id="oc-70">
         <name>.text:TI_memcpy_small</name>
         <load_address>0x2f14</load_address>
         <run_address>0x2f14</run_address>
         <size>0x12</size>
         <input_file_ref idref="fl-9e"/>
      </object_component>
      <object_component id="oc-20">
         <name>.text:decompress:none</name>
         <load_address>0x2f26</load_address>
         <run_address>0x2f26</run_address>
         <size>0x12</size>
         <input_file_ref idref="fl-21"/>
      </object_component>
      <object_component id="oc-7a">
         <name>.text.SYSCFG_DL_init</name>
         <load_address>0x2f38</load_address>
         <run_address>0x2f38</run_address>
         <size>0x10</size>
         <input_file_ref idref="fl-2"/>
      </object_component>
      <object_component id="oc-175">
         <name>.text.wcslen</name>
         <load_address>0x2f48</load_address>
         <run_address>0x2f48</run_address>
         <size>0x10</size>
         <input_file_ref idref="fl-35"/>
      </object_component>
      <object_component id="oc-165">
         <name>.text.strlen</name>
         <load_address>0x2f58</load_address>
         <run_address>0x2f58</run_address>
         <size>0xe</size>
         <input_file_ref idref="fl-25"/>
      </object_component>
      <object_component id="oc-a0">
         <name>.text:TI_memset_small</name>
         <load_address>0x2f66</load_address>
         <run_address>0x2f66</run_address>
         <size>0xe</size>
         <input_file_ref idref="fl-9f"/>
      </object_component>
      <object_component id="oc-1b0">
         <name>.text.OUTLINED_FUNCTION_0</name>
         <load_address>0x2f74</load_address>
         <run_address>0x2f74</run_address>
         <size>0xa</size>
         <input_file_ref idref="fl-25"/>
      </object_component>
      <object_component id="oc-20f">
         <name>.tramp.__aeabi_dsub.1</name>
         <load_address>0x2f80</load_address>
         <run_address>0x2f80</run_address>
         <size>0x10</size>
         <input_file_ref idref="fl-86"/>
      </object_component>
      <object_component id="oc-158">
         <name>.text._outc</name>
         <load_address>0x2f90</load_address>
         <run_address>0x2f90</run_address>
         <size>0xa</size>
         <input_file_ref idref="fl-1f"/>
      </object_component>
      <object_component id="oc-179">
         <name>.text.__aeabi_errno_addr</name>
         <load_address>0x2f9c</load_address>
         <run_address>0x2f9c</run_address>
         <size>0x8</size>
         <input_file_ref idref="fl-28"/>
      </object_component>
      <object_component id="oc-3b">
         <name>.text</name>
         <load_address>0x2fa4</load_address>
         <run_address>0x2fa4</run_address>
         <size>0x8</size>
         <input_file_ref idref="fl-95"/>
      </object_component>
      <object_component id="oc-2a">
         <name>.text.Default_Handler</name>
         <load_address>0x2fac</load_address>
         <run_address>0x2fac</run_address>
         <size>0x4</size>
         <input_file_ref idref="fl-3"/>
      </object_component>
      <object_component id="oc-26">
         <name>.text.Reset_Handler</name>
         <load_address>0x2fb0</load_address>
         <run_address>0x2fb0</run_address>
         <size>0x4</size>
         <input_file_ref idref="fl-3"/>
      </object_component>
      <object_component id="oc-61">
         <name>.text._system_pre_init</name>
         <load_address>0x2fb4</load_address>
         <run_address>0x2fb4</run_address>
         <size>0x4</size>
         <input_file_ref idref="fl-33"/>
      </object_component>
      <object_component id="oc-86">
         <name>.text:abort</name>
         <load_address>0x2fb8</load_address>
         <run_address>0x2fb8</run_address>
         <size>0x4</size>
         <input_file_ref idref="fl-29"/>
      </object_component>
      <object_component id="oc-20c">
         <name>.cinit..data.load</name>
         <load_address>0x30f0</load_address>
         <run_address>0x30f0</run_address>
         <size>0x2d</size>
      </object_component>
      <object_component id="oc-20a">
         <name>__TI_handler_table</name>
         <load_address>0x3120</load_address>
         <run_address>0x3120</run_address>
         <size>0x8</size>
      </object_component>
      <object_component id="oc-20b">
         <name>__TI_cinit_table</name>
         <load_address>0x3128</load_address>
         <run_address>0x3128</run_address>
         <size>0x8</size>
      </object_component>
      <object_component id="oc-193">
         <name>.rodata</name>
         <load_address>0x2fc0</load_address>
         <run_address>0x2fc0</run_address>
         <size>0x101</size>
         <input_file_ref idref="fl-3a"/>
      </object_component>
      <object_component id="oc-16a">
         <name>.rodata.str1.1</name>
         <load_address>0x30c1</load_address>
         <run_address>0x30c1</run_address>
         <size>0x22</size>
         <input_file_ref idref="fl-25"/>
      </object_component>
      <object_component id="oc-148">
         <name>.rodata.str1.1</name>
         <load_address>0x30e3</load_address>
         <run_address>0x30e3</run_address>
         <size>0xc</size>
         <input_file_ref idref="fl-1"/>
      </object_component>
      <object_component id="oc-1d5">
         <name>.binit</name>
         <load_address>0x0</load_address>
         <run_address>0x0</run_address>
         <size>0x0</size>
      </object_component>
      <object_component id="oc-c1">
         <name>.data.gCAPTURE_0ClockConfig</name>
         <load_address>0x20202744</load_address>
         <run_address>0x20202744</run_address>
         <size>0x3</size>
         <input_file_ref idref="fl-1"/>
      </object_component>
      <object_component id="oc-c2">
         <name>.data.gCAPTURE_0CaptureConfig</name>
         <load_address>0x20202710</load_address>
         <run_address>0x20202710</run_address>
         <size>0x10</size>
         <input_file_ref idref="fl-1"/>
      </object_component>
      <object_component id="oc-b9">
         <name>.data.gPWM_0ClockConfig</name>
         <load_address>0x20202747</load_address>
         <run_address>0x20202747</run_address>
         <size>0x3</size>
         <input_file_ref idref="fl-1"/>
      </object_component>
      <object_component id="oc-ba">
         <name>.data.gPWM_0Config</name>
         <load_address>0x2020272c</load_address>
         <run_address>0x2020272c</run_address>
         <size>0x8</size>
         <input_file_ref idref="fl-1"/>
      </object_component>
      <object_component id="oc-de">
         <name>.data.gUART_0ClockConfig</name>
         <load_address>0x2020274c</load_address>
         <run_address>0x2020274c</run_address>
         <size>0x2</size>
         <input_file_ref idref="fl-1"/>
      </object_component>
      <object_component id="oc-df">
         <name>.data.gUART_0Config</name>
         <load_address>0x20202720</load_address>
         <run_address>0x20202720</run_address>
         <size>0xa</size>
         <input_file_ref idref="fl-1"/>
      </object_component>
      <object_component id="oc-e7">
         <name>.data.S1_pressed</name>
         <load_address>0x2020274e</load_address>
         <run_address>0x2020274e</run_address>
         <size>0x1</size>
         <input_file_ref idref="fl-1"/>
      </object_component>
      <object_component id="oc-e9">
         <name>.data.S2_pressed</name>
         <load_address>0x2020274f</load_address>
         <run_address>0x2020274f</run_address>
         <size>0x1</size>
         <input_file_ref idref="fl-1"/>
      </object_component>
      <object_component id="oc-ea">
         <name>.data.motor_mode</name>
         <load_address>0x20202751</load_address>
         <run_address>0x20202751</run_address>
         <size>0x1</size>
         <input_file_ref idref="fl-1"/>
      </object_component>
      <object_component id="oc-bb">
         <name>.data.gPWM_period</name>
         <load_address>0x20202740</load_address>
         <run_address>0x20202740</run_address>
         <size>0x4</size>
         <input_file_ref idref="fl-1"/>
      </object_component>
      <object_component id="oc-e8">
         <name>.data.duty_cycle</name>
         <load_address>0x20202738</load_address>
         <run_address>0x20202738</run_address>
         <size>0x4</size>
         <input_file_ref idref="fl-1"/>
      </object_component>
      <object_component id="oc-56">
         <name>.data.data</name>
         <load_address>0x20200000</load_address>
         <run_address>0x20200000</run_address>
         <size>0x2710</size>
         <input_file_ref idref="fl-1"/>
      </object_component>
      <object_component id="oc-54">
         <name>.data.data_size</name>
         <load_address>0x2020274a</load_address>
         <run_address>0x2020274a</run_address>
         <size>0x2</size>
         <input_file_ref idref="fl-1"/>
      </object_component>
      <object_component id="oc-53">
         <name>.data.count</name>
         <load_address>0x2020272a</load_address>
         <run_address>0x2020272a</run_address>
         <size>0x2</size>
         <input_file_ref idref="fl-1"/>
      </object_component>
      <object_component id="oc-55">
         <name>.data.data_ready</name>
         <load_address>0x20202750</load_address>
         <run_address>0x20202750</run_address>
         <size>0x1</size>
         <input_file_ref idref="fl-1"/>
      </object_component>
      <object_component id="oc-10a">
         <name>.data.gCC_period</name>
         <load_address>0x2020273c</load_address>
         <run_address>0x2020273c</run_address>
         <size>0x4</size>
         <input_file_ref idref="fl-1"/>
      </object_component>
      <object_component id="oc-19a">
         <name>.data.__aeabi_errno</name>
         <load_address>0x20202734</load_address>
         <run_address>0x20202734</run_address>
         <size>0x4</size>
         <input_file_ref idref="fl-28"/>
      </object_component>
      <object_component id="oc-1a">
         <name>.stack</name>
         <uninitialized>true</uninitialized>
         <run_address>0x20207e00</run_address>
         <size>0x4</size>
         <input_file_ref idref="fl-23"/>
      </object_component>
      <object_component id="oc-20e">
         <name>.stack</name>
         <uninitialized>true</uninitialized>
         <run_address>0x20207e00</run_address>
         <size>0x0</size>
      </object_component>
      <object_component id="oc-57">
         <name>.debug_abbrev</name>
         <load_address>0x0</load_address>
         <run_address>0x0</run_address>
         <size>0x218</size>
         <input_file_ref idref="fl-1"/>
      </object_component>
      <object_component id="oc-a9">
         <name>.debug_abbrev</name>
         <load_address>0x218</load_address>
         <run_address>0x218</run_address>
         <size>0x18a</size>
         <input_file_ref idref="fl-2"/>
      </object_component>
      <object_component id="oc-30">
         <name>.debug_abbrev</name>
         <load_address>0x3a2</load_address>
         <run_address>0x3a2</run_address>
         <size>0x6d</size>
         <input_file_ref idref="fl-3"/>
      </object_component>
      <object_component id="oc-159">
         <name>.debug_abbrev</name>
         <load_address>0x40f</load_address>
         <run_address>0x40f</run_address>
         <size>0xe1</size>
         <input_file_ref idref="fl-1f"/>
      </object_component>
      <object_component id="oc-3f">
         <name>.debug_abbrev</name>
         <load_address>0x4f0</load_address>
         <run_address>0x4f0</run_address>
         <size>0x70</size>
         <input_file_ref idref="fl-21"/>
      </object_component>
      <object_component id="oc-37">
         <name>.debug_abbrev</name>
         <load_address>0x560</load_address>
         <run_address>0x560</run_address>
         <size>0x9c</size>
         <input_file_ref idref="fl-22"/>
      </object_component>
      <object_component id="oc-32">
         <name>.debug_abbrev</name>
         <load_address>0x5fc</load_address>
         <run_address>0x5fc</run_address>
         <size>0xaf</size>
         <input_file_ref idref="fl-23"/>
      </object_component>
      <object_component id="oc-16f">
         <name>.debug_abbrev</name>
         <load_address>0x6ab</load_address>
         <run_address>0x6ab</run_address>
         <size>0x2a7</size>
         <input_file_ref idref="fl-25"/>
      </object_component>
      <object_component id="oc-1c0">
         <name>.debug_abbrev</name>
         <load_address>0x952</load_address>
         <run_address>0x952</run_address>
         <size>0x81</size>
         <input_file_ref idref="fl-26"/>
      </object_component>
      <object_component id="oc-1c3">
         <name>.debug_abbrev</name>
         <load_address>0x9d3</load_address>
         <run_address>0x9d3</run_address>
         <size>0x88</size>
         <input_file_ref idref="fl-27"/>
      </object_component>
      <object_component id="oc-19b">
         <name>.debug_abbrev</name>
         <load_address>0xa5b</load_address>
         <run_address>0xa5b</run_address>
         <size>0x102</size>
         <input_file_ref idref="fl-28"/>
      </object_component>
      <object_component id="oc-10b">
         <name>.debug_abbrev</name>
         <load_address>0xb5d</load_address>
         <run_address>0xb5d</run_address>
         <size>0xb3</size>
         <input_file_ref idref="fl-29"/>
      </object_component>
      <object_component id="oc-1ca">
         <name>.debug_abbrev</name>
         <load_address>0xc10</load_address>
         <run_address>0xc10</run_address>
         <size>0x95</size>
         <input_file_ref idref="fl-2b"/>
      </object_component>
      <object_component id="oc-194">
         <name>.debug_abbrev</name>
         <load_address>0xca5</load_address>
         <run_address>0xca5</run_address>
         <size>0x72</size>
         <input_file_ref idref="fl-2e"/>
      </object_component>
      <object_component id="oc-18a">
         <name>.debug_abbrev</name>
         <load_address>0xd17</load_address>
         <run_address>0xd17</run_address>
         <size>0x8b</size>
         <input_file_ref idref="fl-30"/>
      </object_component>
      <object_component id="oc-111">
         <name>.debug_abbrev</name>
         <load_address>0xda2</load_address>
         <run_address>0xda2</run_address>
         <size>0x186</size>
         <input_file_ref idref="fl-32"/>
      </object_component>
      <object_component id="oc-78">
         <name>.debug_abbrev</name>
         <load_address>0xf28</load_address>
         <run_address>0xf28</run_address>
         <size>0x39</size>
         <input_file_ref idref="fl-33"/>
      </object_component>
      <object_component id="oc-197">
         <name>.debug_abbrev</name>
         <load_address>0xf61</load_address>
         <run_address>0xf61</run_address>
         <size>0x72</size>
         <input_file_ref idref="fl-35"/>
      </object_component>
      <object_component id="oc-134">
         <name>.debug_abbrev</name>
         <load_address>0xfd3</load_address>
         <run_address>0xfd3</run_address>
         <size>0x27</size>
         <input_file_ref idref="fl-85"/>
      </object_component>
      <object_component id="oc-12c">
         <name>.debug_abbrev</name>
         <load_address>0xffa</load_address>
         <run_address>0xffa</run_address>
         <size>0x27</size>
         <input_file_ref idref="fl-86"/>
      </object_component>
      <object_component id="oc-131">
         <name>.debug_abbrev</name>
         <load_address>0x1021</load_address>
         <run_address>0x1021</run_address>
         <size>0x27</size>
         <input_file_ref idref="fl-87"/>
      </object_component>
      <object_component id="oc-153">
         <name>.debug_abbrev</name>
         <load_address>0x1048</load_address>
         <run_address>0x1048</run_address>
         <size>0x27</size>
         <input_file_ref idref="fl-88"/>
      </object_component>
      <object_component id="oc-135">
         <name>.debug_abbrev</name>
         <load_address>0x106f</load_address>
         <run_address>0x106f</run_address>
         <size>0x27</size>
         <input_file_ref idref="fl-89"/>
      </object_component>
      <object_component id="oc-136">
         <name>.debug_abbrev</name>
         <load_address>0x1096</load_address>
         <run_address>0x1096</run_address>
         <size>0x27</size>
         <input_file_ref idref="fl-8a"/>
      </object_component>
      <object_component id="oc-12a">
         <name>.debug_abbrev</name>
         <load_address>0x10bd</load_address>
         <run_address>0x10bd</run_address>
         <size>0x27</size>
         <input_file_ref idref="fl-8b"/>
      </object_component>
      <object_component id="oc-138">
         <name>.debug_abbrev</name>
         <load_address>0x10e4</load_address>
         <run_address>0x10e4</run_address>
         <size>0x27</size>
         <input_file_ref idref="fl-8c"/>
      </object_component>
      <object_component id="oc-12b">
         <name>.debug_abbrev</name>
         <load_address>0x110b</load_address>
         <run_address>0x110b</run_address>
         <size>0x27</size>
         <input_file_ref idref="fl-8d"/>
      </object_component>
      <object_component id="oc-137">
         <name>.debug_abbrev</name>
         <load_address>0x1132</load_address>
         <run_address>0x1132</run_address>
         <size>0x27</size>
         <input_file_ref idref="fl-8e"/>
      </object_component>
      <object_component id="oc-129">
         <name>.debug_abbrev</name>
         <load_address>0x1159</load_address>
         <run_address>0x1159</run_address>
         <size>0x27</size>
         <input_file_ref idref="fl-8f"/>
      </object_component>
      <object_component id="oc-132">
         <name>.debug_abbrev</name>
         <load_address>0x1180</load_address>
         <run_address>0x1180</run_address>
         <size>0x27</size>
         <input_file_ref idref="fl-90"/>
      </object_component>
      <object_component id="oc-19e">
         <name>.debug_abbrev</name>
         <load_address>0x11a7</load_address>
         <run_address>0x11a7</run_address>
         <size>0x27</size>
         <input_file_ref idref="fl-91"/>
      </object_component>
      <object_component id="oc-133">
         <name>.debug_abbrev</name>
         <load_address>0x11ce</load_address>
         <run_address>0x11ce</run_address>
         <size>0x27</size>
         <input_file_ref idref="fl-92"/>
      </object_component>
      <object_component id="oc-140">
         <name>.debug_abbrev</name>
         <load_address>0x11f5</load_address>
         <run_address>0x11f5</run_address>
         <size>0x27</size>
         <input_file_ref idref="fl-93"/>
      </object_component>
      <object_component id="oc-1ce">
         <name>.debug_abbrev</name>
         <load_address>0x121c</load_address>
         <run_address>0x121c</run_address>
         <size>0x27</size>
         <input_file_ref idref="fl-94"/>
      </object_component>
      <object_component id="oc-5a">
         <name>.debug_abbrev</name>
         <load_address>0x1243</load_address>
         <run_address>0x1243</run_address>
         <size>0x27</size>
         <input_file_ref idref="fl-95"/>
      </object_component>
      <object_component id="oc-77">
         <name>.debug_abbrev</name>
         <load_address>0x126a</load_address>
         <run_address>0x126a</run_address>
         <size>0x27</size>
         <input_file_ref idref="fl-96"/>
      </object_component>
      <object_component id="oc-192">
         <name>.debug_abbrev</name>
         <load_address>0x1291</load_address>
         <run_address>0x1291</run_address>
         <size>0x27</size>
         <input_file_ref idref="fl-97"/>
      </object_component>
      <object_component id="oc-1a3">
         <name>.debug_abbrev</name>
         <load_address>0x12b8</load_address>
         <run_address>0x12b8</run_address>
         <size>0x27</size>
         <input_file_ref idref="fl-98"/>
      </object_component>
      <object_component id="oc-1bf">
         <name>.debug_abbrev</name>
         <load_address>0x12df</load_address>
         <run_address>0x12df</run_address>
         <size>0x27</size>
         <input_file_ref idref="fl-99"/>
      </object_component>
      <object_component id="oc-1cd">
         <name>.debug_abbrev</name>
         <load_address>0x1306</load_address>
         <run_address>0x1306</run_address>
         <size>0x27</size>
         <input_file_ref idref="fl-9a"/>
      </object_component>
      <object_component id="oc-154">
         <name>.debug_abbrev</name>
         <load_address>0x132d</load_address>
         <run_address>0x132d</run_address>
         <size>0xb7</size>
         <input_file_ref idref="fl-9b"/>
      </object_component>
      <object_component id="oc-1b7">
         <name>.debug_abbrev</name>
         <load_address>0x13e4</load_address>
         <run_address>0x13e4</run_address>
         <size>0x59</size>
         <input_file_ref idref="fl-9c"/>
      </object_component>
      <object_component id="oc-9f">
         <name>.debug_abbrev</name>
         <load_address>0x143d</load_address>
         <run_address>0x143d</run_address>
         <size>0x25</size>
         <input_file_ref idref="fl-9e"/>
      </object_component>
      <object_component id="oc-117">
         <name>.debug_abbrev</name>
         <load_address>0x1462</load_address>
         <run_address>0x1462</run_address>
         <size>0x25</size>
         <input_file_ref idref="fl-9f"/>
      </object_component>
      <object_component id="oc-211">
         <name>.debug_abbrev</name>
         <load_address>0x1487</load_address>
         <run_address>0x1487</run_address>
         <size>0x23</size>
      </object_component>
      <object_component id="oc-2c">
         <name>.debug_info</name>
         <load_address>0x0</load_address>
         <run_address>0x0</run_address>
         <size>0x253f</size>
         <input_file_ref idref="fl-1"/>
      </object_component>
      <object_component id="oc-7b">
         <name>.debug_info</name>
         <load_address>0x253f</load_address>
         <run_address>0x253f</run_address>
         <size>0x1d59</size>
         <input_file_ref idref="fl-2"/>
      </object_component>
      <object_component id="oc-19">
         <name>.debug_info</name>
         <load_address>0x4298</load_address>
         <run_address>0x4298</run_address>
         <size>0x80</size>
         <input_file_ref idref="fl-3"/>
      </object_component>
      <object_component id="oc-144">
         <name>.debug_info</name>
         <load_address>0x4318</load_address>
         <run_address>0x4318</run_address>
         <size>0x165</size>
         <input_file_ref idref="fl-1f"/>
      </object_component>
      <object_component id="oc-21">
         <name>.debug_info</name>
         <load_address>0x447d</load_address>
         <run_address>0x447d</run_address>
         <size>0xc6</size>
         <input_file_ref idref="fl-21"/>
      </object_component>
      <object_component id="oc-1d">
         <name>.debug_info</name>
         <load_address>0x4543</load_address>
         <run_address>0x4543</run_address>
         <size>0x17a</size>
         <input_file_ref idref="fl-22"/>
      </object_component>
      <object_component id="oc-1b">
         <name>.debug_info</name>
         <load_address>0x46bd</load_address>
         <run_address>0x46bd</run_address>
         <size>0x423</size>
         <input_file_ref idref="fl-23"/>
      </object_component>
      <object_component id="oc-15f">
         <name>.debug_info</name>
         <load_address>0x4ae0</load_address>
         <run_address>0x4ae0</run_address>
         <size>0x1f14</size>
         <input_file_ref idref="fl-25"/>
      </object_component>
      <object_component id="oc-1a6">
         <name>.debug_info</name>
         <load_address>0x69f4</load_address>
         <run_address>0x69f4</run_address>
         <size>0xf1</size>
         <input_file_ref idref="fl-26"/>
      </object_component>
      <object_component id="oc-1a9">
         <name>.debug_info</name>
         <load_address>0x6ae5</load_address>
         <run_address>0x6ae5</run_address>
         <size>0x128</size>
         <input_file_ref idref="fl-27"/>
      </object_component>
      <object_component id="oc-17c">
         <name>.debug_info</name>
         <load_address>0x6c0d</load_address>
         <run_address>0x6c0d</run_address>
         <size>0x2ce</size>
         <input_file_ref idref="fl-28"/>
      </object_component>
      <object_component id="oc-88">
         <name>.debug_info</name>
         <load_address>0x6edb</load_address>
         <run_address>0x6edb</run_address>
         <size>0xed</size>
         <input_file_ref idref="fl-29"/>
      </object_component>
      <object_component id="oc-1ad">
         <name>.debug_info</name>
         <load_address>0x6fc8</load_address>
         <run_address>0x6fc8</run_address>
         <size>0xc2</size>
         <input_file_ref idref="fl-2b"/>
      </object_component>
      <object_component id="oc-173">
         <name>.debug_info</name>
         <load_address>0x708a</load_address>
         <run_address>0x708a</run_address>
         <size>0x9e</size>
         <input_file_ref idref="fl-2e"/>
      </object_component>
      <object_component id="oc-167">
         <name>.debug_info</name>
         <load_address>0x7128</load_address>
         <run_address>0x7128</run_address>
         <size>0xce</size>
         <input_file_ref idref="fl-30"/>
      </object_component>
      <object_component id="oc-91">
         <name>.debug_info</name>
         <load_address>0x71f6</load_address>
         <run_address>0x71f6</run_address>
         <size>0x792</size>
         <input_file_ref idref="fl-32"/>
      </object_component>
      <object_component id="oc-62">
         <name>.debug_info</name>
         <load_address>0x7988</load_address>
         <run_address>0x7988</run_address>
         <size>0x46</size>
         <input_file_ref idref="fl-33"/>
      </object_component>
      <object_component id="oc-176">
         <name>.debug_info</name>
         <load_address>0x79ce</load_address>
         <run_address>0x79ce</run_address>
         <size>0x97</size>
         <input_file_ref idref="fl-35"/>
      </object_component>
      <object_component id="oc-f3">
         <name>.debug_info</name>
         <load_address>0x7a65</load_address>
         <run_address>0x7a65</run_address>
         <size>0x1af</size>
         <input_file_ref idref="fl-85"/>
      </object_component>
      <object_component id="oc-d7">
         <name>.debug_info</name>
         <load_address>0x7c14</load_address>
         <run_address>0x7c14</run_address>
         <size>0x1af</size>
         <input_file_ref idref="fl-86"/>
      </object_component>
      <object_component id="oc-da">
         <name>.debug_info</name>
         <load_address>0x7dc3</load_address>
[...]
      </symbol>
      <symbol id="sm-10d">
         <name>ADC0_IRQHandler</name>
         <value>0x2fad</value>
         <object_component_ref idref="oc-2a"/>
      </symbol>
      <symbol id="sm-10e">
         <name>ADC1_IRQHandler</name>
         <value>0x2fad</value>
         <object_component_ref idref="oc-2a"/>
      </symbol>
      <symbol id="sm-10f">
         <name>CANFD0_IRQHandler</name>
         <value>0x2fad</value>
         <object_component_ref idref="oc-2a"/>
      </symbol>
      <symbol id="sm-110">
         <name>DAC0_IRQHandler</name>
         <value>0x2fad</value>
         <object_component_ref idref="oc-2a"/>
      </symbol>
      <symbol id="sm-111">
         <name>SPI0_IRQHandler</name>
         <value>0x2fad</value>
         <object_component_ref idref="oc-2a"/>
      </symbol>
      <symbol id="sm-112">
         <name>SPI1_IRQHandler</name>
         <value>0x2fad</value>
         <object_component_ref idref="oc-2a"/>
      </symbol>
      <symbol id="sm-113">
         <name>UART1_IRQHandler</name>
         <value>0x2fad</value>
         <object_component_ref idref="oc-2a"/>
      </symbol>
      <symbol id="sm-114">
         <name>UART2_IRQHandler</name>
         <value>0x2fad</value>
         <object_component_ref idref="oc-2a"/>
      </symbol>
      <symbol id="sm-115">
         <name>UART0_IRQHandler</name>
         <value>0x2fad</value>
         <object_component_ref idref="oc-2a"/>
      </symbol>
      <symbol id="sm-116">
         <name>TIMG0_IRQHandler</name>
         <value>0x2fad</value>
         <object_component_ref idref="oc-2a"/>
      </symbol>
      <symbol id="sm-117">
         <name>TIMA0_IRQHandler</name>
         <value>0x2fad</value>
         <object_component_ref idref="oc-2a"/>
      </symbol>
      <symbol id="sm-118">
         <name>TIMA1_IRQHandler</name>
         <value>0x2fad</value>
         <object_component_ref idref="oc-2a"/>
      </symbol>
      <symbol id="sm-119">
         <name>TIMG7_IRQHandler</name>
         <value>0x2fad</value>
         <object_component_ref idref="oc-2a"/>
      </symbol>
      <symbol id="sm-11a">
         <name>TIMG12_IRQHandler</name>
         <value>0x2fad</value>
         <object_component_ref idref="oc-2a"/>
      </symbol>
      <symbol id="sm-11b">
         <name>I2C0_IRQHandler</name>
         <value>0x2fad</value>
         <object_component_ref idref="oc-2a"/>
      </symbol>
      <symbol id="sm-11c">
         <name>I2C1_IRQHandler</name>
         <value>0x2fad</value>
         <object_component_ref idref="oc-2a"/>
      </symbol>
      <symbol id="sm-11d">
         <name>AES_IRQHandler</name>
         <value>0x2fad</value>
         <object_component_ref idref="oc-2a"/>
      </symbol>
      <symbol id="sm-11e">
         <name>RTC_IRQHandler</name>
         <value>0x2fad</value>
         <object_component_ref idref="oc-2a"/>
      </symbol>
      <symbol id="sm-11f">
         <name>DMA_IRQHandler</name>
         <value>0x2fad</value>
         <object_component_ref idref="oc-2a"/>
      </symbol>
      <symbol id="sm-122">
         <name>DL_Common_delayCycles</name>
         <value>0x2e89</value>
         <object_component_ref idref="oc-e1"/>
      </symbol>
      <symbol id="sm-144">
         <name>DL_Timer_setClockConfig</name>
         <value>0x2855</value>
         <object_component_ref idref="oc-b2"/>
      </symbol>
      <symbol id="sm-145">
         <name>DL_Timer_setCaptureCompareValue</name>
         <value>0x2921</value>
         <object_component_ref idref="oc-b5"/>
      </symbol>
      <symbol id="sm-146">
         <name>DL_Timer_setCaptureCompareCtl</name>
         <value>0x2695</value>
         <object_component_ref idref="oc-121"/>
      </symbol>
      <symbol id="sm-147">
         <name>DL_Timer_initCaptureMode</name>
         <value>0x118d</value>
         <object_component_ref idref="oc-bd"/>
      </symbol>
      <symbol id="sm-148">
         <name>DL_Timer_setCaptureCompareInput</name>
         <value>0x2821</value>
         <object_component_ref idref="oc-122"/>
      </symbol>
      <symbol id="sm-149">
         <name>DL_Timer_initPWMMode</name>
         <value>0x1509</value>
         <object_component_ref idref="oc-b3"/>
      </symbol>
      <symbol id="sm-14a">
         <name>DL_Timer_setCaptureCompareAction</name>
         <value>0x27ed</value>
         <object_component_ref idref="oc-11f"/>
      </symbol>
      <symbol id="sm-14b">
         <name>DL_Timer_setCaptureCompareOutCtl</name>
         <value>0x25d5</value>
         <object_component_ref idref="oc-b4"/>
      </symbol>
      <symbol id="sm-14c">
         <name>DL_Timer_getCaptureCompareValue</name>
         <value>0x2a71</value>
         <object_component_ref idref="oc-52"/>
      </symbol>
      <symbol id="sm-15c">
         <name>DL_UART_init</name>
         <value>0x23dd</value>
         <object_component_ref idref="oc-c6"/>
      </symbol>
      <symbol id="sm-15d">
         <name>DL_UART_setClockConfig</name>
         <value>0x2ae9</value>
         <object_component_ref idref="oc-c5"/>
      </symbol>
      <symbol id="sm-15e">
         <name>DL_UART_transmitDataBlocking</name>
         <value>0x2a99</value>
         <object_component_ref idref="oc-147"/>
      </symbol>
      <symbol id="sm-16f">
         <name>sprintf</name>
         <value>0x2749</value>
         <object_component_ref idref="oc-141"/>
      </symbol>
      <symbol id="sm-179">
         <name>__TI_decompress_none</name>
         <value>0x2f27</value>
         <object_component_ref idref="oc-20"/>
      </symbol>
      <symbol id="sm-184">
         <name>__TI_decompress_lzss</name>
         <value>0x2045</value>
         <object_component_ref idref="oc-1c"/>
      </symbol>
      <symbol id="sm-18f">
         <name>_c_int00_noargs</name>
         <value>0x2ac1</value>
         <object_component_ref idref="oc-4b"/>
      </symbol>
      <symbol id="sm-190">
         <name>__stack</name>
         <value>0x20207e00</value>
         <object_component_ref idref="oc-1a"/>
      </symbol>
      <symbol id="sm-1d9">
         <name>__TI_printfi</name>
         <value>0xc1</value>
         <object_component_ref idref="oc-164"/>
      </symbol>
      <symbol id="sm-1e3">
         <name>frexp</name>
         <value>0x2179</value>
         <object_component_ref idref="oc-1a4"/>
      </symbol>
      <symbol id="sm-1e4">
         <name>frexpl</name>
         <value>0x2179</value>
         <object_component_ref idref="oc-1a4"/>
      </symbol>
      <symbol id="sm-1ee">
         <name>scalbn</name>
         <value>0x1809</value>
         <object_component_ref idref="oc-1a8"/>
      </symbol>
      <symbol id="sm-1ef">
         <name>ldexp</name>
         <value>0x1809</value>
         <object_component_ref idref="oc-1a8"/>
      </symbol>
      <symbol id="sm-1f0">
         <name>scalbnl</name>
         <value>0x1809</value>
         <object_component_ref idref="oc-1a8"/>
      </symbol>
      <symbol id="sm-1f1">
         <name>ldexpl</name>
         <value>0x1809</value>
         <object_component_ref idref="oc-1a8"/>
      </symbol>
      <symbol id="sm-1fc">
         <name>__aeabi_errno_addr</name>
         <value>0x2f9d</value>
         <object_component_ref idref="oc-179"/>
      </symbol>
      <symbol id="sm-1fd">
         <name>__aeabi_errno</name>
         <value>0x20202734</value>
         <object_component_ref idref="oc-19a"/>
      </symbol>
      <symbol id="sm-207">
         <name>abort</name>
         <value>0x2fb9</value>
         <object_component_ref idref="oc-86"/>
      </symbol>
      <symbol id="sm-208">
         <name>C$$EXIT</name>
         <value>0x2fb8</value>
         <object_component_ref idref="oc-86"/>
      </symbol>
      <symbol id="sm-212">
         <name>__TI_ltoa</name>
         <value>0x222d</value>
         <object_component_ref idref="oc-1ac"/>
      </symbol>
      <symbol id="sm-21e">
         <name>atoi</name>
         <value>0x2509</value>
         <object_component_ref idref="oc-171"/>
      </symbol>
      <symbol id="sm-228">
         <name>memccpy</name>
         <value>0x2b0d</value>
         <object_component_ref idref="oc-166"/>
      </symbol>
      <symbol id="sm-234">
         <name>__TI_auto_init_nobinit_nopinit</name>
         <value>0x26d1</value>
         <object_component_ref idref="oc-8d"/>
      </symbol>
      <symbol id="sm-23c">
         <name>_system_pre_init</name>
         <value>0x2fb5</value>
         <object_component_ref idref="oc-61"/>
      </symbol>
      <symbol id="sm-246">
         <name>wcslen</name>
         <value>0x2f49</value>
         <object_component_ref idref="oc-175"/>
      </symbol>
      <symbol id="sm-24b">
         <name>__aeabi_ctype_table_</name>
         <value>0x2fc0</value>
         <object_component_ref idref="oc-193"/>
      </symbol>
      <symbol id="sm-24c">
         <name>__aeabi_ctype_table_C</name>
         <value>0x2fc0</value>
         <object_component_ref idref="oc-193"/>
      </symbol>
      <symbol id="sm-264">
         <name>__aeabi_fadd</name>
         <value>0x18eb</value>
         <object_component_ref idref="oc-f1"/>
      </symbol>
      <symbol id="sm-265">
         <name>__addsf3</name>
         <value>0x18eb</value>
         <object_component_ref idref="oc-f1"/>
      </symbol>
      <symbol id="sm-266">
         <name>__aeabi_fsub</name>
         <value>0x18e1</value>
         <object_component_ref idref="oc-f1"/>
      </symbol>
      <symbol id="sm-267">
         <name>__subsf3</name>
         <value>0x18e1</value>
         <object_component_ref idref="oc-f1"/>
      </symbol>
      <symbol id="sm-26d">
         <name>__aeabi_dadd</name>
         <value>0xecb</value>
         <object_component_ref idref="oc-d4"/>
      </symbol>
      <symbol id="sm-26e">
         <name>__adddf3</name>
         <value>0xecb</value>
         <object_component_ref idref="oc-d4"/>
      </symbol>
      <symbol id="sm-26f">
         <name>__aeabi_dsub</name>
         <value>0xec1</value>
         <object_component_ref idref="oc-d4"/>
      </symbol>
      <symbol id="sm-270">
         <name>__subdf3</name>
         <value>0xec1</value>
         <object_component_ref idref="oc-d4"/>
      </symbol>
      <symbol id="sm-279">
         <name>__aeabi_dmul</name>
         <value>0x1725</value>
         <object_component_ref idref="oc-d8"/>
      </symbol>
      <symbol id="sm-27a">
         <name>__muldf3</name>
         <value>0x1725</value>
         <object_component_ref idref="oc-d8"/>
      </symbol>
      <symbol id="sm-280">
         <name>__muldsi3</name>
         <value>0x270d</value>
         <object_component_ref idref="oc-12d"/>
      </symbol>
      <symbol id="sm-286">
         <name>__aeabi_fmul</name>
         <value>0x1dd9</value>
         <object_component_ref idref="oc-f5"/>
      </symbol>
      <symbol id="sm-287">
         <name>__mulsf3</name>
         <value>0x1dd9</value>
         <object_component_ref idref="oc-f5"/>
      </symbol>
      <symbol id="sm-28d">
         <name>__aeabi_fdiv</name>
         <value>0x1e65</value>
         <object_component_ref idref="oc-f9"/>
      </symbol>
      <symbol id="sm-28e">
         <name>__divsf3</name>
         <value>0x1e65</value>
         <object_component_ref idref="oc-f9"/>
      </symbol>
      <symbol id="sm-294">
         <name>__aeabi_ddiv</name>
         <value>0x1619</value>
         <object_component_ref idref="oc-cc"/>
      </symbol>
      <symbol id="sm-295">
         <name>__divdf3</name>
         <value>0x1619</value>
         <object_component_ref idref="oc-cc"/>
      </symbol>
      <symbol id="sm-29b">
         <name>__aeabi_f2d</name>
         <value>0x2655</value>
         <object_component_ref idref="oc-101"/>
      </symbol>
      <symbol id="sm-29c">
         <name>__extendsfdf2</name>
         <value>0x2655</value>
         <object_component_ref idref="oc-101"/>
      </symbol>
      <symbol id="sm-2a2">
         <name>__aeabi_d2iz</name>
         <value>0x2475</value>
         <object_component_ref idref="oc-d0"/>
      </symbol>
      <symbol id="sm-2a3">
         <name>__fixdfsi</name>
         <value>0x2475</value>
         <object_component_ref idref="oc-d0"/>
      </symbol>
      <symbol id="sm-2a9">
         <name>__aeabi_f2iz</name>
         <value>0x2781</value>
         <object_component_ref idref="oc-fd"/>
      </symbol>
      <symbol id="sm-2aa">
         <name>__fixsfsi</name>
         <value>0x2781</value>
         <object_component_ref idref="oc-fd"/>
      </symbol>
      <symbol id="sm-2b0">
         <name>__aeabi_i2d</name>
         <value>0x29a5</value>
         <object_component_ref idref="oc-c8"/>
      </symbol>
      <symbol id="sm-2b1">
         <name>__floatsidf</name>
         <value>0x29a5</value>
         <object_component_ref idref="oc-c8"/>
      </symbol>
      <symbol id="sm-2b7">
         <name>__aeabi_ui2d</name>
         <value>0x2b31</value>
         <object_component_ref idref="oc-e2"/>
      </symbol>
      <symbol id="sm-2b8">
         <name>__floatunsidf</name>
         <value>0x2b31</value>
         <object_component_ref idref="oc-e2"/>
      </symbol>
      <symbol id="sm-2be">
         <name>__aeabi_lmul</name>
         <value>0x2b55</value>
         <object_component_ref idref="oc-17e"/>
      </symbol>
      <symbol id="sm-2bf">
         <name>__muldi3</name>
         <value>0x2b55</value>
         <object_component_ref idref="oc-17e"/>
      </symbol>
      <symbol id="sm-2c6">
         <name>__aeabi_d2f</name>
         <value>0x1ef1</value>
         <object_component_ref idref="oc-ed"/>
      </symbol>
      <symbol id="sm-2c7">
         <name>__truncdfsf2</name>
         <value>0x1ef1</value>
         <object_component_ref idref="oc-ed"/>
      </symbol>
      <symbol id="sm-2cd">
         <name>__aeabi_dcmpeq</name>
         <value>0x2115</value>
         <object_component_ref idref="oc-105"/>
      </symbol>
      <symbol id="sm-2ce">
         <name>__aeabi_dcmplt</name>
         <value>0x2129</value>
         <object_component_ref idref="oc-105"/>
      </symbol>
      <symbol id="sm-2cf">
         <name>__aeabi_dcmple</name>
         <value>0x213d</value>
         <object_component_ref idref="oc-105"/>
      </symbol>
      <symbol id="sm-2d0">
         <name>__aeabi_dcmpge</name>
         <value>0x2151</value>
         <object_component_ref idref="oc-105"/>
      </symbol>
      <symbol id="sm-2d1">
         <name>__aeabi_dcmpgt</name>
         <value>0x2165</value>
         <object_component_ref idref="oc-105"/>
      </symbol>
      <symbol id="sm-2d7">
         <name>__aeabi_idiv</name>
         <value>0x2335</value>
         <object_component_ref idref="oc-1c6"/>
      </symbol>
      <symbol id="sm-2d8">
         <name>__aeabi_idivmod</name>
         <value>0x2335</value>
         <object_component_ref idref="oc-1c6"/>
      </symbol>
      <symbol id="sm-2de">
         <name>__aeabi_memcpy</name>
         <value>0x2fa5</value>
         <object_component_ref idref="oc-3b"/>
      </symbol>
      <symbol id="sm-2df">
         <name>__aeabi_memcpy4</name>
         <value>0x2fa5</value>
         <object_component_ref idref="oc-3b"/>
      </symbol>
      <symbol id="sm-2e0">
         <name>__aeabi_memcpy8</name>
         <value>0x2fa5</value>
         <object_component_ref idref="oc-3b"/>
      </symbol>
      <symbol id="sm-2e6">
         <name>__aeabi_memset</name>
         <value>0x2cc5</value>
         <object_component_ref idref="oc-5d"/>
      </symbol>
      <symbol id="sm-2e7">
         <name>__aeabi_memset4</name>
         <value>0x2cc5</value>
         <object_component_ref idref="oc-5d"/>
      </symbol>
      <symbol id="sm-2e8">
         <name>__aeabi_memset8</name>
         <value>0x2cc5</value>
         <object_component_ref idref="oc-5d"/>
      </symbol>
      <symbol id="sm-2e9">
         <name>__aeabi_memclr</name>
         <value>0x2cd5</value>
         <object_component_ref idref="oc-5d"/>
      </symbol>
      <symbol id="sm-2ea">
         <name>__aeabi_memclr4</name>
         <value>0x2cd5</value>
         <object_component_ref idref="oc-5d"/>
      </symbol>
      <symbol id="sm-2eb">
         <name>__aeabi_memclr8</name>
         <value>0x2cd5</value>
         <object_component_ref idref="oc-5d"/>
      </symbol>
      <symbol id="sm-2f1">
         <name>__aeabi_uidiv</name>
         <value>0x2615</value>
         <object_component_ref idref="oc-16b"/>
      </symbol>
      <symbol id="sm-2f2">
         <name>__aeabi_uidivmod</name>
         <value>0x2615</value>
         <object_component_ref idref="oc-16b"/>
      </symbol>
      <symbol id="sm-2f8">
         <name>__aeabi_uldivmod</name>
         <value>0x2f01</value>
         <object_component_ref idref="oc-182"/>
      </symbol>
      <symbol id="sm-2fe">
         <name>__udivmoddi4</name>
         <value>0x1c01</value>
         <object_component_ref idref="oc-19f"/>
      </symbol>
      <symbol id="sm-304">
         <name>__aeabi_llsl</name>
         <value>0x2bfd</value>
         <object_component_ref idref="oc-1bb"/>
      </symbol>
      <symbol id="sm-305">
         <name>__ashldi3</name>
         <value>0x2bfd</value>
         <object_component_ref idref="oc-1bb"/>
      </symbol>
      <symbol id="sm-313">
         <name>__ledf2</name>
         <value>0x1fd5</value>
         <object_component_ref idref="oc-139"/>
      </symbol>
      <symbol id="sm-314">
         <name>__gedf2</name>
         <value>0x1f65</value>
         <object_component_ref idref="oc-13f"/>
      </symbol>
      <symbol id="sm-315">
         <name>__cmpdf2</name>
         <value>0x1fd5</value>
         <object_component_ref idref="oc-139"/>
      </symbol>
      <symbol id="sm-316">
         <name>__eqdf2</name>
         <value>0x1fd5</value>
         <object_component_ref idref="oc-139"/>
      </symbol>
      <symbol id="sm-317">
         <name>__ltdf2</name>
         <value>0x1fd5</value>
         <object_component_ref idref="oc-139"/>
      </symbol>
      <symbol id="sm-318">
         <name>__nedf2</name>
         <value>0x1fd5</value>
         <object_component_ref idref="oc-139"/>
      </symbol>
      <symbol id="sm-319">
         <name>__gtdf2</name>
         <value>0x1f65</value>
         <object_component_ref idref="oc-13f"/>
      </symbol>
      <symbol id="sm-325">
         <name>__aeabi_idiv0</name>
         <value>0x1ca3</value>
         <object_component_ref idref="oc-18d"/>
      </symbol>
      <symbol id="sm-326">
         <name>__aeabi_ldiv0</name>
         <value>0x1dd7</value>
         <object_component_ref idref="oc-1ba"/>
      </symbol>
      <symbol id="sm-330">
         <name>TI_memcpy_small</name>
         <value>0x2f15</value>
         <object_component_ref idref="oc-70"/>
      </symbol>
      <symbol id="sm-339">
         <name>TI_memset_small</name>
         <value>0x2f67</value>
         <object_component_ref idref="oc-a0"/>
      </symbol>
      <symbol id="sm-33a">
         <name>__TI_static_base__</name>
         <value>0x0</value>
      </symbol>
      <symbol id="sm-33e">
         <name>__mpu_init</name>
         <value>0x0</value>
      </symbol>
      <symbol id="sm-33f">
         <name>_system_post_cinit</name>
         <value>0x0</value>
      </symbol>
   </symbol_table>
   <title>Link successful</title>
</link_info>
