******************************************************************************
            TI ARM Clang Linker PC v2.1.3                      
******************************************************************************
>> Linked Fri Dec  6 09:49:28 2024

OUTPUT FILE NAME:   <A_Project_Rev3.out>
ENTRY POINT SYMBOL: "_c_int00_noargs"  address: 00003ed5


MEMORY CONFIGURATION

         name            origin    length      used     unused   attr    fill
----------------------  --------  ---------  --------  --------  ----  --------
  FLASH                 00000000   00020000  000047f8  0001b808  R  X
  SRAM                  20200000   00008000  0000029e  00007d62  RW X
  BCR_CONFIG            41c00000   00000080  00000000  00000080  R   
  BSL_CONFIG            41c00100   00000080  00000000  00000080  R   


SEGMENT ALLOCATION MAP

run origin  load origin   length   init length attrs members
----------  ----------- ---------- ----------- ----- -------
00000000    00000000    000047f8   000047f8    r-x
  00000000    00000000    000000c0   000000c0    r-- .intvecs
  000000c0    000000c0    00004430   00004430    r-x .text
  000044f0    000044f0    000002a0   000002a0    r-- .rodata
  00004790    00004790    00000068   00000068    r-- .cinit
20200000    20200000    000000a0   00000000    rw-
  20200000    20200000    0000009a   00000000    rw- .data
  2020009c    2020009c    00000004   00000000    rw- .bss
20207e00    20207e00    00000200   00000000    rw-
  20207e00    20207e00    00000200   00000000    rw- .stack


SECTION ALLOCATION MAP

 output                                  attributes/
section   page    origin      length       input sections
--------  ----  ----------  ----------   ----------------
.intvecs   0    00000000    000000c0     
                  00000000    000000c0     startup_mspm0g350x_ticlang.o (.intvecs)

.text      0    000000c0    00004430     
                  000000c0    00000a18     libc.a : _printfi.c.obj (.text:__TI_printfi)
                  00000ad8    00000308     project_rev3.o (.text.pid)
                  00000de0    000002e0     libc.a : s_atan.c.obj (.text.atan)
                  000010c0    00000268     project_rev3.o (.text.read_sensor_data)
                  00001328    00000210     libc.a : _printfi.c.obj (.text._pconv_a)
                  00001538    000001d8            : _printfi.c.obj (.text._pconv_g)
                  00001710    000001a0            : e_atan2.c.obj (.text.atan2)
                  000018b0    00000192     libclang_rt.builtins.a : adddf3.S.obj (.text)
                  00001a42    00000002     ti_msp_dl_config.o (.text.SYSCFG_DL_GPIO_init)
                  00001a44    00000190     project_rev3.o (.text.calibrate_gyro)
                  00001bd4    00000188     project_rev3.o (.text.estimate_attitude)
                  00001d5c    00000180     project_rev3.o (.text.calibrate_accel)
                  00001edc    0000017c     libc.a : e_sqrt.c.obj (.text.sqrt)
                  00002058    00000138            : _printfi.c.obj (.text.fcvt)
                  00002190    0000011c            : _printfi.c.obj (.text._pconv_e)
                  000022ac    00000110     driverlib.a : dl_timer.o (.text.DL_Timer_initPWMMode)
                  000023bc    0000010c     libclang_rt.builtins.a : divdf3.S.obj (.text)
                  000024c8    00000100     driverlib.a : dl_timer.o (.text.DL_Timer_initTimerMode)
                  000025c8    000000ec                 : dl_timer.o (.text.DL_TimerA_initPWMMode)
                  000026b4    000000e4     libclang_rt.builtins.a : muldf3.S.obj (.text)
                  00002798    000000d8     project_rev3.o (.text.i2c_write)
                  00002870    000000d8     libc.a : s_scalbn.c.obj (.text.scalbn)
                  00002948    000000d8     libclang_rt.builtins.a : addsf3.S.obj (.text)
                  00002a20    000000d0     project_rev3.o (.text.UART_init)
                  00002af0    000000c0     project_rev3.o (.text.i2c_read)
                  00002bb0    000000a8     project_rev3.o (.text.check_switches)
                  00002c58    000000a2     libclang_rt.builtins.a : udivmoddi4.S.obj (.text)
                  00002cfa    00000002                            : aeabi_div0.c.obj (.text.__aeabi_idiv0)
                  00002cfc    0000009c     project_rev3.o (.text.GPIO_init)
                  00002d98    0000008e     libclang_rt.builtins.a : comparesf2.S.obj (.text)
                  00002e26    00000002                            : aeabi_div0.c.obj (.text.__aeabi_ldiv0)
                  00002e28    0000008c     project_rev3.o (.text.I2C_init)
                  00002eb4    0000008c     libclang_rt.builtins.a : mulsf3.S.obj (.text)
                  00002f40    00000082                            : divsf3.S.obj (.text)
                  00002fc2    00000002     --HOLE-- [fill = 0]
                  00002fc4    0000007c     project_rev3.o (.text.main)
                  00003040    00000074     project_rev3.o (.text.TimerA_PWM_init)
                  000030b4    00000074     project_rev3.o (.text.drive_motor)
                  00003128    00000008     libc.a : aeabi_portable.c.obj (.text.__aeabi_errno_addr)
                  00003130    00000074     libclang_rt.builtins.a : truncdfsf2.S.obj (.text)
                  000031a4    00000070                            : comparedf2.c.obj (.text.__gedf2)
                  00003214    00000070                            : comparedf2.c.obj (.text.__ledf2)
                  00003284    00000068     libc.a : copy_decompress_lzss.c.obj (.text:decompress:lzss)
                  000032ec    00000066            : _printfi.c.obj (.text._mcpy)
                  00003352    00000002     --HOLE-- [fill = 0]
                  00003354    00000062     libclang_rt.builtins.a : aeabi_dcmp.S.obj (.text)
                  000033b6    00000002     --HOLE-- [fill = 0]
                  000033b8    00000062                            : aeabi_fcmp.S.obj (.text)
                  0000341a    00000002     --HOLE-- [fill = 0]
                  0000341c    0000005c     libc.a : s_frexp.c.obj (.text.frexp)
                  00003478    00000058            : _ltoa.c.obj (.text.__TI_ltoa)
                  000034d0    00000058            : _printfi.c.obj (.text._pconv_f)
                  00003528    00000056     libclang_rt.builtins.a : aeabi_idivmod.S.obj (.text)
                  0000357e    00000054     driverlib.a : dl_i2c.o (.text.DL_I2C_fillControllerTXFIFO)
                  000035d2    00000002     --HOLE-- [fill = 0]
                  000035d4    00000050     project_rev3.o (.text.DL_I2C_startControllerTransfer)
                  00003624    00000050     libc.a : _printfi.c.obj (.text._ecpy)
                  00003674    0000004c     driverlib.a : dl_uart.o (.text.DL_UART_init)
                  000036c0    0000004c     project_rev3.o (.text.DL_UART_setBaudRateDivisor)
                  0000370c    0000004c     project_rev3.o (.text.mpu6050_init)
                  00003758    0000004a     libclang_rt.builtins.a : fixdfsi.S.obj (.text)
                  000037a2    00000002     --HOLE-- [fill = 0]
                  000037a4    00000048     project_rev3.o (.text.read_accel_data)
                  000037ec    00000048     project_rev3.o (.text.read_gyro_data)
                  00003834    00000044     libc.a : atoi.c.obj (.text.atoi)
                  00003878    00000044     project_rev3.o (.text.motor_init)
                  000038bc    00000040     driverlib.a : dl_timer.o (.text.DL_Timer_setCaptureCompareOutCtl)
                  000038fc    00000040     libclang_rt.builtins.a : aeabi_uidivmod.S.obj (.text)
                  0000393c    00000040                            : extendsfdf2.S.obj (.text)
                  0000397c    0000003c     project_rev3.o (.text.DL_GPIO_initPeripheralInputFunctionFeatures)
                  000039b8    0000003c     driverlib.a : dl_timer.o (.text.DL_Timer_setCaptureCompareCtl)
                  000039f4    0000003c     project_rev3.o (.text.TimerG_init)
                  00003a30    0000003c     libc.a : autoinit.c.obj (.text:__TI_auto_init_nobinit_nopinit)
                  00003a6c    0000003c     libclang_rt.builtins.a : floatsisf.S.obj (.text)
                  00003aa8    0000003a                            : muldsi3.S.obj (.text)
                  00003ae2    00000002     --HOLE-- [fill = 0]
                  00003ae4    00000038     libc.a : sprintf.c.obj (.text.sprintf)
                  00003b1c    00000038     libclang_rt.builtins.a : fixsfsi.S.obj (.text)
                  00003b54    00000034     project_rev3.o (.text.DL_GPIO_initDigitalInputFeatures)
                  00003b88    00000034     driverlib.a : dl_i2c.o (.text.DL_I2C_setClockConfig)
                  00003bbc    00000034                 : dl_timer.o (.text.DL_Timer_setCaptureCompareAction)
                  00003bf0    00000034                 : dl_timer.o (.text.DL_Timer_setCaptureCompareInput)
                  00003c24    00000034                 : dl_timer.o (.text.DL_Timer_setClockConfig)
                  00003c58    00000034     ti_msp_dl_config.o (.text.SYSCFG_DL_initPower)
                  00003c8c    00000030     libc.a : _printfi.c.obj (.text._fcpy)
                  00003cbc    0000002c     driverlib.a : dl_timer.o (.text.DL_Timer_setCaptureCompareValue)
                  00003ce8    0000002c     project_rev3.o (.text.__NVIC_ClearPendingIRQ)
                  00003d14    0000002c     project_rev3.o (.text.__NVIC_EnableIRQ)
                  00003d40    0000002c     libclang_rt.builtins.a : floatsidf.S.obj (.text)
                  00003d6c    00000028     driverlib.a : dl_i2c.o (.text.DL_Common_updateReg)
                  00003d94    00000028                 : dl_timer.o (.text.DL_Common_updateReg)
                  00003dbc    00000028                 : dl_uart.o (.text.DL_Common_updateReg)
                  00003de4    00000028     project_rev3.o (.text.DL_Common_updateReg)
                  00003e0c    00000028     ti_msp_dl_config.o (.text.DL_Common_updateReg)
                  00003e34    00000028     project_rev3.o (.text.DL_I2C_setControllerRXFIFOThreshold)
                  00003e5c    00000028     project_rev3.o (.text.DL_I2C_setControllerTXFIFOThreshold)
                  00003e84    00000028     driverlib.a : dl_uart.o (.text.DL_UART_transmitDataBlocking)
                  00003eac    00000028     project_rev3.o (.text.TIMG0_IRQHandler)
                  00003ed4    00000028     libc.a : boot_cortex_m.c.obj (.text:_c_int00_noargs)
                  00003efc    00000024     driverlib.a : dl_uart.o (.text.DL_UART_setClockConfig)
                  00003f20    00000024     libc.a : memccpy.c.obj (.text.memccpy)
                  00003f44    00000024     libclang_rt.builtins.a : muldi3.S.obj (.text)
                  00003f68    00000022     ti_msp_dl_config.o (.text.SYSCFG_DL_SYSCTL_init)
                  00003f8a    00000002     --HOLE-- [fill = 0]
                  00003f8c    00000020     driverlib.a : dl_timer.o (.text.DL_Timer_setCounterValueAfterEnable)
                  00003fac    0000001e     project_rev3.o (.text.DL_UART_setOversampling)
                  00003fca    00000002     --HOLE-- [fill = 0]
                  00003fcc    0000001e     libclang_rt.builtins.a : ashldi3.S.obj (.text)
                  00003fea    00000002     --HOLE-- [fill = 0]
                  00003fec    0000001c     project_rev3.o (.text.DL_GPIO_enableHiZ)
                  00004008    0000001c     project_rev3.o (.text.DL_GPIO_initPeripheralOutputFunction)
                  00004024    0000001c     project_rev3.o (.text.DL_I2C_isControllerRXFIFOEmpty)
                  00004040    0000001c     driverlib.a : dl_i2c.o (.text.DL_I2C_isControllerTXFIFOFull)
                  0000405c    0000001c     ti_msp_dl_config.o (.text.DL_SYSCTL_setMCLKDivider)
                  00004078    0000001c     ti_msp_dl_config.o (.text.DL_SYSCTL_setSYSOSCFreq)
                  00004094    0000001c     ti_msp_dl_config.o (.text.DL_SYSCTL_setULPCLKDivider)
                  000040b0    0000001c     project_rev3.o (.text.DL_Timer_enableInterrupt)
                  000040cc    0000001c     libclang_rt.builtins.a : aeabi_memset.S.obj (.text)
                  000040e8    00000018     project_rev3.o (.text.DL_GPIO_enableOutput)
                  00004100    00000018     ti_msp_dl_config.o (.text.DL_GPIO_enablePower)
                  00004118    00000018     project_rev3.o (.text.DL_GPIO_initDigitalOutput)
                  00004130    00000018     ti_msp_dl_config.o (.text.DL_GPIO_reset)
                  00004148    00000018     project_rev3.o (.text.DL_GPIO_setPins)
                  00004160    00000018     project_rev3.o (.text.DL_I2C_disableAnalogGlitchFilter)
                  00004178    00000018     project_rev3.o (.text.DL_I2C_enableController)
                  00004190    00000018     project_rev3.o (.text.DL_I2C_enableControllerClockStretching)
                  000041a8    00000018     project_rev3.o (.text.DL_I2C_enablePower)
                  000041c0    00000018     project_rev3.o (.text.DL_I2C_reset)
                  000041d8    00000018     project_rev3.o (.text.DL_I2C_setTimerPeriod)
                  000041f0    00000018     ti_msp_dl_config.o (.text.DL_SYSCTL_setBORThreshold)
                  00004208    00000018     project_rev3.o (.text.DL_Timer_enablePower)
                  00004220    00000018     driverlib.a : dl_timer.o (.text.DL_Timer_setLoadValue)
                  00004238    00000018     project_rev3.o (.text.DL_Timer_startCounter)
                  00004250    00000018     project_rev3.o (.text.DL_UART_enablePower)
                  00004268    00000018     driverlib.a : dl_uart.o (.text.DL_UART_isTXFIFOFull)
                  00004280    00000018     project_rev3.o (.text.DL_UART_reset)
                  00004298    00000018     libc.a : sprintf.c.obj (.text._outs)
                  000042b0    00000016     project_rev3.o (.text.DL_GPIO_readPins)
                  000042c6    00000016     driverlib.a : dl_i2c.o (.text.DL_I2C_transmitControllerData)
                  000042dc    00000016                 : dl_uart.o (.text.DL_UART_disable)
                  000042f2    00000016     project_rev3.o (.text.DL_UART_enable)
                  00004308    00000016     driverlib.a : dl_uart.o (.text.DL_UART_transmitData)
                  0000431e    00000014                 : dl_common.o (.text.DL_Common_delayCycles)
                  00004332    00000014     project_rev3.o (.text.DL_GPIO_clearPins)
                  00004346    00000002     --HOLE-- [fill = 0]
                  00004348    00000014     project_rev3.o (.text.DL_I2C_getControllerStatus)
                  0000435c    00000014     project_rev3.o (.text.DL_I2C_receiveControllerData)
                  00004370    00000014     project_rev3.o (.text.DL_I2C_resetControllerTransfer)
                  00004384    00000014     project_rev3.o (.text.DL_Timer_enableClock)
                  00004398    00000014     project_rev3.o (.text.DL_Timer_setCCPDirection)
                  000043ac    00000014     libc.a : _printfi.c.obj (.text.strchr)
                  000043c0    00000014            : copy_zero_init.c.obj (.text:decompress:ZI:__TI_zero_init_nomemset)
                  000043d4    00000014     libclang_rt.builtins.a : aeabi_uldivmod.S.obj (.text)
                  000043e8    00000012     libc.a : memcpy16.S.obj (.text:TI_memcpy_small)
                  000043fa    00000012            : copy_decompress_none.c.obj (.text:decompress:none)
                  0000440c    00000010     ti_msp_dl_config.o (.text.SYSCFG_DL_init)
                  0000441c    00000010     libc.a : wcslen.c.obj (.text.wcslen)
                  0000442c    0000000e            : _printfi.c.obj (.text.strlen)
                  0000443a    0000000e            : memset16.S.obj (.text:TI_memset_small)
                  00004448    0000000a            : _printfi.c.obj (.text.OUTLINED_FUNCTION_0)
                  00004452    00000002     --HOLE-- [fill = 0]
                  00004454    00000010     libclang_rt.builtins.a : adddf3.S.obj (.tramp.__aeabi_dsub.1)
                  00004464    0000000a     libc.a : s_atan.c.obj (.text.OUTLINED_FUNCTION_0)
                  0000446e    00000002     --HOLE-- [fill = 0]
                  00004470    00000010     libclang_rt.builtins.a : muldf3.S.obj (.tramp.__aeabi_dmul.1)
                  00004480    0000000a     libc.a : _printfi.c.obj (.text.OUTLINED_FUNCTION_1)
                  0000448a    0000000a            : s_atan.c.obj (.text.OUTLINED_FUNCTION_1)
                  00004494    0000000a            : s_atan.c.obj (.text.OUTLINED_FUNCTION_2)
                  0000449e    00000002     --HOLE-- [fill = 0]
                  000044a0    00000010     libclang_rt.builtins.a : divdf3.S.obj (.tramp.__aeabi_ddiv.1)
                  000044b0    0000000a     libc.a : sprintf.c.obj (.text._outc)
                  000044ba    00000008            : abs.c.obj (.text.abs)
                  000044c2    00000002     --HOLE-- [fill = 0]
                  000044c4    00000008     libclang_rt.builtins.a : aeabi_memcpy.S.obj (.text)
                  000044cc    00000004     startup_mspm0g350x_ticlang.o (.text.Default_Handler)
                  000044d0    00000004     libc.a : s_atan.c.obj (.text.OUTLINED_FUNCTION_3)
                  000044d4    00000010     libclang_rt.builtins.a : adddf3.S.obj (.tramp.__aeabi_dadd.1)
                  000044e4    00000004     startup_mspm0g350x_ticlang.o (.text.Reset_Handler)
                  000044e8    00000004     libc.a : pre_init.c.obj (.text._system_pre_init)
                  000044ec    00000004            : exit.c.obj (.text:abort)

.cinit     0    00004790    00000068     
                  00004790    00000040     (.cinit..data.load) [load image, compression = lzss]
                  000047d0    0000000c     (__TI_handler_table)
                  000047dc    00000008     (.cinit..bss.load) [load image, compression = zero_init]
                  000047e4    00000010     (__TI_cinit_table)
                  000047f4    00000004     --HOLE-- [fill = 0]

.rodata    0    000044f0    000002a0     
                  000044f0    00000123     project_rev3.o (.rodata.str1.1)
                  00004613    00000001     --HOLE-- [fill = 0]
                  00004614    00000004     project_rev3.o (.rodata.accel_gain)
                  00004618    00000004     project_rev3.o (.rodata.alpha)
                  0000461c    00000004     project_rev3.o (.rodata.dt)
                  00004620    00000101     libc.a : aeabi_ctype.S.obj (.rodata)
                  00004721    00000001     --HOLE-- [fill = 0]
                  00004722    00000002     project_rev3.o (.rodata.num_cal_data)
                  00004724    00000002     project_rev3.o (.rodata.pwm_period)
                  00004726    00000002     --HOLE-- [fill = 0]
                  00004728    00000040     libc.a : s_atan.c.obj (.rodata.cst32)
                  00004768    00000022            : _printfi.c.obj (.rodata.str1.1)
                  0000478a    00000006     --HOLE-- [fill = 0]

.init_array 
*          0    00000000    00000000     UNINITIALIZED

.binit     0    00000000    00000000     

.data      0    20200000    0000009a     UNINITIALIZED
                  20200000    00000014     project_rev3.o (.data.gTIMER_0TimerConfig)
                  20200014    0000000a     project_rev3.o (.data.gUART_0Config)
                  2020001e    00000002     project_rev3.o (.data.aX)
                  20200020    00000008     project_rev3.o (.data.gPWM_1Config)
                  20200028    00000004     libc.a : aeabi_portable.c.obj (.data.__aeabi_errno)
                  2020002c    00000004     project_rev3.o (.data.duty_cycle)
                  20200030    00000004     project_rev3.o (.data.integral_error)
                  20200034    00000004     project_rev3.o (.data.kd)
                  20200038    00000004     project_rev3.o (.data.ki)
                  2020003c    00000004     project_rev3.o (.data.kp)
                  20200040    00000004     project_rev3.o (.data.ks)
                  20200044    00000004     project_rev3.o (.data.max_duty_cycle)
                  20200048    00000004     project_rev3.o (.data.motor_speed_x)
                  2020004c    00000004     project_rev3.o (.data.pwm_x)
                  20200050    00000004     project_rev3.o (.data.t_count)
                  20200054    00000004     project_rev3.o (.data.theta_X)
                  20200058    00000004     project_rev3.o (.data.theta_aX)
                  2020005c    00000004     project_rev3.o (.data.theta_gX)
                  20200060    00000004     project_rev3.o (.data.theta_gX_wrong)
                  20200064    00000004     project_rev3.o (.data.theta_gY)
                  20200068    00000003     project_rev3.o (.data.gPWM_1ClockConfig)
                  2020006b    00000003     project_rev3.o (.data.gTIMER_0ClockConfig)
                  2020006e    00000002     project_rev3.o (.data.aX_offset)
                  20200070    00000002     project_rev3.o (.data.aXc)
                  20200072    00000002     project_rev3.o (.data.aY)
                  20200074    00000002     project_rev3.o (.data.aY_offset)
                  20200076    00000002     project_rev3.o (.data.aYc)
                  20200078    00000002     project_rev3.o (.data.aZ)
                  2020007a    00000002     project_rev3.o (.data.aZ_offset)
                  2020007c    00000002     project_rev3.o (.data.aZc)
                  2020007e    00000002     project_rev3.o (.data.gI2C_0ClockConfig)
                  20200080    00000002     project_rev3.o (.data.gUART_0ClockConfig)
                  20200082    00000002     project_rev3.o (.data.gX)
                  20200084    00000002     project_rev3.o (.data.gX_offset)
                  20200086    00000002     project_rev3.o (.data.gXc)
                  20200088    00000002     project_rev3.o (.data.gY)
                  2020008a    00000002     project_rev3.o (.data.gY_offset)
                  2020008c    00000002     project_rev3.o (.data.gYc)
                  2020008e    00000002     project_rev3.o (.data.gZ)
                  20200090    00000002     project_rev3.o (.data.gZ_offset)
                  20200092    00000002     project_rev3.o (.data.gZc)
                  20200094    00000002     project_rev3.o (.data.max_pwm)
                  20200096    00000001     project_rev3.o (.data.S1_pressed)
                  20200097    00000001     project_rev3.o (.data.S2_pressed)
                  20200098    00000001     project_rev3.o (.data.balancing)
                  20200099    00000001     project_rev3.o (.data.calibrating)

.bss       0    2020009c    00000004     UNINITIALIZED
                  2020009c    00000004     (.common:theta_X_target)

.stack     0    20207e00    00000200     UNINITIALIZED
                  20207e00    00000004     libc.a : boot_cortex_m.c.obj (.stack)
                  20207e04    000001fc     --HOLE--

__llvm_prf_cnts 
*          0    20200000    00000000     UNINITIALIZED

__llvm_prf_bits 
*          0    20200000    00000000     UNINITIALIZED

MODULE SUMMARY

       Module                         code    ro data   rw data
       ------                         ----    -------   -------
    .\
       project_rev3.o                 5486    307       154    
       startup_mspm0g350x_ticlang.o   8       192       0      
    +--+------------------------------+-------+---------+---------+
       Total:                         5494    499       154    
                                                               
    .\syscfg\
       ti_msp_dl_config.o             300     0         0      
    +--+------------------------------+-------+---------+---------+
       Total:                         300     0         0      
                                                               
    C:/ti/mspm0_sdk_2_01_00_03/source/ti/driverlib/lib/ticlang/m0p/mspm0g1x0x_g3x0x/driverlib.a
       dl_timer.o                     1184    0         0      
       dl_uart.o                      260     0         0      
       dl_i2c.o                       226     0         0      
       dl_common.o                    20      0         0      
    +--+------------------------------+-------+---------+---------+
       Total:                         1690    0         0      
                                                               
    C:\Program Files\ccs\tools\compiler\ti-cgt-armllvm_2.1.3.LTS\lib\armv6m-ti-none-eabi/c/libc.a
       _printfi.c.obj                 4552    34        0      
       s_atan.c.obj                   770     64        0      
       e_atan2.c.obj                  416     0         0      
       e_sqrt.c.obj                   380     0         0      
       aeabi_ctype.S.obj              0       257       0      
       s_scalbn.c.obj                 216     0         0      
       copy_decompress_lzss.c.obj     104     0         0      
       s_frexp.c.obj                  92      0         0      
       sprintf.c.obj                  90      0         0      
       _ltoa.c.obj                    88      0         0      
       atoi.c.obj                     68      0         0      
       autoinit.c.obj                 60      0         0      
       boot_cortex_m.c.obj            40      0         0      
       memccpy.c.obj                  36      0         0      
       copy_zero_init.c.obj           20      0         0      
       copy_decompress_none.c.obj     18      0         0      
       memcpy16.S.obj                 18      0         0      
       wcslen.c.obj                   16      0         0      
       memset16.S.obj                 14      0         0      
       aeabi_portable.c.obj           8       0         4      
       abs.c.obj                      8       0         0      
       exit.c.obj                     4       0         0      
       pre_init.c.obj                 4       0         0      
    +--+------------------------------+-------+---------+---------+
       Total:                         7022    355       4      
                                                               
    C:\Program Files\ccs\tools\compiler\ti-cgt-armllvm_2.1.3.LTS\lib\clang/14.0.6/lib/armv6m-ti-none-eabi/libclang_rt.builtins.a
       adddf3.S.obj                   434     0         0      
       divdf3.S.obj                   284     0         0      
       muldf3.S.obj                   244     0         0      
       comparedf2.c.obj               224     0         0      
       addsf3.S.obj                   216     0         0      
       udivmoddi4.S.obj               162     0         0      
       comparesf2.S.obj               142     0         0      
       mulsf3.S.obj                   140     0         0      
       divsf3.S.obj                   130     0         0      
       truncdfsf2.S.obj               116     0         0      
       aeabi_dcmp.S.obj               98      0         0      
       aeabi_fcmp.S.obj               98      0         0      
       aeabi_idivmod.S.obj            86      0         0      
       fixdfsi.S.obj                  74      0         0      
       aeabi_uidivmod.S.obj           64      0         0      
       extendsfdf2.S.obj              64      0         0      
       floatsisf.S.obj                60      0         0      
       muldsi3.S.obj                  58      0         0      
       fixsfsi.S.obj                  56      0         0      
       floatsidf.S.obj                44      0         0      
       muldi3.S.obj                   36      0         0      
       ashldi3.S.obj                  30      0         0      
       aeabi_memset.S.obj             28      0         0      
       aeabi_uldivmod.S.obj           20      0         0      
       aeabi_memcpy.S.obj             8       0         0      
       aeabi_div0.c.obj               4       0         0      
    +--+------------------------------+-------+---------+---------+
       Total:                         2920    0         0      
                                                               
       Stack:                         0       0         512    
       Linker Generated:              0       100       0      
    +--+------------------------------+-------+---------+---------+
       Grand Total:                   17426   954       670    


LINKER GENERATED COPY TABLES

__TI_cinit_table @ 000047e4 records: 2, size/record: 8, table size: 16
	.data: load addr=00004790, load size=00000040 bytes, run addr=20200000, run size=0000009a bytes, compression=lzss
	.bss: load addr=000047dc, load size=00000008 bytes, run addr=2020009c, run size=00000004 bytes, compression=zero_init


LINKER GENERATED HANDLER TABLE

__TI_handler_table @ 000047d0 records: 3, size/record: 4, table size: 12
	index: 0, handler: __TI_decompress_lzss
	index: 1, handler: __TI_decompress_none
	index: 2, handler: __TI_zero_init


FAR CALL TRAMPOLINES

callee name               trampoline name
   callee addr  tramp addr   call addr  call info
--------------  -----------  ---------  ----------------
__aeabi_dsub              $Tramp$TT$L$PI$$__aeabi_dsub
   000018b1     00004454     00004450   libc.a : _printfi.c.obj (.text.OUTLINED_FUNCTION_0)
__aeabi_dmul              $Tramp$TT$L$PI$$__aeabi_dmul
   000026b5     00004470     0000446c   libc.a : s_atan.c.obj (.text.OUTLINED_FUNCTION_0)
                             00004492          : s_atan.c.obj (.text.OUTLINED_FUNCTION_1)
__aeabi_ddiv              $Tramp$TT$L$PI$$__aeabi_ddiv
   000023bd     000044a0     0000449c   libc.a : s_atan.c.obj (.text.OUTLINED_FUNCTION_2)
__aeabi_dadd              $Tramp$TT$L$PI$$__aeabi_dadd
   000018bb     000044d4     000044d2   libc.a : s_atan.c.obj (.text.OUTLINED_FUNCTION_3)

[4 trampolines]
[5 trampoline calls]


GLOBAL SYMBOLS: SORTED ALPHABETICALLY BY Name 

address   name                            
-------   ----                            
000044cd  ADC0_IRQHandler                 
000044cd  ADC1_IRQHandler                 
000044cd  AES_IRQHandler                  
000044ec  C$$EXIT                         
000044cd  CANFD0_IRQHandler               
000044cd  DAC0_IRQHandler                 
0000431f  DL_Common_delayCycles           
0000357f  DL_I2C_fillControllerTXFIFO     
00003b89  DL_I2C_setClockConfig           
000025c9  DL_TimerA_initPWMMode           
000022ad  DL_Timer_initPWMMode            
000024c9  DL_Timer_initTimerMode          
00003bbd  DL_Timer_setCaptureCompareAction
000039b9  DL_Timer_setCaptureCompareCtl   
00003bf1  DL_Timer_setCaptureCompareInput 
000038bd  DL_Timer_setCaptureCompareOutCtl
00003cbd  DL_Timer_setCaptureCompareValue 
00003c25  DL_Timer_setClockConfig         
00003675  DL_UART_init                    
00003efd  DL_UART_setClockConfig          
00003e85  DL_UART_transmitDataBlocking    
000044cd  DMA_IRQHandler                  
000044cd  Default_Handler                 
00002cfd  GPIO_init                       
000044cd  GROUP0_IRQHandler               
000044cd  GROUP1_IRQHandler               
000044cd  HardFault_Handler               
000044cd  I2C0_IRQHandler                 
000044cd  I2C1_IRQHandler                 
00002e29  I2C_init                        
000044cd  NMI_Handler                     
000044cd  PendSV_Handler                  
000044cd  RTC_IRQHandler                  
000044e5  Reset_Handler                   
20200096  S1_pressed                      
20200097  S2_pressed                      
000044cd  SPI0_IRQHandler                 
000044cd  SPI1_IRQHandler                 
000044cd  SVC_Handler                     
00001a43  SYSCFG_DL_GPIO_init             
00003f69  SYSCFG_DL_SYSCTL_init           
0000440d  SYSCFG_DL_init                  
00003c59  SYSCFG_DL_initPower             
000044cd  SysTick_Handler                 
000044cd  TIMA0_IRQHandler                
000044cd  TIMA1_IRQHandler                
00003ead  TIMG0_IRQHandler                
000044cd  TIMG12_IRQHandler               
000044cd  TIMG6_IRQHandler                
000044cd  TIMG7_IRQHandler                
000044cd  TIMG8_IRQHandler                
000043e9  TI_memcpy_small                 
0000443b  TI_memset_small                 
00003041  TimerA_PWM_init                 
000039f5  TimerG_init                     
000044cd  UART0_IRQHandler                
000044cd  UART1_IRQHandler                
000044cd  UART2_IRQHandler                
000044cd  UART3_IRQHandler                
00002a21  UART_init                       
20208000  __STACK_END                     
00000200  __STACK_SIZE                    
000047e4  __TI_CINIT_Base                 
000047f4  __TI_CINIT_Limit                
000047f4  __TI_CINIT_Warm                 
000047d0  __TI_Handler_Table_Base         
000047dc  __TI_Handler_Table_Limit        
00003a31  __TI_auto_init_nobinit_nopinit  
00003285  __TI_decompress_lzss            
000043fb  __TI_decompress_none            
00003479  __TI_ltoa                       
ffffffff  __TI_pprof_out_hndl             
000000c1  __TI_printfi                    
ffffffff  __TI_prof_data_size             
ffffffff  __TI_prof_data_start            
00000000  __TI_static_base__              
000043c1  __TI_zero_init_nomemset         
000018bb  __adddf3                        
00002953  __addsf3                        
00004620  __aeabi_ctype_table_            
00004620  __aeabi_ctype_table_C           
00003131  __aeabi_d2f                     
00003759  __aeabi_d2iz                    
000018bb  __aeabi_dadd                    
00003355  __aeabi_dcmpeq                  
00003391  __aeabi_dcmpge                  
000033a5  __aeabi_dcmpgt                  
0000337d  __aeabi_dcmple                  
00003369  __aeabi_dcmplt                  
000023bd  __aeabi_ddiv                    
000026b5  __aeabi_dmul                    
000018b1  __aeabi_dsub                    
20200028  __aeabi_errno                   
00003129  __aeabi_errno_addr              
0000393d  __aeabi_f2d                     
00003b1d  __aeabi_f2iz                    
00002953  __aeabi_fadd                    
000033b9  __aeabi_fcmpeq                  
000033f5  __aeabi_fcmpge                  
00003409  __aeabi_fcmpgt                  
000033e1  __aeabi_fcmple                  
000033cd  __aeabi_fcmplt                  
00002e11  __aeabi_fcmpun                  
00002f41  __aeabi_fdiv                    
00002eb5  __aeabi_fmul                    
00002949  __aeabi_fsub                    
00003d41  __aeabi_i2d                     
00003a6d  __aeabi_i2f                     
00003529  __aeabi_idiv                    
00002cfb  __aeabi_idiv0                   
00003529  __aeabi_idivmod                 
00002e27  __aeabi_ldiv0                   
00003fcd  __aeabi_llsl                    
00003f45  __aeabi_lmul                    
000040dd  __aeabi_memclr                  
000040dd  __aeabi_memclr4                 
000040dd  __aeabi_memclr8                 
000044c5  __aeabi_memcpy                  
000044c5  __aeabi_memcpy4                 
000044c5  __aeabi_memcpy8                 
000040cd  __aeabi_memset                  
000040cd  __aeabi_memset4                 
000040cd  __aeabi_memset8                 
000038fd  __aeabi_uidiv                   
000038fd  __aeabi_uidivmod                
000043d5  __aeabi_uldivmod                
00003fcd  __ashldi3                       
ffffffff  __binit__                       
00003215  __cmpdf2                        
00002d99  __cmpsf2                        
000023bd  __divdf3                        
00002f41  __divsf3                        
00003215  __eqdf2                         
00002d99  __eqsf2                         
0000393d  __extendsfdf2                   
00003759  __fixdfsi                       
00003b1d  __fixsfsi                       
00003d41  __floatsidf                     
00003a6d  __floatsisf                     
000031a5  __gedf2                         
00002dd5  __gesf2                         
000031a5  __gtdf2                         
00002dd5  __gtsf2                         
00003215  __ledf2                         
00002d99  __lesf2                         
00003215  __ltdf2                         
00002d99  __ltsf2                         
UNDEFED   __mpu_init                      
000026b5  __muldf3                        
00003f45  __muldi3                        
00003aa9  __muldsi3                       
00002eb5  __mulsf3                        
00003215  __nedf2                         
00002d99  __nesf2                         
20207e00  __stack                         
20200000  __start___llvm_prf_bits         
20200000  __start___llvm_prf_cnts         
20200000  __stop___llvm_prf_bits          
20200000  __stop___llvm_prf_cnts          
000018b1  __subdf3                        
00002949  __subsf3                        
00003131  __truncdfsf2                    
00002c59  __udivmoddi4                    
00002e11  __unordsf2                      
00003ed5  _c_int00_noargs                 
UNDEFED   _system_post_cinit              
000044e9  _system_pre_init                
2020001e  aX                              
2020006e  aX_offset                       
20200070  aXc                             
20200072  aY                              
20200074  aY_offset                       
20200076  aYc                             
20200078  aZ                              
2020007a  aZ_offset                       
2020007c  aZc                             
000044ed  abort                           
000044bb  abs                             
00004614  accel_gain                      
00004618  alpha                           
00000de1  atan                            
00001711  atan2                           
00001711  atan2l                          
00000de1  atanl                           
00003835  atoi                            
20200098  balancing                       
ffffffff  binit                           
00001d5d  calibrate_accel                 
00001a45  calibrate_gyro                  
20200099  calibrating                     
00002bb1  check_switches                  
000030b5  drive_motor                     
0000461c  dt                              
2020002c  duty_cycle                      
00001bd5  estimate_attitude               
0000341d  frexp                           
0000341d  frexpl                          
2020007e  gI2C_0ClockConfig               
20200068  gPWM_1ClockConfig               
20200020  gPWM_1Config                    
2020006b  gTIMER_0ClockConfig             
20200000  gTIMER_0TimerConfig             
20200080  gUART_0ClockConfig              
20200014  gUART_0Config                   
20200082  gX                              
20200084  gX_offset                       
20200086  gXc                             
20200088  gY                              
2020008a  gY_offset                       
2020008c  gYc                             
2020008e  gZ                              
20200090  gZ_offset                       
20200092  gZc                             
00002af1  i2c_read                        
00002799  i2c_write                       
20200030  integral_error                  
00000000  interruptVectors                
20200034  kd                              
20200038  ki                              
2020003c  kp                              
20200040  ks                              
00002871  ldexp                           
00002871  ldexpl                          
00002fc5  main                            
20200044  max_duty_cycle                  
20200094  max_pwm                         
00003f21  memccpy                         
00003879  motor_init                      
20200048  motor_speed_x                   
0000370d  mpu6050_init                    
00004722  num_cal_data                    
00000ad9  pid                             
00004724  pwm_period                      
2020004c  pwm_x                           
000037a5  read_accel_data                 
000037ed  read_gyro_data                  
000010c1  read_sensor_data                
00002871  scalbn                          
00002871  scalbnl                         
00003ae5  sprintf                         
00001edd  sqrt                            
00001edd  sqrtl                           
20200050  t_count                         
20200054  theta_X                         
2020009c  theta_X_target                  
20200058  theta_aX                        
2020005c  theta_gX                        
20200060  theta_gX_wrong                  
20200064  theta_gY                        
0000441d  wcslen                          


GLOBAL SYMBOLS: SORTED BY Symbol Address 

address   name                            
-------   ----                            
00000000  __TI_static_base__              
00000000  interruptVectors                
000000c1  __TI_printfi                    
00000200  __STACK_SIZE                    
00000ad9  pid                             
00000de1  atan                            
00000de1  atanl                           
000010c1  read_sensor_data                
00001711  atan2                           
00001711  atan2l                          
000018b1  __aeabi_dsub                    
000018b1  __subdf3                        
000018bb  __adddf3                        
000018bb  __aeabi_dadd                    
00001a43  SYSCFG_DL_GPIO_init             
00001a45  calibrate_gyro                  
00001bd5  estimate_attitude               
00001d5d  calibrate_accel                 
00001edd  sqrt                            
00001edd  sqrtl                           
000022ad  DL_Timer_initPWMMode            
000023bd  __aeabi_ddiv                    
000023bd  __divdf3                        
000024c9  DL_Timer_initTimerMode          
000025c9  DL_TimerA_initPWMMode           
000026b5  __aeabi_dmul                    
000026b5  __muldf3                        
00002799  i2c_write                       
00002871  ldexp                           
00002871  ldexpl                          
00002871  scalbn                          
00002871  scalbnl                         
00002949  __aeabi_fsub                    
00002949  __subsf3                        
00002953  __addsf3                        
00002953  __aeabi_fadd                    
00002a21  UART_init                       
00002af1  i2c_read                        
00002bb1  check_switches                  
00002c59  __udivmoddi4                    
00002cfb  __aeabi_idiv0                   
00002cfd  GPIO_init                       
00002d99  __cmpsf2                        
00002d99  __eqsf2                         
00002d99  __lesf2                         
00002d99  __ltsf2                         
00002d99  __nesf2                         
00002dd5  __gesf2                         
00002dd5  __gtsf2                         
00002e11  __aeabi_fcmpun                  
00002e11  __unordsf2                      
00002e27  __aeabi_ldiv0                   
00002e29  I2C_init                        
00002eb5  __aeabi_fmul                    
00002eb5  __mulsf3                        
00002f41  __aeabi_fdiv                    
00002f41  __divsf3                        
00002fc5  main                            
00003041  TimerA_PWM_init                 
000030b5  drive_motor                     
00003129  __aeabi_errno_addr              
00003131  __aeabi_d2f                     
00003131  __truncdfsf2                    
000031a5  __gedf2                         
000031a5  __gtdf2                         
00003215  __cmpdf2                        
00003215  __eqdf2                         
00003215  __ledf2                         
00003215  __ltdf2                         
00003215  __nedf2                         
00003285  __TI_decompress_lzss            
00003355  __aeabi_dcmpeq                  
00003369  __aeabi_dcmplt                  
0000337d  __aeabi_dcmple                  
00003391  __aeabi_dcmpge                  
000033a5  __aeabi_dcmpgt                  
000033b9  __aeabi_fcmpeq                  
000033cd  __aeabi_fcmplt                  
000033e1  __aeabi_fcmple                  
000033f5  __aeabi_fcmpge                  
00003409  __aeabi_fcmpgt                  
0000341d  frexp                           
0000341d  frexpl                          
00003479  __TI_ltoa                       
00003529  __aeabi_idiv                    
00003529  __aeabi_idivmod                 
0000357f  DL_I2C_fillControllerTXFIFO     
00003675  DL_UART_init                    
0000370d  mpu6050_init                    
00003759  __aeabi_d2iz                    
00003759  __fixdfsi                       
000037a5  read_accel_data                 
000037ed  read_gyro_data                  
00003835  atoi                            
00003879  motor_init                      
000038bd  DL_Timer_setCaptureCompareOutCtl
000038fd  __aeabi_uidiv                   
000038fd  __aeabi_uidivmod                
0000393d  __aeabi_f2d                     
0000393d  __extendsfdf2                   
000039b9  DL_Timer_setCaptureCompareCtl   
000039f5  TimerG_init                     
00003a31  __TI_auto_init_nobinit_nopinit  
00003a6d  __aeabi_i2f                     
00003a6d  __floatsisf                     
00003aa9  __muldsi3                       
00003ae5  sprintf                         
00003b1d  __aeabi_f2iz                    
00003b1d  __fixsfsi                       
00003b89  DL_I2C_setClockConfig           
00003bbd  DL_Timer_setCaptureCompareAction
00003bf1  DL_Timer_setCaptureCompareInput 
00003c25  DL_Timer_setClockConfig         
00003c59  SYSCFG_DL_initPower             
00003cbd  DL_Timer_setCaptureCompareValue 
00003d41  __aeabi_i2d                     
00003d41  __floatsidf                     
00003e85  DL_UART_transmitDataBlocking    
00003ead  TIMG0_IRQHandler                
00003ed5  _c_int00_noargs                 
00003efd  DL_UART_setClockConfig          
00003f21  memccpy                         
00003f45  __aeabi_lmul                    
00003f45  __muldi3                        
00003f69  SYSCFG_DL_SYSCTL_init           
00003fcd  __aeabi_llsl                    
00003fcd  __ashldi3                       
000040cd  __aeabi_memset                  
000040cd  __aeabi_memset4                 
000040cd  __aeabi_memset8                 
000040dd  __aeabi_memclr                  
000040dd  __aeabi_memclr4                 
000040dd  __aeabi_memclr8                 
0000431f  DL_Common_delayCycles           
000043c1  __TI_zero_init_nomemset         
000043d5  __aeabi_uldivmod                
000043e9  TI_memcpy_small                 
000043fb  __TI_decompress_none            
0000440d  SYSCFG_DL_init                  
0000441d  wcslen                          
0000443b  TI_memset_small                 
000044bb  abs                             
000044c5  __aeabi_memcpy                  
000044c5  __aeabi_memcpy4                 
000044c5  __aeabi_memcpy8                 
000044cd  ADC0_IRQHandler                 
000044cd  ADC1_IRQHandler                 
000044cd  AES_IRQHandler                  
000044cd  CANFD0_IRQHandler               
000044cd  DAC0_IRQHandler                 
000044cd  DMA_IRQHandler                  
000044cd  Default_Handler                 
000044cd  GROUP0_IRQHandler               
000044cd  GROUP1_IRQHandler               
000044cd  HardFault_Handler               
000044cd  I2C0_IRQHandler                 
000044cd  I2C1_IRQHandler                 
000044cd  NMI_Handler                     
000044cd  PendSV_Handler                  
000044cd  RTC_IRQHandler                  
000044cd  SPI0_IRQHandler                 
000044cd  SPI1_IRQHandler                 
000044cd  SVC_Handler                     
000044cd  SysTick_Handler                 
000044cd  TIMA0_IRQHandler                
000044cd  TIMA1_IRQHandler                
000044cd  TIMG12_IRQHandler               
000044cd  TIMG6_IRQHandler                
000044cd  TIMG7_IRQHandler                
000044cd  TIMG8_IRQHandler                
000044cd  UART0_IRQHandler                
000044cd  UART1_IRQHandler                
000044cd  UART2_IRQHandler                
000044cd  UART3_IRQHandler                
000044e5  Reset_Handler                   
000044e9  _system_pre_init                
000044ec  C$$EXIT                         
000044ed  abort                           
00004614  accel_gain                      
00004618  alpha                           
0000461c  dt                              
00004620  __aeabi_ctype_table_            
00004620  __aeabi_ctype_table_C           
00004722  num_cal_data                    
00004724  pwm_period                      
000047d0  __TI_Handler_Table_Base         
000047dc  __TI_Handler_Table_Limit        
000047e4  __TI_CINIT_Base                 
000047f4  __TI_CINIT_Limit                
000047f4  __TI_CINIT_Warm                 
20200000  __start___llvm_prf_bits         
20200000  __start___llvm_prf_cnts         
20200000  __stop___llvm_prf_bits          
20200000  __stop___llvm_prf_cnts          
20200000  gTIMER_0TimerConfig             
20200014  gUART_0Config                   
2020001e  aX                              
20200020  gPWM_1Config                    
20200028  __aeabi_errno                   
2020002c  duty_cycle                      
20200030  integral_error                  
20200034  kd                              
20200038  ki                              
2020003c  kp                              
20200040  ks                              
20200044  max_duty_cycle                  
20200048  motor_speed_x                   
2020004c  pwm_x                           
20200050  t_count                         
20200054  theta_X                         
20200058  theta_aX                        
2020005c  theta_gX                        
20200060  theta_gX_wrong                  
20200064  theta_gY                        
20200068  gPWM_1ClockConfig               
2020006b  gTIMER_0ClockConfig             
2020006e  aX_offset                       
20200070  aXc                             
20200072  aY                              
20200074  aY_offset                       
20200076  aYc                             
20200078  aZ                              
2020007a  aZ_offset                       
2020007c  aZc                             
2020007e  gI2C_0ClockConfig               
20200080  gUART_0ClockConfig              
20200082  gX                              
20200084  gX_offset                       
20200086  gXc                             
20200088  gY                              
2020008a  gY_offset                       
2020008c  gYc                             
2020008e  gZ                              
20200090  gZ_offset                       
20200092  gZc                             
20200094  max_pwm                         
20200096  S1_pressed                      
20200097  S2_pressed                      
20200098  balancing                       
20200099  calibrating                     
2020009c  theta_X_target                  
20207e00  __stack                         
20208000  __STACK_END                     
ffffffff  __TI_pprof_out_hndl             
ffffffff  __TI_prof_data_size             
ffffffff  __TI_prof_data_start            
ffffffff  __binit__                       
ffffffff  binit                           
UNDEFED   __mpu_init                      
UNDEFED   _system_post_cinit              

[250 symbols]
