<?xml version="1.0" encoding="ISO-8859-1" ?>
<link_info>
   <banner>TI ARM Clang Linker PC v2.1.3.LTS</banner>
   <copyright>Copyright (c) 1996-2018 Texas Instruments Incorporated</copyright>
   <link_time>0x6747c1bf</link_time>
   <link_errors>0x0</link_errors>
   <output_file>A_Project_Rev2.out</output_file>
   <entry_point>
      <name>_c_int00_noargs</name>
      <address>0x3c39</address>
   </entry_point>
   <input_file_list>
      <input_file id="fl-1">
         <path>.\</path>
         <kind>object</kind>
         <file>project_rev2.o</file>
         <name>project_rev2.o</name>
      </input_file>
      <input_file id="fl-2">
         <path>.\syscfg\</path>
         <kind>object</kind>
         <file>ti_msp_dl_config.o</file>
         <name>ti_msp_dl_config.o</name>
      </input_file>
      <input_file id="fl-3">
         <path>.\</path>
         <kind>object</kind>
         <file>startup_mspm0g350x_ticlang.o</file>
         <name>startup_mspm0g350x_ticlang.o</name>
      </input_file>
      <input_file id="fl-10">
         <kind>object</kind>
         <file>&lt;internal&gt;</file>
         <name>&lt;internal&gt;</name>
      </input_file>
      <input_file id="fl-11">
         <path>C:\ti\mspm0_sdk_2_01_00_03\source\ti\driverlib\lib\ticlang\m0p\mspm0g1x0x_g3x0x\</path>
         <kind>archive</kind>
         <file>driverlib.a</file>
         <name>dl_common.o</name>
      </input_file>
      <input_file id="fl-12">
         <path>C:\ti\mspm0_sdk_2_01_00_03\source\ti\driverlib\lib\ticlang\m0p\mspm0g1x0x_g3x0x\</path>
         <kind>archive</kind>
         <file>driverlib.a</file>
         <name>dl_i2c.o</name>
      </input_file>
      <input_file id="fl-13">
         <path>C:\ti\mspm0_sdk_2_01_00_03\source\ti\driverlib\lib\ticlang\m0p\mspm0g1x0x_g3x0x\</path>
         <kind>archive</kind>
         <file>driverlib.a</file>
         <name>dl_timer.o</name>
      </input_file>
      <input_file id="fl-14">
         <path>C:\ti\mspm0_sdk_2_01_00_03\source\ti\driverlib\lib\ticlang\m0p\mspm0g1x0x_g3x0x\</path>
         <kind>archive</kind>
         <file>driverlib.a</file>
         <name>dl_uart.o</name>
      </input_file>
      <input_file id="fl-20">
         <path>C:\Program Files\ccs\tools\compiler\ti-cgt-armllvm_2.1.3.LTS\lib\armv6m-ti-none-eabi\c\</path>
         <kind>archive</kind>
         <file>libc.a</file>
         <name>sprintf.c.obj</name>
      </input_file>
      <input_file id="fl-21">
         <path>C:\Program Files\ccs\tools\compiler\ti-cgt-armllvm_2.1.3.LTS\lib\armv6m-ti-none-eabi\c\</path>
         <kind>archive</kind>
         <file>libc.a</file>
         <name>e_atan2.c.obj</name>
      </input_file>
      <input_file id="fl-22">
         <path>C:\Program Files\ccs\tools\compiler\ti-cgt-armllvm_2.1.3.LTS\lib\armv6m-ti-none-eabi\c\</path>
         <kind>archive</kind>
         <file>libc.a</file>
         <name>s_atan.c.obj</name>
      </input_file>
      <input_file id="fl-23">
         <path>C:\Program Files\ccs\tools\compiler\ti-cgt-armllvm_2.1.3.LTS\lib\armv6m-ti-none-eabi\c\</path>
         <kind>archive</kind>
         <file>libc.a</file>
         <name>copy_zero_init.c.obj</name>
      </input_file>
      <input_file id="fl-24">
         <path>C:\Program Files\ccs\tools\compiler\ti-cgt-armllvm_2.1.3.LTS\lib\armv6m-ti-none-eabi\c\</path>
         <kind>archive</kind>
         <file>libc.a</file>
         <name>copy_decompress_none.c.obj</name>
      </input_file>
      <input_file id="fl-25">
         <path>C:\Program Files\ccs\tools\compiler\ti-cgt-armllvm_2.1.3.LTS\lib\armv6m-ti-none-eabi\c\</path>
         <kind>archive</kind>
         <file>libc.a</file>
         <name>copy_decompress_lzss.c.obj</name>
      </input_file>
      <input_file id="fl-26">
         <path>C:\Program Files\ccs\tools\compiler\ti-cgt-armllvm_2.1.3.LTS\lib\armv6m-ti-none-eabi\c\</path>
         <kind>archive</kind>
         <file>libc.a</file>
         <name>boot_cortex_m.c.obj</name>
      </input_file>
      <input_file id="fl-27">
         <path>C:\Program Files\ccs\tools\compiler\ti-cgt-armllvm_2.1.3.LTS\lib\armv6m-ti-none-eabi\c\</path>
         <kind>archive</kind>
         <file>libc.a</file>
         <name>mathacl_init.c.obj</name>
      </input_file>
      <input_file id="fl-28">
         <path>C:\Program Files\ccs\tools\compiler\ti-cgt-armllvm_2.1.3.LTS\lib\armv6m-ti-none-eabi\c\</path>
         <kind>archive</kind>
         <file>libc.a</file>
         <name>_printfi.c.obj</name>
      </input_file>
      <input_file id="fl-29">
         <path>C:\Program Files\ccs\tools\compiler\ti-cgt-armllvm_2.1.3.LTS\lib\armv6m-ti-none-eabi\c\</path>
         <kind>archive</kind>
         <file>libc.a</file>
         <name>s_frexp.c.obj</name>
      </input_file>
      <input_file id="fl-2a">
         <path>C:\Program Files\ccs\tools\compiler\ti-cgt-armllvm_2.1.3.LTS\lib\armv6m-ti-none-eabi\c\</path>
         <kind>archive</kind>
         <file>libc.a</file>
         <name>s_scalbn.c.obj</name>
      </input_file>
      <input_file id="fl-2b">
         <path>C:\Program Files\ccs\tools\compiler\ti-cgt-armllvm_2.1.3.LTS\lib\armv6m-ti-none-eabi\c\</path>
         <kind>archive</kind>
         <file>libc.a</file>
         <name>aeabi_portable.c.obj</name>
      </input_file>
      <input_file id="fl-2c">
         <path>C:\Program Files\ccs\tools\compiler\ti-cgt-armllvm_2.1.3.LTS\lib\armv6m-ti-none-eabi\c\</path>
         <kind>archive</kind>
         <file>libc.a</file>
         <name>exit.c.obj</name>
      </input_file>
      <input_file id="fl-2d">
         <path>C:\Program Files\ccs\tools\compiler\ti-cgt-armllvm_2.1.3.LTS\lib\armv6m-ti-none-eabi\c\</path>
         <kind>archive</kind>
         <file>libc.a</file>
         <name>_lock.c.obj</name>
      </input_file>
      <input_file id="fl-2e">
         <path>C:\Program Files\ccs\tools\compiler\ti-cgt-armllvm_2.1.3.LTS\lib\armv6m-ti-none-eabi\c\</path>
         <kind>archive</kind>
         <file>libc.a</file>
         <name>_ltoa.c.obj</name>
      </input_file>
      <input_file id="fl-2f">
         <path>C:\Program Files\ccs\tools\compiler\ti-cgt-armllvm_2.1.3.LTS\lib\armv6m-ti-none-eabi\c\</path>
         <kind>archive</kind>
         <file>libc.a</file>
         <name>args_main.c.obj</name>
      </input_file>
      <input_file id="fl-30">
         <path>C:\Program Files\ccs\tools\compiler\ti-cgt-armllvm_2.1.3.LTS\lib\armv6m-ti-none-eabi\c\</path>
         <kind>archive</kind>
         <file>libc.a</file>
         <name>assert.c.obj</name>
      </input_file>
      <input_file id="fl-31">
         <path>C:\Program Files\ccs\tools\compiler\ti-cgt-armllvm_2.1.3.LTS\lib\armv6m-ti-none-eabi\c\</path>
         <kind>archive</kind>
         <file>libc.a</file>
         <name>atoi.c.obj</name>
      </input_file>
      <input_file id="fl-32">
         <path>C:\Program Files\ccs\tools\compiler\ti-cgt-armllvm_2.1.3.LTS\lib\armv6m-ti-none-eabi\c\</path>
         <kind>archive</kind>
         <file>libc.a</file>
         <name>defs.c.obj</name>
      </input_file>
      <input_file id="fl-33">
         <path>C:\Program Files\ccs\tools\compiler\ti-cgt-armllvm_2.1.3.LTS\lib\armv6m-ti-none-eabi\c\</path>
         <kind>archive</kind>
         <file>libc.a</file>
         <name>memccpy.c.obj</name>
      </input_file>
      <input_file id="fl-34">
         <path>C:\Program Files\ccs\tools\compiler\ti-cgt-armllvm_2.1.3.LTS\lib\armv6m-ti-none-eabi\c\</path>
         <kind>archive</kind>
         <file>libc.a</file>
         <name>memory.c.obj</name>
      </input_file>
      <input_file id="fl-35">
         <path>C:\Program Files\ccs\tools\compiler\ti-cgt-armllvm_2.1.3.LTS\lib\armv6m-ti-none-eabi\c\</path>
         <kind>archive</kind>
         <file>libc.a</file>
         <name>autoinit.c.obj</name>
      </input_file>
      <input_file id="fl-36">
         <path>C:\Program Files\ccs\tools\compiler\ti-cgt-armllvm_2.1.3.LTS\lib\armv6m-ti-none-eabi\c\</path>
         <kind>archive</kind>
         <file>libc.a</file>
         <name>pre_init.c.obj</name>
      </input_file>
      <input_file id="fl-37">
         <path>C:\Program Files\ccs\tools\compiler\ti-cgt-armllvm_2.1.3.LTS\lib\armv6m-ti-none-eabi\c\</path>
         <kind>archive</kind>
         <file>libc.a</file>
         <name>cpy_tbl.c.obj</name>
      </input_file>
      <input_file id="fl-38">
         <path>C:\Program Files\ccs\tools\compiler\ti-cgt-armllvm_2.1.3.LTS\lib\armv6m-ti-none-eabi\c\</path>
         <kind>archive</kind>
         <file>libc.a</file>
         <name>wcslen.c.obj</name>
      </input_file>
      <input_file id="fl-39">
         <path>C:\Program Files\ccs\tools\compiler\ti-cgt-armllvm_2.1.3.LTS\lib\armv6m-ti-none-eabi\c\</path>
         <kind>archive</kind>
         <file>libc.a</file>
         <name>fflush.c.obj</name>
      </input_file>
      <input_file id="fl-3a">
         <path>C:\Program Files\ccs\tools\compiler\ti-cgt-armllvm_2.1.3.LTS\lib\armv6m-ti-none-eabi\c\</path>
         <kind>archive</kind>
         <file>libc.a</file>
         <name>fputs.c.obj</name>
      </input_file>
      <input_file id="fl-3b">
         <path>C:\Program Files\ccs\tools\compiler\ti-cgt-armllvm_2.1.3.LTS\lib\armv6m-ti-none-eabi\c\</path>
         <kind>archive</kind>
         <file>libc.a</file>
         <name>_io_perm.c.obj</name>
      </input_file>
      <input_file id="fl-3c">
         <path>C:\Program Files\ccs\tools\compiler\ti-cgt-armllvm_2.1.3.LTS\lib\armv6m-ti-none-eabi\c\</path>
         <kind>archive</kind>
         <file>libc.a</file>
         <name>setvbuf.c.obj</name>
      </input_file>
      <input_file id="fl-3d">
         <path>C:\Program Files\ccs\tools\compiler\ti-cgt-armllvm_2.1.3.LTS\lib\armv6m-ti-none-eabi\c\</path>
         <kind>archive</kind>
         <file>libc.a</file>
         <name>aeabi_ctype.S.obj</name>
      </input_file>
      <input_file id="fl-3e">
         <path>C:\Program Files\ccs\tools\compiler\ti-cgt-armllvm_2.1.3.LTS\lib\armv6m-ti-none-eabi\c\</path>
         <kind>archive</kind>
         <file>libc.a</file>
         <name>fopen.c.obj</name>
      </input_file>
      <input_file id="fl-3f">
         <path>C:\Program Files\ccs\tools\compiler\ti-cgt-armllvm_2.1.3.LTS\lib\armv6m-ti-none-eabi\c\</path>
         <kind>archive</kind>
         <file>libc.a</file>
         <name>fseek.c.obj</name>
      </input_file>
      <input_file id="fl-40">
         <path>C:\Program Files\ccs\tools\compiler\ti-cgt-armllvm_2.1.3.LTS\lib\armv6m-ti-none-eabi\c\</path>
         <kind>archive</kind>
         <file>libc.a</file>
         <name>fclose.c.obj</name>
      </input_file>
      <input_file id="fl-79">
         <path>C:\Program Files\ccs\tools\compiler\ti-cgt-armllvm_2.1.3.LTS\lib\armv6m-ti-none-eabi\c\</path>
         <kind>archive</kind>
         <file>libsysbm.a</file>
         <name>write.c.obj</name>
      </input_file>
      <input_file id="fl-7a">
         <path>C:\Program Files\ccs\tools\compiler\ti-cgt-armllvm_2.1.3.LTS\lib\armv6m-ti-none-eabi\c\</path>
         <kind>archive</kind>
         <file>libsysbm.a</file>
         <name>host_device.c.obj</name>
      </input_file>
      <input_file id="fl-7b">
         <path>C:\Program Files\ccs\tools\compiler\ti-cgt-armllvm_2.1.3.LTS\lib\armv6m-ti-none-eabi\c\</path>
         <kind>archive</kind>
         <file>libsysbm.a</file>
         <name>remove.c.obj</name>
      </input_file>
      <input_file id="fl-7c">
         <path>C:\Program Files\ccs\tools\compiler\ti-cgt-armllvm_2.1.3.LTS\lib\armv6m-ti-none-eabi\c\</path>
         <kind>archive</kind>
         <file>libsysbm.a</file>
         <name>open.c.obj</name>
      </input_file>
      <input_file id="fl-7d">
         <path>C:\Program Files\ccs\tools\compiler\ti-cgt-armllvm_2.1.3.LTS\lib\armv6m-ti-none-eabi\c\</path>
         <kind>archive</kind>
         <file>libsysbm.a</file>
         <name>lseek.c.obj</name>
      </input_file>
      <input_file id="fl-7e">
         <path>C:\Program Files\ccs\tools\compiler\ti-cgt-armllvm_2.1.3.LTS\lib\armv6m-ti-none-eabi\c\</path>
         <kind>archive</kind>
         <file>libsysbm.a</file>
         <name>close.c.obj</name>
      </input_file>
      <input_file id="fl-7f">
         <path>C:\Program Files\ccs\tools\compiler\ti-cgt-armllvm_2.1.3.LTS\lib\armv6m-ti-none-eabi\c\</path>
         <kind>archive</kind>
         <file>libsysbm.a</file>
         <name>unlink.c.obj</name>
      </input_file>
      <input_file id="fl-80">
         <path>C:\Program Files\ccs\tools\compiler\ti-cgt-armllvm_2.1.3.LTS\lib\armv6m-ti-none-eabi\c\</path>
         <kind>archive</kind>
         <file>libsysbm.a</file>
         <name>hostclose.c.obj</name>
      </input_file>
      <input_file id="fl-81">
         <path>C:\Program Files\ccs\tools\compiler\ti-cgt-armllvm_2.1.3.LTS\lib\armv6m-ti-none-eabi\c\</path>
         <kind>archive</kind>
         <file>libsysbm.a</file>
         <name>hostlseek.c.obj</name>
      </input_file>
      <input_file id="fl-82">
         <path>C:\Program Files\ccs\tools\compiler\ti-cgt-armllvm_2.1.3.LTS\lib\armv6m-ti-none-eabi\c\</path>
         <kind>archive</kind>
         <file>libsysbm.a</file>
         <name>hostopen.c.obj</name>
      </input_file>
      <input_file id="fl-83">
         <path>C:\Program Files\ccs\tools\compiler\ti-cgt-armllvm_2.1.3.LTS\lib\armv6m-ti-none-eabi\c\</path>
         <kind>archive</kind>
         <file>libsysbm.a</file>
         <name>hostread.c.obj</name>
      </input_file>
      <input_file id="fl-84">
         <path>C:\Program Files\ccs\tools\compiler\ti-cgt-armllvm_2.1.3.LTS\lib\armv6m-ti-none-eabi\c\</path>
         <kind>archive</kind>
         <file>libsysbm.a</file>
         <name>hostrename.c.obj</name>
      </input_file>
      <input_file id="fl-85">
         <path>C:\Program Files\ccs\tools\compiler\ti-cgt-armllvm_2.1.3.LTS\lib\armv6m-ti-none-eabi\c\</path>
         <kind>archive</kind>
         <file>libsysbm.a</file>
         <name>hostunlink.c.obj</name>
      </input_file>
      <input_file id="fl-86">
         <path>C:\Program Files\ccs\tools\compiler\ti-cgt-armllvm_2.1.3.LTS\lib\armv6m-ti-none-eabi\c\</path>
         <kind>archive</kind>
         <file>libsysbm.a</file>
         <name>hostwrite.c.obj</name>
      </input_file>
      <input_file id="fl-87">
         <path>C:\Program Files\ccs\tools\compiler\ti-cgt-armllvm_2.1.3.LTS\lib\armv6m-ti-none-eabi\c\</path>
         <kind>archive</kind>
         <file>libsysbm.a</file>
         <name>trgmsg.c.obj</name>
      </input_file>
      <input_file id="fl-88">
         <path>C:\Program Files\ccs\tools\compiler\ti-cgt-armllvm_2.1.3.LTS\lib\clang\14.0.6\lib\armv6m-ti-none-eabi\</path>
         <kind>archive</kind>
         <file>libclang_rt.builtins.a</file>
         <name>addsf3.S.obj</name>
      </input_file>
      <input_file id="fl-89">
         <path>C:\Program Files\ccs\tools\compiler\ti-cgt-armllvm_2.1.3.LTS\lib\clang\14.0.6\lib\armv6m-ti-none-eabi\</path>
         <kind>archive</kind>
         <file>libclang_rt.builtins.a</file>
         <name>adddf3.S.obj</name>
      </input_file>
      <input_file id="fl-8a">
         <path>C:\Program Files\ccs\tools\compiler\ti-cgt-armllvm_2.1.3.LTS\lib\clang\14.0.6\lib\armv6m-ti-none-eabi\</path>
         <kind>archive</kind>
         <file>libclang_rt.builtins.a</file>
         <name>muldf3.S.obj</name>
      </input_file>
      <input_file id="fl-8b">
         <path>C:\Program Files\ccs\tools\compiler\ti-cgt-armllvm_2.1.3.LTS\lib\clang\14.0.6\lib\armv6m-ti-none-eabi\</path>
         <kind>archive</kind>
         <file>libclang_rt.builtins.a</file>
         <name>muldsi3.S.obj</name>
      </input_file>
      <input_file id="fl-8c">
         <path>C:\Program Files\ccs\tools\compiler\ti-cgt-armllvm_2.1.3.LTS\lib\clang\14.0.6\lib\armv6m-ti-none-eabi\</path>
         <kind>archive</kind>
         <file>libclang_rt.builtins.a</file>
         <name>mulsf3.S.obj</name>
      </input_file>
      <input_file id="fl-8d">
         <path>C:\Program Files\ccs\tools\compiler\ti-cgt-armllvm_2.1.3.LTS\lib\clang\14.0.6\lib\armv6m-ti-none-eabi\</path>
         <kind>archive</kind>
         <file>libclang_rt.builtins.a</file>
         <name>divsf3.S.obj</name>
      </input_file>
      <input_file id="fl-8e">
         <path>C:\Program Files\ccs\tools\compiler\ti-cgt-armllvm_2.1.3.LTS\lib\clang\14.0.6\lib\armv6m-ti-none-eabi\</path>
         <kind>archive</kind>
         <file>libclang_rt.builtins.a</file>
         <name>divdf3.S.obj</name>
      </input_file>
      <input_file id="fl-8f">
         <path>C:\Program Files\ccs\tools\compiler\ti-cgt-armllvm_2.1.3.LTS\lib\clang\14.0.6\lib\armv6m-ti-none-eabi\</path>
         <kind>archive</kind>
         <file>libclang_rt.builtins.a</file>
         <name>extendsfdf2.S.obj</name>
      </input_file>
      <input_file id="fl-90">
         <path>C:\Program Files\ccs\tools\compiler\ti-cgt-armllvm_2.1.3.LTS\lib\clang\14.0.6\lib\armv6m-ti-none-eabi\</path>
         <kind>archive</kind>
         <file>libclang_rt.builtins.a</file>
         <name>fixdfsi.S.obj</name>
      </input_file>
      <input_file id="fl-91">
         <path>C:\Program Files\ccs\tools\compiler\ti-cgt-armllvm_2.1.3.LTS\lib\clang\14.0.6\lib\armv6m-ti-none-eabi\</path>
         <kind>archive</kind>
         <file>libclang_rt.builtins.a</file>
         <name>fixsfsi.S.obj</name>
      </input_file>
      <input_file id="fl-92">
         <path>C:\Program Files\ccs\tools\compiler\ti-cgt-armllvm_2.1.3.LTS\lib\clang\14.0.6\lib\armv6m-ti-none-eabi\</path>
         <kind>archive</kind>
         <file>libclang_rt.builtins.a</file>
         <name>floatsidf.S.obj</name>
      </input_file>
      <input_file id="fl-93">
         <path>C:\Program Files\ccs\tools\compiler\ti-cgt-armllvm_2.1.3.LTS\lib\clang\14.0.6\lib\armv6m-ti-none-eabi\</path>
         <kind>archive</kind>
         <file>libclang_rt.builtins.a</file>
         <name>floatsisf.S.obj</name>
      </input_file>
      <input_file id="fl-94">
         <path>C:\Program Files\ccs\tools\compiler\ti-cgt-armllvm_2.1.3.LTS\lib\clang\14.0.6\lib\armv6m-ti-none-eabi\</path>
         <kind>archive</kind>
         <file>libclang_rt.builtins.a</file>
         <name>muldi3.S.obj</name>
      </input_file>
      <input_file id="fl-95">
         <path>C:\Program Files\ccs\tools\compiler\ti-cgt-armllvm_2.1.3.LTS\lib\clang\14.0.6\lib\armv6m-ti-none-eabi\</path>
         <kind>archive</kind>
         <file>libclang_rt.builtins.a</file>
         <name>truncdfsf2.S.obj</name>
      </input_file>
      <input_file id="fl-96">
         <path>C:\Program Files\ccs\tools\compiler\ti-cgt-armllvm_2.1.3.LTS\lib\clang\14.0.6\lib\armv6m-ti-none-eabi\</path>
         <kind>archive</kind>
         <file>libclang_rt.builtins.a</file>
         <name>aeabi_dcmp.S.obj</name>
      </input_file>
      <input_file id="fl-97">
         <path>C:\Program Files\ccs\tools\compiler\ti-cgt-armllvm_2.1.3.LTS\lib\clang\14.0.6\lib\armv6m-ti-none-eabi\</path>
         <kind>archive</kind>
         <file>libclang_rt.builtins.a</file>
         <name>aeabi_idivmod.S.obj</name>
      </input_file>
      <input_file id="fl-98">
         <path>C:\Program Files\ccs\tools\compiler\ti-cgt-armllvm_2.1.3.LTS\lib\clang\14.0.6\lib\armv6m-ti-none-eabi\</path>
         <kind>archive</kind>
         <file>libclang_rt.builtins.a</file>
         <name>aeabi_memcpy.S.obj</name>
      </input_file>
      <input_file id="fl-99">
         <path>C:\Program Files\ccs\tools\compiler\ti-cgt-armllvm_2.1.3.LTS\lib\clang\14.0.6\lib\armv6m-ti-none-eabi\</path>
         <kind>archive</kind>
         <file>libclang_rt.builtins.a</file>
         <name>aeabi_memset.S.obj</name>
      </input_file>
      <input_file id="fl-9a">
         <path>C:\Program Files\ccs\tools\compiler\ti-cgt-armllvm_2.1.3.LTS\lib\clang\14.0.6\lib\armv6m-ti-none-eabi\</path>
         <kind>archive</kind>
         <file>libclang_rt.builtins.a</file>
         <name>aeabi_uidivmod.S.obj</name>
      </input_file>
      <input_file id="fl-9b">
         <path>C:\Program Files\ccs\tools\compiler\ti-cgt-armllvm_2.1.3.LTS\lib\clang\14.0.6\lib\armv6m-ti-none-eabi\</path>
         <kind>archive</kind>
         <file>libclang_rt.builtins.a</file>
         <name>aeabi_uldivmod.S.obj</name>
      </input_file>
      <input_file id="fl-9c">
         <path>C:\Program Files\ccs\tools\compiler\ti-cgt-armllvm_2.1.3.LTS\lib\clang\14.0.6\lib\armv6m-ti-none-eabi\</path>
         <kind>archive</kind>
         <file>libclang_rt.builtins.a</file>
         <name>udivmoddi4.S.obj</name>
      </input_file>
      <input_file id="fl-9d">
         <path>C:\Program Files\ccs\tools\compiler\ti-cgt-armllvm_2.1.3.LTS\lib\clang\14.0.6\lib\armv6m-ti-none-eabi\</path>
         <kind>archive</kind>
         <file>libclang_rt.builtins.a</file>
         <name>ashldi3.S.obj</name>
      </input_file>
      <input_file id="fl-9e">
         <path>C:\Program Files\ccs\tools\compiler\ti-cgt-armllvm_2.1.3.LTS\lib\clang\14.0.6\lib\armv6m-ti-none-eabi\</path>
         <kind>archive</kind>
         <file>libclang_rt.builtins.a</file>
         <name>comparedf2.c.obj</name>
      </input_file>
      <input_file id="fl-9f">
         <path>C:\Program Files\ccs\tools\compiler\ti-cgt-armllvm_2.1.3.LTS\lib\clang\14.0.6\lib\armv6m-ti-none-eabi\</path>
         <kind>archive</kind>
         <file>libclang_rt.builtins.a</file>
         <name>aeabi_div0.c.obj</name>
      </input_file>
      <input_file id="fl-a0">
         <path>C:\Program Files\ccs\tools\compiler\ti-cgt-armllvm_2.1.3.LTS\lib\armv6m-ti-none-eabi\c\</path>
         <kind>archive</kind>
         <file>libc.a</file>
         <name>getdevice.c.obj</name>
      </input_file>
      <input_file id="fl-a1">
         <path>C:\Program Files\ccs\tools\compiler\ti-cgt-armllvm_2.1.3.LTS\lib\armv6m-ti-none-eabi\c\</path>
         <kind>archive</kind>
         <file>libc.a</file>
         <name>memcpy16.S.obj</name>
      </input_file>
      <input_file id="fl-a2">
         <path>C:\Program Files\ccs\tools\compiler\ti-cgt-armllvm_2.1.3.LTS\lib\armv6m-ti-none-eabi\c\</path>
         <kind>archive</kind>
         <file>libc.a</file>
         <name>memset16.S.obj</name>
      </input_file>
   </input_file_list>
   <object_component_list>
      <object_component id="oc-18">
         <name>.intvecs</name>
         <load_address>0x0</load_address>
         <run_address>0x0</run_address>
         <size>0xc0</size>
         <input_file_ref idref="fl-3"/>
      </object_component>
      <object_component id="oc-1bf">
         <name>.text:__TI_printfi</name>
         <load_address>0xc0</load_address>
         <run_address>0xc0</run_address>
         <size>0xa18</size>
         <input_file_ref idref="fl-28"/>
      </object_component>
      <object_component id="oc-103">
         <name>.text.atan</name>
         <load_address>0xad8</load_address>
         <run_address>0xad8</run_address>
         <size>0x2e0</size>
         <input_file_ref idref="fl-22"/>
      </object_component>
      <object_component id="oc-53">
         <name>.text.read_sensor_data</name>
         <load_address>0xdb8</load_address>
         <run_address>0xdb8</run_address>
         <size>0x268</size>
         <input_file_ref idref="fl-1"/>
      </object_component>
      <object_component id="oc-1e3">
         <name>.text._pconv_a</name>
         <load_address>0x1020</load_address>
         <run_address>0x1020</run_address>
         <size>0x210</size>
         <input_file_ref idref="fl-28"/>
      </object_component>
      <object_component id="oc-1e6">
         <name>.text._pconv_g</name>
         <load_address>0x1230</load_address>
         <run_address>0x1230</run_address>
         <size>0x1d8</size>
         <input_file_ref idref="fl-28"/>
      </object_component>
      <object_component id="oc-54">
         <name>.text.estimate_attitude</name>
         <load_address>0x1408</load_address>
         <run_address>0x1408</run_address>
         <size>0x1d0</size>
         <input_file_ref idref="fl-1"/>
      </object_component>
      <object_component id="oc-d3">
         <name>.text.calibrate_sensor</name>
         <load_address>0x15d8</load_address>
         <run_address>0x15d8</run_address>
         <size>0x1a8</size>
         <input_file_ref idref="fl-1"/>
      </object_component>
      <object_component id="oc-a6">
         <name>.text.atan2</name>
         <load_address>0x1780</load_address>
         <run_address>0x1780</run_address>
         <size>0x1a0</size>
         <input_file_ref idref="fl-21"/>
      </object_component>
      <object_component id="oc-ff">
         <name>.text</name>
         <load_address>0x1920</load_address>
         <run_address>0x1920</run_address>
         <size>0x192</size>
         <input_file_ref idref="fl-89"/>
      </object_component>
      <object_component id="oc-11a">
         <name>.text.SYSCFG_DL_GPIO_init</name>
         <load_address>0x1ab2</load_address>
         <run_address>0x1ab2</run_address>
         <size>0x2</size>
         <input_file_ref idref="fl-2"/>
      </object_component>
      <object_component id="oc-20e">
         <name>.text.fcvt</name>
         <load_address>0x1ab4</load_address>
         <run_address>0x1ab4</run_address>
         <size>0x138</size>
         <input_file_ref idref="fl-28"/>
      </object_component>
      <object_component id="oc-1e4">
         <name>.text._pconv_e</name>
         <load_address>0x1bec</load_address>
         <run_address>0x1bec</run_address>
         <size>0x11c</size>
         <input_file_ref idref="fl-28"/>
      </object_component>
      <object_component id="oc-ce">
         <name>.text.TimerA_PWM_init</name>
         <load_address>0x1d08</load_address>
         <run_address>0x1d08</run_address>
         <size>0x114</size>
         <input_file_ref idref="fl-1"/>
      </object_component>
      <object_component id="oc-190">
         <name>.text.DL_Timer_initPWMMode</name>
         <load_address>0x1e1c</load_address>
         <run_address>0x1e1c</run_address>
         <size>0x110</size>
         <input_file_ref idref="fl-13"/>
      </object_component>
      <object_component id="oc-2b">
         <name>.text.TIMG0_IRQHandler</name>
         <load_address>0x1f2c</load_address>
         <run_address>0x1f2c</run_address>
         <size>0x110</size>
         <input_file_ref idref="fl-1"/>
      </object_component>
      <object_component id="oc-109">
         <name>.text</name>
         <load_address>0x203c</load_address>
         <run_address>0x203c</run_address>
         <size>0x10c</size>
         <input_file_ref idref="fl-8e"/>
      </object_component>
      <object_component id="oc-5d">
         <name>.text.drive_motor</name>
         <load_address>0x2148</load_address>
         <run_address>0x2148</run_address>
         <size>0x104</size>
         <input_file_ref idref="fl-1"/>
      </object_component>
      <object_component id="oc-131">
         <name>.text.DL_Timer_initTimerMode</name>
         <load_address>0x224c</load_address>
         <run_address>0x224c</run_address>
         <size>0x100</size>
         <input_file_ref idref="fl-13"/>
      </object_component>
      <object_component id="oc-77">
         <name>.text.main</name>
         <load_address>0x234c</load_address>
         <run_address>0x234c</run_address>
         <size>0xf4</size>
         <input_file_ref idref="fl-1"/>
      </object_component>
      <object_component id="oc-136">
         <name>.text.DL_TimerA_initPWMMode</name>
         <load_address>0x2440</load_address>
         <run_address>0x2440</run_address>
         <size>0xec</size>
         <input_file_ref idref="fl-13"/>
      </object_component>
      <object_component id="oc-aa">
         <name>.text</name>
         <load_address>0x252c</load_address>
         <run_address>0x252c</run_address>
         <size>0xe4</size>
         <input_file_ref idref="fl-8a"/>
      </object_component>
      <object_component id="oc-14b">
         <name>.text.i2c_write</name>
         <load_address>0x2610</load_address>
         <run_address>0x2610</run_address>
         <size>0xd8</size>
         <input_file_ref idref="fl-1"/>
      </object_component>
      <object_component id="oc-200">
         <name>.text.scalbn</name>
         <load_address>0x26e8</load_address>
         <run_address>0x26e8</run_address>
         <size>0xd8</size>
         <input_file_ref idref="fl-2a"/>
      </object_component>
      <object_component id="oc-84">
         <name>.text</name>
         <load_address>0x27c0</load_address>
         <run_address>0x27c0</run_address>
         <size>0xd8</size>
         <input_file_ref idref="fl-88"/>
      </object_component>
      <object_component id="oc-cc">
         <name>.text.UART_init</name>
         <load_address>0x2898</load_address>
         <run_address>0x2898</run_address>
         <size>0xd0</size>
         <input_file_ref idref="fl-1"/>
      </object_component>
      <object_component id="oc-f6">
         <name>.text.i2c_read</name>
         <load_address>0x2968</load_address>
         <run_address>0x2968</run_address>
         <size>0xc0</size>
         <input_file_ref idref="fl-1"/>
      </object_component>
      <object_component id="oc-d9">
         <name>.text.print_attitude_data</name>
         <load_address>0x2a28</load_address>
         <run_address>0x2a28</run_address>
         <size>0xa8</size>
         <input_file_ref idref="fl-1"/>
      </object_component>
      <object_component id="oc-1f7">
         <name>.text</name>
         <load_address>0x2ad0</load_address>
         <run_address>0x2ad0</run_address>
         <size>0xa2</size>
         <input_file_ref idref="fl-9c"/>
      </object_component>
      <object_component id="oc-192">
         <name>.text.__aeabi_idiv0</name>
         <load_address>0x2b72</load_address>
         <run_address>0x2b72</run_address>
         <size>0x2</size>
         <input_file_ref idref="fl-9f"/>
      </object_component>
      <object_component id="oc-cb">
         <name>.text.GPIO_init</name>
         <load_address>0x2b74</load_address>
         <run_address>0x2b74</run_address>
         <size>0x9c</size>
         <input_file_ref idref="fl-1"/>
      </object_component>
      <object_component id="oc-d2">
         <name>.text.check_switches</name>
         <load_address>0x2c10</load_address>
         <run_address>0x2c10</run_address>
         <size>0x90</size>
         <input_file_ref idref="fl-1"/>
      </object_component>
      <object_component id="oc-cf">
         <name>.text.I2C_init</name>
         <load_address>0x2ca0</load_address>
         <run_address>0x2ca0</run_address>
         <size>0x8c</size>
         <input_file_ref idref="fl-1"/>
      </object_component>
      <object_component id="oc-88">
         <name>.text</name>
         <load_address>0x2d2c</load_address>
         <run_address>0x2d2c</run_address>
         <size>0x8c</size>
         <input_file_ref idref="fl-8c"/>
      </object_component>
      <object_component id="oc-59">
         <name>.text</name>
         <load_address>0x2db8</load_address>
         <run_address>0x2db8</run_address>
         <size>0x82</size>
         <input_file_ref idref="fl-8d"/>
      </object_component>
      <object_component id="oc-20f">
         <name>.text.__aeabi_ldiv0</name>
         <load_address>0x2e3a</load_address>
         <run_address>0x2e3a</run_address>
         <size>0x2</size>
         <input_file_ref idref="fl-9f"/>
      </object_component>
      <object_component id="oc-d1">
         <name>.text.motor_init</name>
         <load_address>0x2e3c</load_address>
         <run_address>0x2e3c</run_address>
         <size>0x7c</size>
         <input_file_ref idref="fl-1"/>
      </object_component>
      <object_component id="oc-da">
         <name>.text.print_control_data</name>
         <load_address>0x2eb8</load_address>
         <run_address>0x2eb8</run_address>
         <size>0x74</size>
         <input_file_ref idref="fl-1"/>
      </object_component>
      <object_component id="oc-2a">
         <name>.text.Default_Handler</name>
         <load_address>0x2f2c</load_address>
         <run_address>0x2f2c</run_address>
         <size>0x4</size>
         <input_file_ref idref="fl-3"/>
      </object_component>
      <object_component id="oc-ae">
         <name>.text</name>
         <load_address>0x2f30</load_address>
         <run_address>0x2f30</run_address>
         <size>0x74</size>
         <input_file_ref idref="fl-95"/>
      </object_component>
      <object_component id="oc-1b1">
         <name>.text.__gedf2</name>
         <load_address>0x2fa4</load_address>
         <run_address>0x2fa4</run_address>
         <size>0x70</size>
         <input_file_ref idref="fl-9e"/>
      </object_component>
      <object_component id="oc-1ab">
         <name>.text.__ledf2</name>
         <load_address>0x3014</load_address>
         <run_address>0x3014</run_address>
         <size>0x70</size>
         <input_file_ref idref="fl-9e"/>
      </object_component>
      <object_component id="oc-1c">
         <name>.text:decompress:lzss</name>
         <load_address>0x3084</load_address>
         <run_address>0x3084</run_address>
         <size>0x68</size>
         <input_file_ref idref="fl-25"/>
      </object_component>
      <object_component id="oc-20c">
         <name>.text._mcpy</name>
         <load_address>0x30ec</load_address>
         <run_address>0x30ec</run_address>
         <size>0x66</size>
         <input_file_ref idref="fl-28"/>
      </object_component>
      <object_component id="oc-174">
         <name>.text</name>
         <load_address>0x3154</load_address>
         <run_address>0x3154</run_address>
         <size>0x62</size>
         <input_file_ref idref="fl-96"/>
      </object_component>
      <object_component id="oc-1fc">
         <name>.text.frexp</name>
         <load_address>0x31b8</load_address>
         <run_address>0x31b8</run_address>
         <size>0x5c</size>
         <input_file_ref idref="fl-29"/>
      </object_component>
      <object_component id="oc-204">
         <name>.text.__TI_ltoa</name>
         <load_address>0x3214</load_address>
         <run_address>0x3214</run_address>
         <size>0x58</size>
         <input_file_ref idref="fl-2e"/>
      </object_component>
      <object_component id="oc-1e5">
         <name>.text._pconv_f</name>
         <load_address>0x326c</load_address>
         <run_address>0x326c</run_address>
         <size>0x58</size>
         <input_file_ref idref="fl-28"/>
      </object_component>
      <object_component id="oc-150">
         <name>.text</name>
         <load_address>0x32c4</load_address>
         <run_address>0x32c4</run_address>
         <size>0x56</size>
         <input_file_ref idref="fl-97"/>
      </object_component>
      <object_component id="oc-16d">
         <name>.text.DL_I2C_fillControllerTXFIFO</name>
         <load_address>0x331a</load_address>
         <run_address>0x331a</run_address>
         <size>0x54</size>
         <input_file_ref idref="fl-12"/>
      </object_component>
      <object_component id="oc-16f">
         <name>.text.DL_I2C_startControllerTransfer</name>
         <load_address>0x3370</load_address>
         <run_address>0x3370</run_address>
         <size>0x50</size>
         <input_file_ref idref="fl-1"/>
      </object_component>
      <object_component id="oc-20a">
         <name>.text._ecpy</name>
         <load_address>0x33c0</load_address>
         <run_address>0x33c0</run_address>
         <size>0x50</size>
         <input_file_ref idref="fl-28"/>
      </object_component>
      <object_component id="oc-125">
         <name>.text.DL_UART_init</name>
         <load_address>0x3410</load_address>
         <run_address>0x3410</run_address>
         <size>0x4c</size>
         <input_file_ref idref="fl-14"/>
      </object_component>
      <object_component id="oc-12b">
         <name>.text.DL_UART_setBaudRateDivisor</name>
         <load_address>0x345c</load_address>
         <run_address>0x345c</run_address>
         <size>0x4c</size>
         <input_file_ref idref="fl-1"/>
      </object_component>
      <object_component id="oc-d0">
         <name>.text.mpu6050_init</name>
         <load_address>0x34a8</load_address>
         <run_address>0x34a8</run_address>
         <size>0x4c</size>
         <input_file_ref idref="fl-1"/>
      </object_component>
      <object_component id="oc-127">
         <name>.text</name>
         <load_address>0x34f4</load_address>
         <run_address>0x34f4</run_address>
         <size>0x4a</size>
         <input_file_ref idref="fl-90"/>
      </object_component>
      <object_component id="oc-82">
         <name>.text.read_accel_data</name>
         <load_address>0x3540</load_address>
         <run_address>0x3540</run_address>
         <size>0x48</size>
         <input_file_ref idref="fl-1"/>
      </object_component>
      <object_component id="oc-83">
         <name>.text.read_gyro_data</name>
         <load_address>0x3588</load_address>
         <run_address>0x3588</run_address>
         <size>0x48</size>
         <input_file_ref idref="fl-1"/>
      </object_component>
      <object_component id="oc-1ce">
         <name>.text.atoi</name>
         <load_address>0x35d0</load_address>
         <run_address>0x35d0</run_address>
         <size>0x44</size>
         <input_file_ref idref="fl-31"/>
      </object_component>
      <object_component id="oc-137">
         <name>.text.DL_Timer_setCaptureCompareOutCtl</name>
         <load_address>0x3614</load_address>
         <run_address>0x3614</run_address>
         <size>0x40</size>
         <input_file_ref idref="fl-13"/>
      </object_component>
      <object_component id="oc-1c8">
         <name>.text</name>
         <load_address>0x3654</load_address>
         <run_address>0x3654</run_address>
         <size>0x40</size>
         <input_file_ref idref="fl-9a"/>
      </object_component>
      <object_component id="oc-15d">
         <name>.text</name>
         <load_address>0x3694</load_address>
         <run_address>0x3694</run_address>
         <size>0x40</size>
         <input_file_ref idref="fl-8f"/>
      </object_component>
      <object_component id="oc-140">
         <name>.text.DL_GPIO_initPeripheralInputFunctionFeatures</name>
         <load_address>0x36d4</load_address>
         <run_address>0x36d4</run_address>
         <size>0x3c</size>
         <input_file_ref idref="fl-1"/>
      </object_component>
      <object_component id="oc-18d">
         <name>.text.DL_Timer_setCaptureCompareCtl</name>
         <load_address>0x3710</load_address>
         <run_address>0x3710</run_address>
         <size>0x3c</size>
         <input_file_ref idref="fl-13"/>
      </object_component>
      <object_component id="oc-cd">
         <name>.text.TimerG_init</name>
         <load_address>0x374c</load_address>
         <run_address>0x374c</run_address>
         <size>0x3c</size>
         <input_file_ref idref="fl-1"/>
      </object_component>
      <object_component id="oc-e4">
         <name>.text:__TI_auto_init_nobinit_nopinit</name>
         <load_address>0x3788</load_address>
         <run_address>0x3788</run_address>
         <size>0x3c</size>
         <input_file_ref idref="fl-35"/>
      </object_component>
      <object_component id="oc-55">
         <name>.text</name>
         <load_address>0x37c4</load_address>
         <run_address>0x37c4</run_address>
         <size>0x3c</size>
         <input_file_ref idref="fl-93"/>
      </object_component>
      <object_component id="oc-f8">
         <name>.text</name>
         <load_address>0x3800</load_address>
         <run_address>0x3800</run_address>
         <size>0x3a</size>
         <input_file_ref idref="fl-8b"/>
      </object_component>
      <object_component id="oc-154">
         <name>.text.sprintf</name>
         <load_address>0x383c</load_address>
         <run_address>0x383c</run_address>
         <size>0x38</size>
         <input_file_ref idref="fl-20"/>
      </object_component>
      <object_component id="oc-8c">
         <name>.text</name>
         <load_address>0x3874</load_address>
         <run_address>0x3874</run_address>
         <size>0x38</size>
         <input_file_ref idref="fl-91"/>
      </object_component>
      <object_component id="oc-120">
         <name>.text.DL_GPIO_initDigitalInputFeatures</name>
         <load_address>0x38ac</load_address>
         <run_address>0x38ac</run_address>
         <size>0x34</size>
         <input_file_ref idref="fl-1"/>
      </object_component>
      <object_component id="oc-142">
         <name>.text.DL_I2C_setClockConfig</name>
         <load_address>0x38e0</load_address>
         <run_address>0x38e0</run_address>
         <size>0x34</size>
         <input_file_ref idref="fl-12"/>
      </object_component>
      <object_component id="oc-18e">
         <name>.text.DL_Timer_setCaptureCompareAction</name>
         <load_address>0x3914</load_address>
         <run_address>0x3914</run_address>
         <size>0x34</size>
         <input_file_ref idref="fl-13"/>
      </object_component>
      <object_component id="oc-18f">
         <name>.text.DL_Timer_setCaptureCompareInput</name>
         <load_address>0x3948</load_address>
         <run_address>0x3948</run_address>
         <size>0x34</size>
         <input_file_ref idref="fl-13"/>
      </object_component>
      <object_component id="oc-130">
         <name>.text.DL_Timer_setClockConfig</name>
         <load_address>0x397c</load_address>
         <run_address>0x397c</run_address>
         <size>0x34</size>
         <input_file_ref idref="fl-13"/>
      </object_component>
      <object_component id="oc-119">
         <name>.text.SYSCFG_DL_initPower</name>
         <load_address>0x39b0</load_address>
         <run_address>0x39b0</run_address>
         <size>0x34</size>
         <input_file_ref idref="fl-2"/>
      </object_component>
      <object_component id="oc-d8">
         <name>.text.__NVIC_DisableIRQ</name>
         <load_address>0x39e4</load_address>
         <run_address>0x39e4</run_address>
         <size>0x34</size>
         <input_file_ref idref="fl-1"/>
      </object_component>
      <object_component id="oc-20b">
         <name>.text._fcpy</name>
         <load_address>0x3a18</load_address>
         <run_address>0x3a18</run_address>
         <size>0x30</size>
         <input_file_ref idref="fl-28"/>
      </object_component>
      <object_component id="oc-ba">
         <name>.text.DL_Timer_setCaptureCompareValue</name>
         <load_address>0x3a48</load_address>
         <run_address>0x3a48</run_address>
         <size>0x2c</size>
         <input_file_ref idref="fl-13"/>
      </object_component>
      <object_component id="oc-d4">
         <name>.text.__NVIC_ClearPendingIRQ</name>
         <load_address>0x3a74</load_address>
         <run_address>0x3a74</run_address>
         <size>0x2c</size>
         <input_file_ref idref="fl-1"/>
      </object_component>
      <object_component id="oc-d5">
         <name>.text.__NVIC_EnableIRQ</name>
         <load_address>0x3aa0</load_address>
         <run_address>0x3aa0</run_address>
         <size>0x2c</size>
         <input_file_ref idref="fl-1"/>
      </object_component>
      <object_component id="oc-a2">
         <name>.text</name>
         <load_address>0x3acc</load_address>
         <run_address>0x3acc</run_address>
         <size>0x2c</size>
         <input_file_ref idref="fl-92"/>
      </object_component>
      <object_component id="oc-191">
         <name>.text.DL_Common_updateReg</name>
         <load_address>0x3af8</load_address>
         <run_address>0x3af8</run_address>
         <size>0x28</size>
         <input_file_ref idref="fl-12"/>
      </object_component>
      <object_component id="oc-1b4">
         <name>.text.DL_Common_updateReg</name>
         <load_address>0x3b20</load_address>
         <run_address>0x3b20</run_address>
         <size>0x28</size>
         <input_file_ref idref="fl-13"/>
      </object_component>
      <object_component id="oc-188">
         <name>.text.DL_Common_updateReg</name>
         <load_address>0x3b48</load_address>
         <run_address>0x3b48</run_address>
         <size>0x28</size>
         <input_file_ref idref="fl-14"/>
      </object_component>
      <object_component id="oc-189">
         <name>.text.DL_Common_updateReg</name>
         <load_address>0x3b70</load_address>
         <run_address>0x3b70</run_address>
         <size>0x28</size>
         <input_file_ref idref="fl-1"/>
      </object_component>
      <object_component id="oc-1b3">
         <name>.text.DL_Common_updateReg</name>
         <load_address>0x3b98</load_address>
         <run_address>0x3b98</run_address>
         <size>0x28</size>
         <input_file_ref idref="fl-2"/>
      </object_component>
      <object_component id="oc-147">
         <name>.text.DL_I2C_setControllerRXFIFOThreshold</name>
         <load_address>0x3bc0</load_address>
         <run_address>0x3bc0</run_address>
         <size>0x28</size>
         <input_file_ref idref="fl-1"/>
      </object_component>
      <object_component id="oc-146">
         <name>.text.DL_I2C_setControllerTXFIFOThreshold</name>
         <load_address>0x3be8</load_address>
         <run_address>0x3be8</run_address>
         <size>0x28</size>
         <input_file_ref idref="fl-1"/>
      </object_component>
      <object_component id="oc-15a">
         <name>.text.DL_UART_transmitDataBlocking</name>
         <load_address>0x3c10</load_address>
         <run_address>0x3c10</run_address>
         <size>0x28</size>
         <input_file_ref idref="fl-14"/>
      </object_component>
      <object_component id="oc-4b">
         <name>.text:_c_int00_noargs</name>
         <load_address>0x3c38</load_address>
         <run_address>0x3c38</run_address>
         <size>0x28</size>
         <input_file_ref idref="fl-26"/>
      </object_component>
      <object_component id="oc-124">
         <name>.text.DL_UART_setClockConfig</name>
         <load_address>0x3c60</load_address>
         <run_address>0x3c60</run_address>
         <size>0x24</size>
         <input_file_ref idref="fl-14"/>
      </object_component>
      <object_component id="oc-1c3">
         <name>.text.memccpy</name>
         <load_address>0x3c84</load_address>
         <run_address>0x3c84</run_address>
         <size>0x24</size>
         <input_file_ref idref="fl-33"/>
      </object_component>
      <object_component id="oc-1db">
         <name>.text</name>
         <load_address>0x3ca8</load_address>
         <run_address>0x3ca8</run_address>
         <size>0x24</size>
         <input_file_ref idref="fl-94"/>
      </object_component>
      <object_component id="oc-11b">
         <name>.text.SYSCFG_DL_SYSCTL_init</name>
         <load_address>0x3ccc</load_address>
         <run_address>0x3ccc</run_address>
         <size>0x22</size>
         <input_file_ref idref="fl-2"/>
      </object_component>
      <object_component id="oc-18c">
         <name>.text.DL_Timer_setCounterValueAfterEnable</name>
         <load_address>0x3cf0</load_address>
         <run_address>0x3cf0</run_address>
         <size>0x20</size>
         <input_file_ref idref="fl-13"/>
      </object_component>
      <object_component id="oc-126">
         <name>.text.DL_UART_setOversampling</name>
         <load_address>0x3d10</load_address>
         <run_address>0x3d10</run_address>
         <size>0x1e</size>
         <input_file_ref idref="fl-1"/>
      </object_component>
      <object_component id="oc-210">
         <name>.text</name>
         <load_address>0x3d30</load_address>
         <run_address>0x3d30</run_address>
         <size>0x1e</size>
         <input_file_ref idref="fl-9d"/>
      </object_component>
      <object_component id="oc-141">
         <name>.text.DL_GPIO_enableHiZ</name>
         <load_address>0x3d50</load_address>
         <run_address>0x3d50</run_address>
         <size>0x1c</size>
         <input_file_ref idref="fl-1"/>
      </object_component>
      <object_component id="oc-121">
         <name>.text.DL_GPIO_initPeripheralOutputFunction</name>
         <load_address>0x3d6c</load_address>
         <run_address>0x3d6c</run_address>
         <size>0x1c</size>
         <input_file_ref idref="fl-1"/>
      </object_component>
      <object_component id="oc-170">
         <name>.text.DL_I2C_isControllerRXFIFOEmpty</name>
         <load_address>0x3d88</load_address>
         <run_address>0x3d88</run_address>
         <size>0x1c</size>
         <input_file_ref idref="fl-1"/>
      </object_component>
      <object_component id="oc-1a9">
         <name>.text.DL_I2C_isControllerTXFIFOFull</name>
         <load_address>0x3da4</load_address>
         <run_address>0x3da4</run_address>
         <size>0x1c</size>
         <input_file_ref idref="fl-12"/>
      </object_component>
      <object_component id="oc-186">
         <name>.text.DL_SYSCTL_setMCLKDivider</name>
         <load_address>0x3dc0</load_address>
         <run_address>0x3dc0</run_address>
         <size>0x1c</size>
         <input_file_ref idref="fl-2"/>
      </object_component>
      <object_component id="oc-184">
         <name>.text.DL_SYSCTL_setSYSOSCFreq</name>
         <load_address>0x3ddc</load_address>
         <run_address>0x3ddc</run_address>
         <size>0x1c</size>
         <input_file_ref idref="fl-2"/>
      </object_component>
      <object_component id="oc-185">
         <name>.text.DL_SYSCTL_setULPCLKDivider</name>
         <load_address>0x3df8</load_address>
         <run_address>0x3df8</run_address>
         <size>0x1c</size>
         <input_file_ref idref="fl-2"/>
      </object_component>
      <object_component id="oc-d7">
         <name>.text.DL_Timer_disableInterrupt</name>
         <load_address>0x3e14</load_address>
         <run_address>0x3e14</run_address>
         <size>0x1c</size>
         <input_file_ref idref="fl-1"/>
      </object_component>
      <object_component id="oc-132">
         <name>.text.DL_Timer_enableInterrupt</name>
         <load_address>0x3e30</load_address>
         <run_address>0x3e30</run_address>
         <size>0x1c</size>
         <input_file_ref idref="fl-1"/>
      </object_component>
      <object_component id="oc-6f">
         <name>.text</name>
         <load_address>0x3e4c</load_address>
         <run_address>0x3e4c</run_address>
         <size>0x1c</size>
         <input_file_ref idref="fl-99"/>
      </object_component>
      <object_component id="oc-11f">
         <name>.text.DL_GPIO_enableOutput</name>
         <load_address>0x3e68</load_address>
         <run_address>0x3e68</run_address>
         <size>0x18</size>
         <input_file_ref idref="fl-1"/>
      </object_component>
      <object_component id="oc-182">
         <name>.text.DL_GPIO_enablePower</name>
         <load_address>0x3e80</load_address>
         <run_address>0x3e80</run_address>
         <size>0x18</size>
         <input_file_ref idref="fl-2"/>
      </object_component>
      <object_component id="oc-11e">
         <name>.text.DL_GPIO_initDigitalOutput</name>
         <load_address>0x3e98</load_address>
         <run_address>0x3e98</run_address>
         <size>0x18</size>
         <input_file_ref idref="fl-1"/>
      </object_component>
      <object_component id="oc-181">
         <name>.text.DL_GPIO_reset</name>
         <load_address>0x3eb0</load_address>
         <run_address>0x3eb0</run_address>
         <size>0x18</size>
         <input_file_ref idref="fl-2"/>
      </object_component>
      <object_component id="oc-5e">
         <name>.text.DL_GPIO_setPins</name>
         <load_address>0x3ec8</load_address>
         <run_address>0x3ec8</run_address>
         <size>0x18</size>
         <input_file_ref idref="fl-1"/>
      </object_component>
      <object_component id="oc-52">
         <name>.text.DL_GPIO_togglePins</name>
         <load_address>0x3ee0</load_address>
         <run_address>0x3ee0</run_address>
         <size>0x18</size>
         <input_file_ref idref="fl-1"/>
      </object_component>
      <object_component id="oc-143">
         <name>.text.DL_I2C_disableAnalogGlitchFilter</name>
         <load_address>0x3ef8</load_address>
         <run_address>0x3ef8</run_address>
         <size>0x18</size>
         <input_file_ref idref="fl-1"/>
      </object_component>
      <object_component id="oc-149">
         <name>.text.DL_I2C_enableController</name>
         <load_address>0x3f10</load_address>
         <run_address>0x3f10</run_address>
         <size>0x18</size>
         <input_file_ref idref="fl-1"/>
      </object_component>
      <object_component id="oc-148">
         <name>.text.DL_I2C_enableControllerClockStretching</name>
         <load_address>0x3f28</load_address>
         <run_address>0x3f28</run_address>
         <size>0x18</size>
         <input_file_ref idref="fl-1"/>
      </object_component>
      <object_component id="oc-13f">
         <name>.text.DL_I2C_enablePower</name>
         <load_address>0x3f40</load_address>
         <run_address>0x3f40</run_address>
         <size>0x18</size>
         <input_file_ref idref="fl-1"/>
      </object_component>
      <object_component id="oc-13e">
         <name>.text.DL_I2C_reset</name>
         <load_address>0x3f58</load_address>
         <run_address>0x3f58</run_address>
         <size>0x18</size>
         <input_file_ref idref="fl-1"/>
      </object_component>
      <object_component id="oc-145">
         <name>.text.DL_I2C_setTimerPeriod</name>
         <load_address>0x3f70</load_address>
         <run_address>0x3f70</run_address>
         <size>0x18</size>
         <input_file_ref idref="fl-1"/>
      </object_component>
      <object_component id="oc-183">
         <name>.text.DL_SYSCTL_setBORThreshold</name>
         <load_address>0x3f88</load_address>
         <run_address>0x3f88</run_address>
         <size>0x18</size>
         <input_file_ref idref="fl-2"/>
      </object_component>
      <object_component id="oc-12f">
         <name>.text.DL_Timer_enablePower</name>
         <load_address>0x3fa0</load_address>
         <run_address>0x3fa0</run_address>
         <size>0x18</size>
         <input_file_ref idref="fl-1"/>
      </object_component>
      <object_component id="oc-18b">
         <name>.text.DL_Timer_setLoadValue</name>
         <load_address>0x3fb8</load_address>
         <run_address>0x3fb8</run_address>
         <size>0x18</size>
         <input_file_ref idref="fl-13"/>
      </object_component>
      <object_component id="oc-d6">
         <name>.text.DL_Timer_startCounter</name>
         <load_address>0x3fd0</load_address>
         <run_address>0x3fd0</run_address>
         <size>0x18</size>
         <input_file_ref idref="fl-1"/>
      </object_component>
      <object_component id="oc-123">
         <name>.text.DL_UART_enablePower</name>
         <load_address>0x3fe8</load_address>
         <run_address>0x3fe8</run_address>
         <size>0x18</size>
         <input_file_ref idref="fl-1"/>
      </object_component>
      <object_component id="oc-19d">
         <name>.text.DL_UART_isTXFIFOFull</name>
         <load_address>0x4000</load_address>
         <run_address>0x4000</run_address>
         <size>0x18</size>
         <input_file_ref idref="fl-14"/>
      </object_component>
      <object_component id="oc-122">
         <name>.text.DL_UART_reset</name>
         <load_address>0x4018</load_address>
         <run_address>0x4018</run_address>
         <size>0x18</size>
         <input_file_ref idref="fl-1"/>
      </object_component>
      <object_component id="oc-199">
         <name>.text._outs</name>
         <load_address>0x4030</load_address>
         <run_address>0x4030</run_address>
         <size>0x18</size>
         <input_file_ref idref="fl-20"/>
      </object_component>
      <object_component id="oc-14c">
         <name>.text.DL_GPIO_readPins</name>
         <load_address>0x4048</load_address>
         <run_address>0x4048</run_address>
         <size>0x16</size>
         <input_file_ref idref="fl-1"/>
      </object_component>
      <object_component id="oc-1aa">
         <name>.text.DL_I2C_transmitControllerData</name>
         <load_address>0x405e</load_address>
         <run_address>0x405e</run_address>
         <size>0x16</size>
         <input_file_ref idref="fl-12"/>
      </object_component>
      <object_component id="oc-187">
         <name>.text.DL_UART_disable</name>
         <load_address>0x4074</load_address>
         <run_address>0x4074</run_address>
         <size>0x16</size>
         <input_file_ref idref="fl-14"/>
      </object_component>
      <object_component id="oc-12c">
         <name>.text.DL_UART_enable</name>
         <load_address>0x408a</load_address>
         <run_address>0x408a</run_address>
         <size>0x16</size>
         <input_file_ref idref="fl-1"/>
      </object_component>
      <object_component id="oc-19e">
         <name>.text.DL_UART_transmitData</name>
         <load_address>0x40a0</load_address>
         <run_address>0x40a0</run_address>
         <size>0x16</size>
         <input_file_ref idref="fl-14"/>
      </object_component>
      <object_component id="oc-14d">
         <name>.text.DL_Common_delayCycles</name>
         <load_address>0x40b6</load_address>
         <run_address>0x40b6</run_address>
         <size>0x14</size>
         <input_file_ref idref="fl-11"/>
      </object_component>
      <object_component id="oc-bb">
         <name>.text.DL_GPIO_clearPins</name>
         <load_address>0x40ca</load_address>
         <run_address>0x40ca</run_address>
         <size>0x14</size>
         <input_file_ref idref="fl-1"/>
      </object_component>
      <object_component id="oc-16e">
         <name>.text.DL_I2C_getControllerStatus</name>
         <load_address>0x40e0</load_address>
         <run_address>0x40e0</run_address>
         <size>0x14</size>
         <input_file_ref idref="fl-1"/>
      </object_component>
      <object_component id="oc-171">
         <name>.text.DL_I2C_receiveControllerData</name>
         <load_address>0x40f4</load_address>
         <run_address>0x40f4</run_address>
         <size>0x14</size>
         <input_file_ref idref="fl-1"/>
      </object_component>
      <object_component id="oc-144">
         <name>.text.DL_I2C_resetControllerTransfer</name>
         <load_address>0x4108</load_address>
         <run_address>0x4108</run_address>
         <size>0x14</size>
         <input_file_ref idref="fl-1"/>
      </object_component>
      <object_component id="oc-133">
         <name>.text.DL_Timer_enableClock</name>
         <load_address>0x411c</load_address>
         <run_address>0x411c</run_address>
         <size>0x14</size>
         <input_file_ref idref="fl-1"/>
      </object_component>
      <object_component id="oc-138">
         <name>.text.DL_Timer_setCCPDirection</name>
         <load_address>0x4130</load_address>
         <run_address>0x4130</run_address>
         <size>0x14</size>
         <input_file_ref idref="fl-1"/>
      </object_component>
      <object_component id="oc-209">
         <name>.text.strchr</name>
         <load_address>0x4144</load_address>
         <run_address>0x4144</run_address>
         <size>0x14</size>
         <input_file_ref idref="fl-28"/>
      </object_component>
      <object_component id="oc-1df">
         <name>.text</name>
         <load_address>0x4158</load_address>
         <run_address>0x4158</run_address>
         <size>0x14</size>
         <input_file_ref idref="fl-9b"/>
      </object_component>
      <object_component id="oc-bc">
         <name>.text:TI_memcpy_small</name>
         <load_address>0x416c</load_address>
         <run_address>0x416c</run_address>
         <size>0x12</size>
         <input_file_ref idref="fl-a1"/>
      </object_component>
      <object_component id="oc-20">
         <name>.text:decompress:none</name>
         <load_address>0x417e</load_address>
         <run_address>0x417e</run_address>
         <size>0x12</size>
         <input_file_ref idref="fl-24"/>
      </object_component>
      <object_component id="oc-c6">
         <name>.text.SYSCFG_DL_init</name>
         <load_address>0x4190</load_address>
         <run_address>0x4190</run_address>
         <size>0x10</size>
         <input_file_ref idref="fl-2"/>
      </object_component>
      <object_component id="oc-1d2">
         <name>.text.wcslen</name>
         <load_address>0x41a0</load_address>
         <run_address>0x41a0</run_address>
         <size>0x10</size>
         <input_file_ref idref="fl-38"/>
      </object_component>
      <object_component id="oc-1c2">
         <name>.text.strlen</name>
         <load_address>0x41b0</load_address>
         <run_address>0x41b0</run_address>
         <size>0xe</size>
         <input_file_ref idref="fl-28"/>
      </object_component>
      <object_component id="oc-113">
         <name>.text:TI_memset_small</name>
         <load_address>0x41be</load_address>
         <run_address>0x41be</run_address>
         <size>0xe</size>
         <input_file_ref idref="fl-a2"/>
      </object_component>
      <object_component id="oc-208">
         <name>.text.OUTLINED_FUNCTION_0</name>
         <load_address>0x41cc</load_address>
         <run_address>0x41cc</run_address>
         <size>0xa</size>
         <input_file_ref idref="fl-28"/>
      </object_component>
      <object_component id="oc-25f">
         <name>.tramp.__aeabi_dsub.1</name>
         <load_address>0x41d8</load_address>
         <run_address>0x41d8</run_address>
         <size>0x10</size>
         <input_file_ref idref="fl-89"/>
      </object_component>
      <object_component id="oc-17a">
         <name>.text.OUTLINED_FUNCTION_0</name>
         <load_address>0x41e8</load_address>
         <run_address>0x41e8</run_address>
         <size>0xa</size>
         <input_file_ref idref="fl-22"/>
      </object_component>
      <object_component id="oc-260">
         <name>.tramp.__aeabi_dmul.1</name>
         <load_address>0x41f4</load_address>
         <run_address>0x41f4</run_address>
         <size>0x10</size>
         <input_file_ref idref="fl-8a"/>
      </object_component>
      <object_component id="oc-20d">
         <name>.text.OUTLINED_FUNCTION_1</name>
         <load_address>0x4204</load_address>
         <run_address>0x4204</run_address>
         <size>0xa</size>
         <input_file_ref idref="fl-28"/>
      </object_component>
      <object_component id="oc-17b">
         <name>.text.OUTLINED_FUNCTION_1</name>
         <load_address>0x420e</load_address>
         <run_address>0x420e</run_address>
         <size>0xa</size>
         <input_file_ref idref="fl-22"/>
      </object_component>
      <object_component id="oc-179">
         <name>.text.OUTLINED_FUNCTION_2</name>
         <load_address>0x4218</load_address>
         <run_address>0x4218</run_address>
         <size>0xa</size>
         <input_file_ref idref="fl-22"/>
      </object_component>
      <object_component id="oc-261">
         <name>.tramp.__aeabi_ddiv.1</name>
         <load_address>0x4224</load_address>
         <run_address>0x4224</run_address>
         <size>0x10</size>
         <input_file_ref idref="fl-8e"/>
      </object_component>
      <object_component id="oc-19a">
         <name>.text._outc</name>
         <load_address>0x4234</load_address>
         <run_address>0x4234</run_address>
         <size>0xa</size>
         <input_file_ref idref="fl-20"/>
      </object_component>
      <object_component id="oc-1d6">
         <name>.text.__aeabi_errno_addr</name>
         <load_address>0x4240</load_address>
         <run_address>0x4240</run_address>
         <size>0x8</size>
         <input_file_ref idref="fl-2b"/>
      </object_component>
      <object_component id="oc-3b">
         <name>.text</name>
         <load_address>0x4248</load_address>
         <run_address>0x4248</run_address>
         <size>0x8</size>
         <input_file_ref idref="fl-98"/>
      </object_component>
      <object_component id="oc-178">
         <name>.text.OUTLINED_FUNCTION_3</name>
         <load_address>0x4250</load_address>
         <run_address>0x4250</run_address>
         <size>0x4</size>
         <input_file_ref idref="fl-22"/>
      </object_component>
      <object_component id="oc-262">
         <name>.tramp.__aeabi_dadd.1</name>
         <load_address>0x4254</load_address>
         <run_address>0x4254</run_address>
         <size>0x10</size>
         <input_file_ref idref="fl-89"/>
      </object_component>
      <object_component id="oc-26">
         <name>.text.Reset_Handler</name>
         <load_address>0x4264</load_address>
         <run_address>0x4264</run_address>
         <size>0x4</size>
         <input_file_ref idref="fl-3"/>
      </object_component>
      <object_component id="oc-73">
         <name>.text._system_pre_init</name>
         <load_address>0x4268</load_address>
         <run_address>0x4268</run_address>
         <size>0x4</size>
         <input_file_ref idref="fl-36"/>
      </object_component>
      <object_component id="oc-dd">
         <name>.text:abort</name>
         <load_address>0x426c</load_address>
         <run_address>0x426c</run_address>
         <size>0x4</size>
         <input_file_ref idref="fl-2c"/>
      </object_component>
      <object_component id="oc-25c">
         <name>.cinit..data.load</name>
         <load_address>0x4470</load_address>
         <run_address>0x4470</run_address>
         <size>0x2b</size>
      </object_component>
      <object_component id="oc-25a">
         <name>__TI_handler_table</name>
         <load_address>0x449c</load_address>
         <run_address>0x449c</run_address>
         <size>0x8</size>
      </object_component>
      <object_component id="oc-25b">
         <name>__TI_cinit_table</name>
         <load_address>0x44a4</load_address>
         <run_address>0x44a4</run_address>
         <size>0x8</size>
      </object_component>
      <object_component id="oc-1eb">
         <name>.rodata</name>
         <load_address>0x4270</load_address>
         <run_address>0x4270</run_address>
         <size>0x101</size>
         <input_file_ref idref="fl-3d"/>
      </object_component>
      <object_component id="oc-15c">
         <name>.rodata.str1.1</name>
         <load_address>0x4371</load_address>
         <run_address>0x4371</run_address>
         <size>0x88</size>
         <input_file_ref idref="fl-1"/>
      </object_component>
      <object_component id="oc-15b">
         <name>.rodata.num_cal_data</name>
         <load_address>0x43f9</load_address>
         <run_address>0x43f9</run_address>
         <size>0x1</size>
         <input_file_ref idref="fl-1"/>
      </object_component>
      <object_component id="oc-60">
         <name>.rodata.num_data</name>
         <load_address>0x43fa</load_address>
         <run_address>0x43fa</run_address>
         <size>0x2</size>
         <input_file_ref idref="fl-1"/>
      </object_component>
      <object_component id="oc-b7">
         <name>.rodata.accel_gain</name>
         <load_address>0x43fc</load_address>
         <run_address>0x43fc</run_address>
         <size>0x4</size>
         <input_file_ref idref="fl-1"/>
      </object_component>
      <object_component id="oc-17c">
         <name>.rodata.cst32</name>
         <load_address>0x4400</load_address>
         <run_address>0x4400</run_address>
         <size>0x40</size>
         <input_file_ref idref="fl-22"/>
      </object_component>
      <object_component id="oc-1c7">
         <name>.rodata.str1.1</name>
         <load_address>0x4440</load_address>
         <run_address>0x4440</run_address>
         <size>0x22</size>
         <input_file_ref idref="fl-28"/>
      </object_component>
      <object_component id="oc-90">
         <name>.rodata.alpha</name>
         <load_address>0x4464</load_address>
         <run_address>0x4464</run_address>
         <size>0x4</size>
         <input_file_ref idref="fl-1"/>
      </object_component>
      <object_component id="oc-b2">
         <name>.rodata.dt</name>
         <load_address>0x4468</load_address>
         <run_address>0x4468</run_address>
         <size>0x4</size>
         <input_file_ref idref="fl-1"/>
      </object_component>
      <object_component id="oc-225">
         <name>.binit</name>
         <load_address>0x0</load_address>
         <run_address>0x0</run_address>
         <size>0x0</size>
      </object_component>
      <object_component id="oc-14a">
         <name>.data.gI2C_0ClockConfig</name>
         <load_address>0x202046ac</load_address>
         <run_address>0x202046ac</run_address>
         <size>0x2</size>
         <input_file_ref idref="fl-1"/>
      </object_component>
      <object_component id="oc-134">
         <name>.data.gTIMER_0ClockConfig</name>
         <load_address>0x20204697</load_address>
         <run_address>0x20204697</run_address>
         <size>0x3</size>
         <input_file_ref idref="fl-1"/>
      </object_component>
      <object_component id="oc-135">
         <name>.data.gTIMER_0TimerConfig</name>
         <load_address>0x20204650</load_address>
         <run_address>0x20204650</run_address>
         <size>0x14</size>
         <input_file_ref idref="fl-1"/>
      </object_component>
      <object_component id="oc-139">
         <name>.data.gPWM_1ClockConfig</name>
         <load_address>0x20204694</load_address>
         <run_address>0x20204694</run_address>
         <size>0x3</size>
         <input_file_ref idref="fl-1"/>
      </object_component>
      <object_component id="oc-13a">
         <name>.data.gPWM_1Config</name>
         <load_address>0x20204670</load_address>
         <run_address>0x20204670</run_address>
         <size>0x8</size>
         <input_file_ref idref="fl-1"/>
      </object_component>
      <object_component id="oc-12d">
         <name>.data.gUART_0ClockConfig</name>
         <load_address>0x202046ae</load_address>
         <run_address>0x202046ae</run_address>
         <size>0x2</size>
         <input_file_ref idref="fl-1"/>
      </object_component>
      <object_component id="oc-12e">
         <name>.data.gUART_0Config</name>
         <load_address>0x20204664</load_address>
         <run_address>0x20204664</run_address>
         <size>0xa</size>
         <input_file_ref idref="fl-1"/>
      </object_component>
      <object_component id="oc-92">
         <name>.data.aX</name>
         <load_address>0x2020466e</load_address>
         <run_address>0x2020466e</run_address>
         <size>0x2</size>
         <input_file_ref idref="fl-1"/>
      </object_component>
      <object_component id="oc-95">
         <name>.data.aY</name>
         <load_address>0x2020469e</load_address>
         <run_address>0x2020469e</run_address>
         <size>0x2</size>
         <input_file_ref idref="fl-1"/>
      </object_component>
      <object_component id="oc-98">
         <name>.data.aZ</name>
         <load_address>0x202046a4</load_address>
         <run_address>0x202046a4</run_address>
         <size>0x2</size>
         <input_file_ref idref="fl-1"/>
      </object_component>
      <object_component id="oc-93">
         <name>.data.aX_offset</name>
         <load_address>0x2020469a</load_address>
         <run_address>0x2020469a</run_address>
         <size>0x2</size>
         <input_file_ref idref="fl-1"/>
      </object_component>
      <object_component id="oc-96">
         <name>.data.aY_offset</name>
         <load_address>0x202046a0</load_address>
         <run_address>0x202046a0</run_address>
         <size>0x2</size>
         <input_file_ref idref="fl-1"/>
      </object_component>
      <object_component id="oc-99">
         <name>.data.aZ_offset</name>
         <load_address>0x202046a6</load_address>
         <run_address>0x202046a6</run_address>
         <size>0x2</size>
         <input_file_ref idref="fl-1"/>
      </object_component>
      <object_component id="oc-91">
         <name>.data.aXc</name>
         <load_address>0x2020469c</load_address>
         <run_address>0x2020469c</run_address>
         <size>0x2</size>
         <input_file_ref idref="fl-1"/>
      </object_component>
      <object_component id="oc-94">
         <name>.data.aYc</name>
         <load_address>0x202046a2</load_address>
         <run_address>0x202046a2</run_address>
         <size>0x2</size>
         <input_file_ref idref="fl-1"/>
      </object_component>
      <object_component id="oc-97">
         <name>.data.aZc</name>
         <load_address>0x202046a8</load_address>
         <run_address>0x202046a8</run_address>
         <size>0x2</size>
         <input_file_ref idref="fl-1"/>
      </object_component>
      <object_component id="oc-9b">
         <name>.data.gX</name>
         <load_address>0x202046b0</load_address>
         <run_address>0x202046b0</run_address>
         <size>0x2</size>
         <input_file_ref idref="fl-1"/>
      </object_component>
      <object_component id="oc-9d">
         <name>.data.gY</name>
         <load_address>0x202046b6</load_address>
         <run_address>0x202046b6</run_address>
         <size>0x2</size>
         <input_file_ref idref="fl-1"/>
      </object_component>
      <object_component id="oc-a0">
         <name>.data.gZ</name>
         <load_address>0x202046bc</load_address>
         <run_address>0x202046bc</run_address>
         <size>0x2</size>
         <input_file_ref idref="fl-1"/>
      </object_component>
      <object_component id="oc-9c">
         <name>.data.gX_offset</name>
         <load_address>0x202046b2</load_address>
         <run_address>0x202046b2</run_address>
         <size>0x2</size>
         <input_file_ref idref="fl-1"/>
      </object_component>
      <object_component id="oc-9e">
         <name>.data.gY_offset</name>
         <load_address>0x202046b8</load_address>
         <run_address>0x202046b8</run_address>
         <size>0x2</size>
         <input_file_ref idref="fl-1"/>
      </object_component>
      <object_component id="oc-a1">
         <name>.data.gZ_offset</name>
         <load_address>0x202046be</load_address>
         <run_address>0x202046be</run_address>
         <size>0x2</size>
         <input_file_ref idref="fl-1"/>
      </object_component>
      <object_component id="oc-9a">
         <name>.data.gXc</name>
         <load_address>0x202046b4</load_address>
         <run_address>0x202046b4</run_address>
         <size>0x2</size>
         <input_file_ref idref="fl-1"/>
      </object_component>
      <object_component id="oc-62">
         <name>.data.gYc</name>
         <load_address>0x202046ba</load_address>
         <run_address>0x202046ba</run_address>
         <size>0x2</size>
         <input_file_ref idref="fl-1"/>
      </object_component>
      <object_component id="oc-9f">
         <name>.data.gZc</name>
         <load_address>0x202046c0</load_address>
         <run_address>0x202046c0</run_address>
         <size>0x2</size>
         <input_file_ref idref="fl-1"/>
      </object_component>
      <object_component id="oc-b3">
         <name>.data.theta_gX</name>
         <load_address>0x2020468c</load_address>
         <run_address>0x2020468c</run_address>
         <size>0x4</size>
         <input_file_ref idref="fl-1"/>
      </object_component>
      <object_component id="oc-b4">
         <name>.data.theta_gY</name>
         <load_address>0x20204690</load_address>
         <run_address>0x20204690</run_address>
         <size>0x4</size>
         <input_file_ref idref="fl-1"/>
      </object_component>
      <object_component id="oc-b5">
         <name>.data.theta_aX</name>
         <load_address>0x20204684</load_address>
         <run_address>0x20204684</run_address>
         <size>0x4</size>
         <input_file_ref idref="fl-1"/>
      </object_component>
      <object_component id="oc-b6">
         <name>.data.theta_aY</name>
         <load_address>0x20204688</load_address>
         <run_address>0x20204688</run_address>
         <size>0x4</size>
         <input_file_ref idref="fl-1"/>
      </object_component>
      <object_component id="oc-64">
         <name>.data.theta_X</name>
         <load_address>0x2020467c</load_address>
         <run_address>0x2020467c</run_address>
         <size>0x4</size>
         <input_file_ref idref="fl-1"/>
      </object_component>
      <object_component id="oc-66">
         <name>.data.theta_Y</name>
         <load_address>0x20204680</load_address>
         <run_address>0x20204680</run_address>
         <size>0x4</size>
         <input_file_ref idref="fl-1"/>
      </object_component>
      <object_component id="oc-db">
         <name>.data.calibrating</name>
         <load_address>0x202046cb</load_address>
         <run_address>0x202046cb</run_address>
         <size>0x1</size>
         <input_file_ref idref="fl-1"/>
      </object_component>
      <object_component id="oc-dc">
         <name>.data.balancing</name>
         <load_address>0x202046ca</load_address>
         <run_address>0x202046ca</run_address>
         <size>0x1</size>
         <input_file_ref idref="fl-1"/>
      </object_component>
      <object_component id="oc-14e">
         <name>.data.S1_pressed</name>
         <load_address>0x202046c8</load_address>
         <run_address>0x202046c8</run_address>
         <size>0x1</size>
         <input_file_ref idref="fl-1"/>
      </object_component>
      <object_component id="oc-14f">
         <name>.data.S2_pressed</name>
         <load_address>0x202046c9</load_address>
         <run_address>0x202046c9</run_address>
         <size>0x1</size>
         <input_file_ref idref="fl-1"/>
      </object_component>
      <object_component id="oc-5f">
         <name>.data.count</name>
         <load_address>0x202046aa</load_address>
         <run_address>0x202046aa</run_address>
         <size>0x2</size>
         <input_file_ref idref="fl-1"/>
      </object_component>
      <object_component id="oc-65">
         <name>.data.theta_X_data</name>
         <load_address>0x20201770</load_address>
         <run_address>0x20201770</run_address>
         <size>0x1770</size>
[...]
      </symbol>
      <symbol id="sm-192">
         <name>UART1_IRQHandler</name>
         <value>0x2f2d</value>
         <object_component_ref idref="oc-2a"/>
      </symbol>
      <symbol id="sm-193">
         <name>UART2_IRQHandler</name>
         <value>0x2f2d</value>
         <object_component_ref idref="oc-2a"/>
      </symbol>
      <symbol id="sm-194">
         <name>UART0_IRQHandler</name>
         <value>0x2f2d</value>
         <object_component_ref idref="oc-2a"/>
      </symbol>
      <symbol id="sm-195">
         <name>TIMG6_IRQHandler</name>
         <value>0x2f2d</value>
         <object_component_ref idref="oc-2a"/>
      </symbol>
      <symbol id="sm-196">
         <name>TIMA0_IRQHandler</name>
         <value>0x2f2d</value>
         <object_component_ref idref="oc-2a"/>
      </symbol>
      <symbol id="sm-197">
         <name>TIMA1_IRQHandler</name>
         <value>0x2f2d</value>
         <object_component_ref idref="oc-2a"/>
      </symbol>
      <symbol id="sm-198">
         <name>TIMG7_IRQHandler</name>
         <value>0x2f2d</value>
         <object_component_ref idref="oc-2a"/>
      </symbol>
      <symbol id="sm-199">
         <name>TIMG12_IRQHandler</name>
         <value>0x2f2d</value>
         <object_component_ref idref="oc-2a"/>
      </symbol>
      <symbol id="sm-19a">
         <name>I2C0_IRQHandler</name>
         <value>0x2f2d</value>
         <object_component_ref idref="oc-2a"/>
      </symbol>
      <symbol id="sm-19b">
         <name>I2C1_IRQHandler</name>
         <value>0x2f2d</value>
         <object_component_ref idref="oc-2a"/>
      </symbol>
      <symbol id="sm-19c">
         <name>AES_IRQHandler</name>
         <value>0x2f2d</value>
         <object_component_ref idref="oc-2a"/>
      </symbol>
      <symbol id="sm-19d">
         <name>RTC_IRQHandler</name>
         <value>0x2f2d</value>
         <object_component_ref idref="oc-2a"/>
      </symbol>
      <symbol id="sm-19e">
         <name>DMA_IRQHandler</name>
         <value>0x2f2d</value>
         <object_component_ref idref="oc-2a"/>
      </symbol>
      <symbol id="sm-1a1">
         <name>DL_Common_delayCycles</name>
         <value>0x40b7</value>
         <object_component_ref idref="oc-14d"/>
      </symbol>
      <symbol id="sm-1ad">
         <name>DL_I2C_setClockConfig</name>
         <value>0x38e1</value>
         <object_component_ref idref="oc-142"/>
      </symbol>
      <symbol id="sm-1ae">
         <name>DL_I2C_fillControllerTXFIFO</name>
         <value>0x331b</value>
         <object_component_ref idref="oc-16d"/>
      </symbol>
      <symbol id="sm-1cc">
         <name>DL_Timer_setClockConfig</name>
         <value>0x397d</value>
         <object_component_ref idref="oc-130"/>
      </symbol>
      <symbol id="sm-1cd">
         <name>DL_Timer_initTimerMode</name>
         <value>0x224d</value>
         <object_component_ref idref="oc-131"/>
      </symbol>
      <symbol id="sm-1ce">
         <name>DL_Timer_setCaptureCompareValue</name>
         <value>0x3a49</value>
         <object_component_ref idref="oc-ba"/>
      </symbol>
      <symbol id="sm-1cf">
         <name>DL_Timer_setCaptureCompareCtl</name>
         <value>0x3711</value>
         <object_component_ref idref="oc-18d"/>
      </symbol>
      <symbol id="sm-1d0">
         <name>DL_Timer_setCaptureCompareInput</name>
         <value>0x3949</value>
         <object_component_ref idref="oc-18f"/>
      </symbol>
      <symbol id="sm-1d1">
         <name>DL_Timer_initPWMMode</name>
         <value>0x1e1d</value>
         <object_component_ref idref="oc-190"/>
      </symbol>
      <symbol id="sm-1d2">
         <name>DL_Timer_setCaptureCompareAction</name>
         <value>0x3915</value>
         <object_component_ref idref="oc-18e"/>
      </symbol>
      <symbol id="sm-1d3">
         <name>DL_Timer_setCaptureCompareOutCtl</name>
         <value>0x3615</value>
         <object_component_ref idref="oc-137"/>
      </symbol>
      <symbol id="sm-1d4">
         <name>DL_TimerA_initPWMMode</name>
         <value>0x2441</value>
         <object_component_ref idref="oc-136"/>
      </symbol>
      <symbol id="sm-1e4">
         <name>DL_UART_init</name>
         <value>0x3411</value>
         <object_component_ref idref="oc-125"/>
      </symbol>
      <symbol id="sm-1e5">
         <name>DL_UART_setClockConfig</name>
         <value>0x3c61</value>
         <object_component_ref idref="oc-124"/>
      </symbol>
      <symbol id="sm-1e6">
         <name>DL_UART_transmitDataBlocking</name>
         <value>0x3c11</value>
         <object_component_ref idref="oc-15a"/>
      </symbol>
      <symbol id="sm-1f7">
         <name>sprintf</name>
         <value>0x383d</value>
         <object_component_ref idref="oc-154"/>
      </symbol>
      <symbol id="sm-205">
         <name>atan2</name>
         <value>0x1781</value>
         <object_component_ref idref="oc-a6"/>
      </symbol>
      <symbol id="sm-206">
         <name>atan2l</name>
         <value>0x1781</value>
         <object_component_ref idref="oc-a6"/>
      </symbol>
      <symbol id="sm-220">
         <name>atan</name>
         <value>0xad9</value>
         <object_component_ref idref="oc-103"/>
      </symbol>
      <symbol id="sm-221">
         <name>atanl</name>
         <value>0xad9</value>
         <object_component_ref idref="oc-103"/>
      </symbol>
      <symbol id="sm-22b">
         <name>__TI_decompress_none</name>
         <value>0x417f</value>
         <object_component_ref idref="oc-20"/>
      </symbol>
      <symbol id="sm-236">
         <name>__TI_decompress_lzss</name>
         <value>0x3085</value>
         <object_component_ref idref="oc-1c"/>
      </symbol>
      <symbol id="sm-241">
         <name>_c_int00_noargs</name>
         <value>0x3c39</value>
         <object_component_ref idref="oc-4b"/>
      </symbol>
      <symbol id="sm-242">
         <name>__stack</name>
         <value>0x20207e00</value>
         <object_component_ref idref="oc-1a"/>
      </symbol>
      <symbol id="sm-28b">
         <name>__TI_printfi</name>
         <value>0xc1</value>
         <object_component_ref idref="oc-1bf"/>
      </symbol>
      <symbol id="sm-295">
         <name>frexp</name>
         <value>0x31b9</value>
         <object_component_ref idref="oc-1fc"/>
      </symbol>
      <symbol id="sm-296">
         <name>frexpl</name>
         <value>0x31b9</value>
         <object_component_ref idref="oc-1fc"/>
      </symbol>
      <symbol id="sm-2a0">
         <name>scalbn</name>
         <value>0x26e9</value>
         <object_component_ref idref="oc-200"/>
      </symbol>
      <symbol id="sm-2a1">
         <name>ldexp</name>
         <value>0x26e9</value>
         <object_component_ref idref="oc-200"/>
      </symbol>
      <symbol id="sm-2a2">
         <name>scalbnl</name>
         <value>0x26e9</value>
         <object_component_ref idref="oc-200"/>
      </symbol>
      <symbol id="sm-2a3">
         <name>ldexpl</name>
         <value>0x26e9</value>
         <object_component_ref idref="oc-200"/>
      </symbol>
      <symbol id="sm-2ae">
         <name>__aeabi_errno_addr</name>
         <value>0x4241</value>
         <object_component_ref idref="oc-1d6"/>
      </symbol>
      <symbol id="sm-2af">
         <name>__aeabi_errno</name>
         <value>0x20204678</value>
         <object_component_ref idref="oc-1f2"/>
      </symbol>
      <symbol id="sm-2b9">
         <name>abort</name>
         <value>0x426d</value>
         <object_component_ref idref="oc-dd"/>
      </symbol>
      <symbol id="sm-2ba">
         <name>C$$EXIT</name>
         <value>0x426c</value>
         <object_component_ref idref="oc-dd"/>
      </symbol>
      <symbol id="sm-2c4">
         <name>__TI_ltoa</name>
         <value>0x3215</value>
         <object_component_ref idref="oc-204"/>
      </symbol>
      <symbol id="sm-2d0">
         <name>atoi</name>
         <value>0x35d1</value>
         <object_component_ref idref="oc-1ce"/>
      </symbol>
      <symbol id="sm-2da">
         <name>memccpy</name>
         <value>0x3c85</value>
         <object_component_ref idref="oc-1c3"/>
      </symbol>
      <symbol id="sm-2e6">
         <name>__TI_auto_init_nobinit_nopinit</name>
         <value>0x3789</value>
         <object_component_ref idref="oc-e4"/>
      </symbol>
      <symbol id="sm-2ee">
         <name>_system_pre_init</name>
         <value>0x4269</value>
         <object_component_ref idref="oc-73"/>
      </symbol>
      <symbol id="sm-2f8">
         <name>wcslen</name>
         <value>0x41a1</value>
         <object_component_ref idref="oc-1d2"/>
      </symbol>
      <symbol id="sm-2fd">
         <name>__aeabi_ctype_table_</name>
         <value>0x4270</value>
         <object_component_ref idref="oc-1eb"/>
      </symbol>
      <symbol id="sm-2fe">
         <name>__aeabi_ctype_table_C</name>
         <value>0x4270</value>
         <object_component_ref idref="oc-1eb"/>
      </symbol>
      <symbol id="sm-316">
         <name>__aeabi_fadd</name>
         <value>0x27cb</value>
         <object_component_ref idref="oc-84"/>
      </symbol>
      <symbol id="sm-317">
         <name>__addsf3</name>
         <value>0x27cb</value>
         <object_component_ref idref="oc-84"/>
      </symbol>
      <symbol id="sm-318">
         <name>__aeabi_fsub</name>
         <value>0x27c1</value>
         <object_component_ref idref="oc-84"/>
      </symbol>
      <symbol id="sm-319">
         <name>__subsf3</name>
         <value>0x27c1</value>
         <object_component_ref idref="oc-84"/>
      </symbol>
      <symbol id="sm-31f">
         <name>__aeabi_dadd</name>
         <value>0x192b</value>
         <object_component_ref idref="oc-ff"/>
      </symbol>
      <symbol id="sm-320">
         <name>__adddf3</name>
         <value>0x192b</value>
         <object_component_ref idref="oc-ff"/>
      </symbol>
      <symbol id="sm-321">
         <name>__aeabi_dsub</name>
         <value>0x1921</value>
         <object_component_ref idref="oc-ff"/>
      </symbol>
      <symbol id="sm-322">
         <name>__subdf3</name>
         <value>0x1921</value>
         <object_component_ref idref="oc-ff"/>
      </symbol>
      <symbol id="sm-32e">
         <name>__aeabi_dmul</name>
         <value>0x252d</value>
         <object_component_ref idref="oc-aa"/>
      </symbol>
      <symbol id="sm-32f">
         <name>__muldf3</name>
         <value>0x252d</value>
         <object_component_ref idref="oc-aa"/>
      </symbol>
      <symbol id="sm-338">
         <name>__muldsi3</name>
         <value>0x3801</value>
         <object_component_ref idref="oc-f8"/>
      </symbol>
      <symbol id="sm-33e">
         <name>__aeabi_fmul</name>
         <value>0x2d2d</value>
         <object_component_ref idref="oc-88"/>
      </symbol>
      <symbol id="sm-33f">
         <name>__mulsf3</name>
         <value>0x2d2d</value>
         <object_component_ref idref="oc-88"/>
      </symbol>
      <symbol id="sm-345">
         <name>__aeabi_fdiv</name>
         <value>0x2db9</value>
         <object_component_ref idref="oc-59"/>
      </symbol>
      <symbol id="sm-346">
         <name>__divsf3</name>
         <value>0x2db9</value>
         <object_component_ref idref="oc-59"/>
      </symbol>
      <symbol id="sm-34c">
         <name>__aeabi_ddiv</name>
         <value>0x203d</value>
         <object_component_ref idref="oc-109"/>
      </symbol>
      <symbol id="sm-34d">
         <name>__divdf3</name>
         <value>0x203d</value>
         <object_component_ref idref="oc-109"/>
      </symbol>
      <symbol id="sm-356">
         <name>__aeabi_f2d</name>
         <value>0x3695</value>
         <object_component_ref idref="oc-15d"/>
      </symbol>
      <symbol id="sm-357">
         <name>__extendsfdf2</name>
         <value>0x3695</value>
         <object_component_ref idref="oc-15d"/>
      </symbol>
      <symbol id="sm-35d">
         <name>__aeabi_d2iz</name>
         <value>0x34f5</value>
         <object_component_ref idref="oc-127"/>
      </symbol>
      <symbol id="sm-35e">
         <name>__fixdfsi</name>
         <value>0x34f5</value>
         <object_component_ref idref="oc-127"/>
      </symbol>
      <symbol id="sm-364">
         <name>__aeabi_f2iz</name>
         <value>0x3875</value>
         <object_component_ref idref="oc-8c"/>
      </symbol>
      <symbol id="sm-365">
         <name>__fixsfsi</name>
         <value>0x3875</value>
         <object_component_ref idref="oc-8c"/>
      </symbol>
      <symbol id="sm-36b">
         <name>__aeabi_i2d</name>
         <value>0x3acd</value>
         <object_component_ref idref="oc-a2"/>
      </symbol>
      <symbol id="sm-36c">
         <name>__floatsidf</name>
         <value>0x3acd</value>
         <object_component_ref idref="oc-a2"/>
      </symbol>
      <symbol id="sm-372">
         <name>__aeabi_i2f</name>
         <value>0x37c5</value>
         <object_component_ref idref="oc-55"/>
      </symbol>
      <symbol id="sm-373">
         <name>__floatsisf</name>
         <value>0x37c5</value>
         <object_component_ref idref="oc-55"/>
      </symbol>
      <symbol id="sm-379">
         <name>__aeabi_lmul</name>
         <value>0x3ca9</value>
         <object_component_ref idref="oc-1db"/>
      </symbol>
      <symbol id="sm-37a">
         <name>__muldi3</name>
         <value>0x3ca9</value>
         <object_component_ref idref="oc-1db"/>
      </symbol>
      <symbol id="sm-381">
         <name>__aeabi_d2f</name>
         <value>0x2f31</value>
         <object_component_ref idref="oc-ae"/>
      </symbol>
      <symbol id="sm-382">
         <name>__truncdfsf2</name>
         <value>0x2f31</value>
         <object_component_ref idref="oc-ae"/>
      </symbol>
      <symbol id="sm-388">
         <name>__aeabi_dcmpeq</name>
         <value>0x3155</value>
         <object_component_ref idref="oc-174"/>
      </symbol>
      <symbol id="sm-389">
         <name>__aeabi_dcmplt</name>
         <value>0x3169</value>
         <object_component_ref idref="oc-174"/>
      </symbol>
      <symbol id="sm-38a">
         <name>__aeabi_dcmple</name>
         <value>0x317d</value>
         <object_component_ref idref="oc-174"/>
      </symbol>
      <symbol id="sm-38b">
         <name>__aeabi_dcmpge</name>
         <value>0x3191</value>
         <object_component_ref idref="oc-174"/>
      </symbol>
      <symbol id="sm-38c">
         <name>__aeabi_dcmpgt</name>
         <value>0x31a5</value>
         <object_component_ref idref="oc-174"/>
      </symbol>
      <symbol id="sm-392">
         <name>__aeabi_idiv</name>
         <value>0x32c5</value>
         <object_component_ref idref="oc-150"/>
      </symbol>
      <symbol id="sm-393">
         <name>__aeabi_idivmod</name>
         <value>0x32c5</value>
         <object_component_ref idref="oc-150"/>
      </symbol>
      <symbol id="sm-399">
         <name>__aeabi_memcpy</name>
         <value>0x4249</value>
         <object_component_ref idref="oc-3b"/>
      </symbol>
      <symbol id="sm-39a">
         <name>__aeabi_memcpy4</name>
         <value>0x4249</value>
         <object_component_ref idref="oc-3b"/>
      </symbol>
      <symbol id="sm-39b">
         <name>__aeabi_memcpy8</name>
         <value>0x4249</value>
         <object_component_ref idref="oc-3b"/>
      </symbol>
      <symbol id="sm-3a1">
         <name>__aeabi_memset</name>
         <value>0x3e4d</value>
         <object_component_ref idref="oc-6f"/>
      </symbol>
      <symbol id="sm-3a2">
         <name>__aeabi_memset4</name>
         <value>0x3e4d</value>
         <object_component_ref idref="oc-6f"/>
      </symbol>
      <symbol id="sm-3a3">
         <name>__aeabi_memset8</name>
         <value>0x3e4d</value>
         <object_component_ref idref="oc-6f"/>
      </symbol>
      <symbol id="sm-3a4">
         <name>__aeabi_memclr</name>
         <value>0x3e5d</value>
         <object_component_ref idref="oc-6f"/>
      </symbol>
      <symbol id="sm-3a5">
         <name>__aeabi_memclr4</name>
         <value>0x3e5d</value>
         <object_component_ref idref="oc-6f"/>
      </symbol>
      <symbol id="sm-3a6">
         <name>__aeabi_memclr8</name>
         <value>0x3e5d</value>
         <object_component_ref idref="oc-6f"/>
      </symbol>
      <symbol id="sm-3ac">
         <name>__aeabi_uidiv</name>
         <value>0x3655</value>
         <object_component_ref idref="oc-1c8"/>
      </symbol>
      <symbol id="sm-3ad">
         <name>__aeabi_uidivmod</name>
         <value>0x3655</value>
         <object_component_ref idref="oc-1c8"/>
      </symbol>
      <symbol id="sm-3b3">
         <name>__aeabi_uldivmod</name>
         <value>0x4159</value>
         <object_component_ref idref="oc-1df"/>
      </symbol>
      <symbol id="sm-3b9">
         <name>__udivmoddi4</name>
         <value>0x2ad1</value>
         <object_component_ref idref="oc-1f7"/>
      </symbol>
      <symbol id="sm-3bf">
         <name>__aeabi_llsl</name>
         <value>0x3d31</value>
         <object_component_ref idref="oc-210"/>
      </symbol>
      <symbol id="sm-3c0">
         <name>__ashldi3</name>
         <value>0x3d31</value>
         <object_component_ref idref="oc-210"/>
      </symbol>
      <symbol id="sm-3ce">
         <name>__ledf2</name>
         <value>0x3015</value>
         <object_component_ref idref="oc-1ab"/>
      </symbol>
      <symbol id="sm-3cf">
         <name>__gedf2</name>
         <value>0x2fa5</value>
         <object_component_ref idref="oc-1b1"/>
      </symbol>
      <symbol id="sm-3d0">
         <name>__cmpdf2</name>
         <value>0x3015</value>
         <object_component_ref idref="oc-1ab"/>
      </symbol>
      <symbol id="sm-3d1">
         <name>__eqdf2</name>
         <value>0x3015</value>
         <object_component_ref idref="oc-1ab"/>
      </symbol>
      <symbol id="sm-3d2">
         <name>__ltdf2</name>
         <value>0x3015</value>
         <object_component_ref idref="oc-1ab"/>
      </symbol>
      <symbol id="sm-3d3">
         <name>__nedf2</name>
         <value>0x3015</value>
         <object_component_ref idref="oc-1ab"/>
      </symbol>
      <symbol id="sm-3d4">
         <name>__gtdf2</name>
         <value>0x2fa5</value>
         <object_component_ref idref="oc-1b1"/>
      </symbol>
      <symbol id="sm-3e0">
         <name>__aeabi_idiv0</name>
         <value>0x2b73</value>
         <object_component_ref idref="oc-192"/>
      </symbol>
      <symbol id="sm-3e1">
         <name>__aeabi_ldiv0</name>
         <value>0x2e3b</value>
         <object_component_ref idref="oc-20f"/>
      </symbol>
      <symbol id="sm-3eb">
         <name>TI_memcpy_small</name>
         <value>0x416d</value>
         <object_component_ref idref="oc-bc"/>
      </symbol>
      <symbol id="sm-3f4">
         <name>TI_memset_small</name>
         <value>0x41bf</value>
         <object_component_ref idref="oc-113"/>
      </symbol>
      <symbol id="sm-3f5">
         <name>__TI_static_base__</name>
         <value>0x0</value>
      </symbol>
      <symbol id="sm-3f9">
         <name>__mpu_init</name>
         <value>0x0</value>
      </symbol>
      <symbol id="sm-3fa">
         <name>_system_post_cinit</name>
         <value>0x0</value>
      </symbol>
   </symbol_table>
   <title>Link successful</title>
</link_info>
