******************************************************************************
            TI ARM Clang Linker PC v2.1.3                      
******************************************************************************
>> Linked Thu Sep 19 16:20:36 2024

OUTPUT FILE NAME:   <Lab3_temp.out>
ENTRY POINT SYMBOL: "_c_int00_noargs"  address: 000003bd


MEMORY CONFIGURATION

         name            origin    length      used     unused   attr    fill
----------------------  --------  ---------  --------  --------  ----  --------
  FLASH                 00000000   00020000  00000590  0001fa70  R  X
  SRAM                  20200000   00008000  00000208  00007df8  RW X
  BCR_CONFIG            41c00000   00000080  00000000  00000080  R   
  BSL_CONFIG            41c00100   00000080  00000000  00000080  R   


SEGMENT ALLOCATION MAP

run origin  load origin   length   init length attrs members
----------  ----------- ---------- ----------- ----- -------
00000000    00000000    00000590   00000590    r-x
  00000000    00000000    000000c0   000000c0    r-- .intvecs
  000000c0    000000c0    000004b8   000004b8    r-x .text
  00000578    00000578    00000018   00000018    r-- .cinit
20200000    20200000    00000008   00000000    rw-
  20200000    20200000    00000008   00000000    rw- .data
20207e00    20207e00    00000200   00000000    rw-
  20207e00    20207e00    00000200   00000000    rw- .stack


SECTION ALLOCATION MAP

 output                                  attributes/
section   page    origin      length       input sections
--------  ----  ----------  ----------   ----------------
.intvecs   0    00000000    000000c0     
                  00000000    000000c0     startup_mspm0g350x_ticlang.o (.intvecs)

.text      0    000000c0    000004b8     
                  000000c0    00000170     Lab3_temp.o (.text.main)
                  00000230    00000068     libc.a : copy_decompress_lzss.c.obj (.text:decompress:lzss)
                  00000298    00000056     libclang_rt.builtins.a : aeabi_idivmod.S.obj (.text)
                  000002ee    00000002     ti_msp_dl_config.o (.text.SYSCFG_DL_GPIO_init)
                  000002f0    0000003c     libc.a : autoinit.c.obj (.text:__TI_auto_init_nobinit_nopinit)
                  0000032c    00000034     Lab3_temp.o (.text.DL_GPIO_initDigitalInputFeatures)
                  00000360    00000034     ti_msp_dl_config.o (.text.SYSCFG_DL_initPower)
                  00000394    00000028     ti_msp_dl_config.o (.text.DL_Common_updateReg)
                  000003bc    00000028     libc.a : boot_cortex_m.c.obj (.text:_c_int00_noargs)
                  000003e4    00000022     ti_msp_dl_config.o (.text.SYSCFG_DL_SYSCTL_init)
                  00000406    00000002     libclang_rt.builtins.a : aeabi_div0.c.obj (.text.__aeabi_idiv0)
                  00000408    0000001c     ti_msp_dl_config.o (.text.DL_SYSCTL_setMCLKDivider)
                  00000424    0000001c     ti_msp_dl_config.o (.text.DL_SYSCTL_setSYSOSCFreq)
                  00000440    0000001c     ti_msp_dl_config.o (.text.DL_SYSCTL_setULPCLKDivider)
                  0000045c    00000018     Lab3_temp.o (.text.DL_GPIO_enableOutput)
                  00000474    00000018     ti_msp_dl_config.o (.text.DL_GPIO_enablePower)
                  0000048c    00000018     Lab3_temp.o (.text.DL_GPIO_initDigitalOutput)
                  000004a4    00000018     ti_msp_dl_config.o (.text.DL_GPIO_reset)
                  000004bc    00000018     Lab3_temp.o (.text.DL_GPIO_setPins)
                  000004d4    00000018     ti_msp_dl_config.o (.text.DL_SYSCTL_setBORThreshold)
                  000004ec    00000016     Lab3_temp.o (.text.DL_GPIO_readPins)
                  00000502    00000014     driverlib.a : dl_common.o (.text.DL_Common_delayCycles)
                  00000516    00000014     Lab3_temp.o (.text.DL_GPIO_clearPins)
                  0000052a    00000012     libc.a : memcpy16.S.obj (.text:TI_memcpy_small)
                  0000053c    00000012            : copy_decompress_none.c.obj (.text:decompress:none)
                  0000054e    00000010     ti_msp_dl_config.o (.text.SYSCFG_DL_init)
                  0000055e    00000002     --HOLE-- [fill = 0]
                  00000560    00000008     libclang_rt.builtins.a : aeabi_memcpy.S.obj (.text)
                  00000568    00000004     startup_mspm0g350x_ticlang.o (.text.Default_Handler)
                  0000056c    00000004     startup_mspm0g350x_ticlang.o (.text.Reset_Handler)
                  00000570    00000004     libc.a : pre_init.c.obj (.text._system_pre_init)
                  00000574    00000004            : exit.c.obj (.text:abort)

.cinit     0    00000578    00000018     
                  00000578    00000008     (__TI_handler_table)
                  00000580    00000007     (.cinit..data.load) [load image, compression = lzss]
                  00000587    00000001     --HOLE-- [fill = 0]
                  00000588    00000008     (__TI_cinit_table)

.init_array 
*          0    00000000    00000000     UNINITIALIZED

.binit     0    00000000    00000000     

.data      0    20200000    00000008     UNINITIALIZED
                  20200000    00000004     Lab3_temp.o (.data.s2_counter)
                  20200004    00000004     Lab3_temp.o (.data.s2_state)

.stack     0    20207e00    00000200     UNINITIALIZED
                  20207e00    00000004     libc.a : boot_cortex_m.c.obj (.stack)
                  20207e04    000001fc     --HOLE--

__llvm_prf_cnts 
*          0    20200000    00000000     UNINITIALIZED

__llvm_prf_bits 
*          0    20200000    00000000     UNINITIALIZED

MODULE SUMMARY

       Module                         code   ro data   rw data
       ------                         ----   -------   -------
    .\
       Lab3_temp.o                    534    0         8      
       startup_mspm0g350x_ticlang.o   8      192       0      
    +--+------------------------------+------+---------+---------+
       Total:                         542    192       8      
                                                              
    .\syscfg\
       ti_msp_dl_config.o             300    0         0      
    +--+------------------------------+------+---------+---------+
       Total:                         300    0         0      
                                                              
    C:/ti/mspm0_sdk_2_01_00_03/source/ti/driverlib/lib/ticlang/m0p/mspm0g1x0x_g3x0x/driverlib.a
       dl_common.o                    20     0         0      
    +--+------------------------------+------+---------+---------+
       Total:                         20     0         0      
                                                              
    C:\Program Files\ccs\tools\compiler\ti-cgt-armllvm_2.1.3.LTS\lib\armv6m-ti-none-eabi/c/libc.a
       copy_decompress_lzss.c.obj     104    0         0      
       autoinit.c.obj                 60     0         0      
       boot_cortex_m.c.obj            40     0         0      
       copy_decompress_none.c.obj     18     0         0      
       memcpy16.S.obj                 18     0         0      
       exit.c.obj                     4      0         0      
       pre_init.c.obj                 4      0         0      
    +--+------------------------------+------+---------+---------+
       Total:                         248    0         0      
                                                              
    C:\Program Files\ccs\tools\compiler\ti-cgt-armllvm_2.1.3.LTS\lib\clang/14.0.6/lib/armv6m-ti-none-eabi/libclang_rt.builtins.a
       aeabi_idivmod.S.obj            86     0         0      
       aeabi_memcpy.S.obj             8      0         0      
       aeabi_div0.c.obj               2      0         0      
    +--+------------------------------+------+---------+---------+
       Total:                         96     0         0      
                                                              
       Stack:                         0      0         512    
       Linker Generated:              0      23        0      
    +--+------------------------------+------+---------+---------+
       Grand Total:                   1206   215       520    


LINKER GENERATED COPY TABLES

__TI_cinit_table @ 00000588 records: 1, size/record: 8, table size: 8
	.data: load addr=00000580, load size=00000007 bytes, run addr=20200000, run size=00000008 bytes, compression=lzss


LINKER GENERATED HANDLER TABLE

__TI_handler_table @ 00000578 records: 2, size/record: 4, table size: 8
	index: 0, handler: __TI_decompress_lzss
	index: 1, handler: __TI_decompress_none


GLOBAL SYMBOLS: SORTED ALPHABETICALLY BY Name 

address   name                          
-------   ----                          
00000569  ADC0_IRQHandler               
00000569  ADC1_IRQHandler               
00000569  AES_IRQHandler                
00000574  C$$EXIT                       
00000569  CANFD0_IRQHandler             
00000569  DAC0_IRQHandler               
00000503  DL_Common_delayCycles         
00000569  DMA_IRQHandler                
00000569  Default_Handler               
00000569  GROUP0_IRQHandler             
00000569  GROUP1_IRQHandler             
00000569  HardFault_Handler             
00000569  I2C0_IRQHandler               
00000569  I2C1_IRQHandler               
00000569  NMI_Handler                   
00000569  PendSV_Handler                
00000569  RTC_IRQHandler                
0000056d  Reset_Handler                 
00000569  SPI0_IRQHandler               
00000569  SPI1_IRQHandler               
00000569  SVC_Handler                   
000002ef  SYSCFG_DL_GPIO_init           
000003e5  SYSCFG_DL_SYSCTL_init         
0000054f  SYSCFG_DL_init                
00000361  SYSCFG_DL_initPower           
00000569  SysTick_Handler               
00000569  TIMA0_IRQHandler              
00000569  TIMA1_IRQHandler              
00000569  TIMG0_IRQHandler              
00000569  TIMG12_IRQHandler             
00000569  TIMG6_IRQHandler              
00000569  TIMG7_IRQHandler              
00000569  TIMG8_IRQHandler              
0000052b  TI_memcpy_small               
00000569  UART0_IRQHandler              
00000569  UART1_IRQHandler              
00000569  UART2_IRQHandler              
00000569  UART3_IRQHandler              
20208000  __STACK_END                   
00000200  __STACK_SIZE                  
00000588  __TI_CINIT_Base               
00000590  __TI_CINIT_Limit              
00000590  __TI_CINIT_Warm               
00000578  __TI_Handler_Table_Base       
00000580  __TI_Handler_Table_Limit      
000002f1  __TI_auto_init_nobinit_nopinit
00000231  __TI_decompress_lzss          
0000053d  __TI_decompress_none          
ffffffff  __TI_pprof_out_hndl           
ffffffff  __TI_prof_data_size           
ffffffff  __TI_prof_data_start          
00000000  __TI_static_base__            
00000299  __aeabi_idiv                  
00000407  __aeabi_idiv0                 
00000299  __aeabi_idivmod               
00000561  __aeabi_memcpy                
00000561  __aeabi_memcpy4               
00000561  __aeabi_memcpy8               
ffffffff  __binit__                     
UNDEFED   __mpu_init                    
20207e00  __stack                       
20200000  __start___llvm_prf_bits       
20200000  __start___llvm_prf_cnts       
20200000  __stop___llvm_prf_bits        
20200000  __stop___llvm_prf_cnts        
000003bd  _c_int00_noargs               
UNDEFED   _system_post_cinit            
00000571  _system_pre_init              
00000575  abort                         
ffffffff  binit                         
00000000  interruptVectors              
000000c1  main                          
20200000  s2_counter                    
20200004  s2_state                      


GLOBAL SYMBOLS: SORTED BY Symbol Address 

address   name                          
-------   ----                          
00000000  __TI_static_base__            
00000000  interruptVectors              
000000c1  main                          
00000200  __STACK_SIZE                  
00000231  __TI_decompress_lzss          
00000299  __aeabi_idiv                  
00000299  __aeabi_idivmod               
000002ef  SYSCFG_DL_GPIO_init           
000002f1  __TI_auto_init_nobinit_nopinit
00000361  SYSCFG_DL_initPower           
000003bd  _c_int00_noargs               
000003e5  SYSCFG_DL_SYSCTL_init         
00000407  __aeabi_idiv0                 
00000503  DL_Common_delayCycles         
0000052b  TI_memcpy_small               
0000053d  __TI_decompress_none          
0000054f  SYSCFG_DL_init                
00000561  __aeabi_memcpy                
00000561  __aeabi_memcpy4               
00000561  __aeabi_memcpy8               
00000569  ADC0_IRQHandler               
00000569  ADC1_IRQHandler               
00000569  AES_IRQHandler                
00000569  CANFD0_IRQHandler             
00000569  DAC0_IRQHandler               
00000569  DMA_IRQHandler                
00000569  Default_Handler               
00000569  GROUP0_IRQHandler             
00000569  GROUP1_IRQHandler             
00000569  HardFault_Handler             
00000569  I2C0_IRQHandler               
00000569  I2C1_IRQHandler               
00000569  NMI_Handler                   
00000569  PendSV_Handler                
00000569  RTC_IRQHandler                
00000569  SPI0_IRQHandler               
00000569  SPI1_IRQHandler               
00000569  SVC_Handler                   
00000569  SysTick_Handler               
00000569  TIMA0_IRQHandler              
00000569  TIMA1_IRQHandler              
00000569  TIMG0_IRQHandler              
00000569  TIMG12_IRQHandler             
00000569  TIMG6_IRQHandler              
00000569  TIMG7_IRQHandler              
00000569  TIMG8_IRQHandler              
00000569  UART0_IRQHandler              
00000569  UART1_IRQHandler              
00000569  UART2_IRQHandler              
00000569  UART3_IRQHandler              
0000056d  Reset_Handler                 
00000571  _system_pre_init              
00000574  C$$EXIT                       
00000575  abort                         
00000578  __TI_Handler_Table_Base       
00000580  __TI_Handler_Table_Limit      
00000588  __TI_CINIT_Base               
00000590  __TI_CINIT_Limit              
00000590  __TI_CINIT_Warm               
20200000  __start___llvm_prf_bits       
20200000  __start___llvm_prf_cnts       
20200000  __stop___llvm_prf_bits        
20200000  __stop___llvm_prf_cnts        
20200000  s2_counter                    
20200004  s2_state                      
20207e00  __stack                       
20208000  __STACK_END                   
ffffffff  __TI_pprof_out_hndl           
ffffffff  __TI_prof_data_size           
ffffffff  __TI_prof_data_start          
ffffffff  __binit__                     
ffffffff  binit                         
UNDEFED   __mpu_init                    
UNDEFED   _system_post_cinit            

[74 symbols]
