******************************************************************************
            TI ARM Clang Linker PC v2.1.3                      
******************************************************************************
>> Linked Sat Dec  7 00:22:04 2024

OUTPUT FILE NAME:   <Lab3.out>
ENTRY POINT SYMBOL: "_c_int00_noargs"  address: 00000451


MEMORY CONFIGURATION

         name            origin    length      used     unused   attr    fill
----------------------  --------  ---------  --------  --------  ----  --------
  FLASH                 00000000   00020000  00000668  0001f998  R  X
  SRAM                  20200000   00008000  00000205  00007dfb  RW X
  BCR_CONFIG            41c00000   00000080  00000000  00000080  R   
  BSL_CONFIG            41c00100   00000080  00000000  00000080  R   


SEGMENT ALLOCATION MAP

run origin  load origin   length   init length attrs members
----------  ----------- ---------- ----------- ----- -------
00000000    00000000    00000668   00000668    r-x
  00000000    00000000    000000c0   000000c0    r-- .intvecs
  000000c0    000000c0    00000590   00000590    r-x .text
  00000650    00000650    00000018   00000018    r-- .cinit
20200000    20200000    00000005   00000000    rw-
  20200000    20200000    00000005   00000000    rw- .data
20207e00    20207e00    00000200   00000000    rw-
  20207e00    20207e00    00000200   00000000    rw- .stack


SECTION ALLOCATION MAP

 output                                  attributes/
section   page    origin      length       input sections
--------  ----  ----------  ----------   ----------------
.intvecs   0    00000000    000000c0     
                  00000000    000000c0     startup_mspm0g350x_ticlang.o (.intvecs)

.text      0    000000c0    00000590     
                  000000c0    000000c8     Lab3.o (.text.main)
                  00000188    0000009c     Lab3.o (.text.init_GPIO)
                  00000224    00000068     libc.a : copy_decompress_lzss.c.obj (.text:decompress:lzss)
                  0000028c    00000056     libclang_rt.builtins.a : aeabi_idivmod.S.obj (.text)
                  000002e2    00000002                            : aeabi_div0.c.obj (.text.__aeabi_idiv0)
                  000002e4    00000054     Lab3.o (.text.select_LED)
                  00000338    0000004c     ti_msp_dl_config.o (.text.SYSCFG_DL_GPIO_init)
                  00000384    0000003c     libc.a : autoinit.c.obj (.text:__TI_auto_init_nobinit_nopinit)
                  000003c0    00000034     Lab3.o (.text.DL_GPIO_initDigitalInputFeatures)
                  000003f4    00000034     ti_msp_dl_config.o (.text.SYSCFG_DL_initPower)
                  00000428    00000028     ti_msp_dl_config.o (.text.DL_Common_updateReg)
                  00000450    00000028     libc.a : boot_cortex_m.c.obj (.text:_c_int00_noargs)
                  00000478    00000022     ti_msp_dl_config.o (.text.SYSCFG_DL_SYSCTL_init)
                  0000049a    00000002     --HOLE-- [fill = 0]
                  0000049c    0000001c     ti_msp_dl_config.o (.text.DL_SYSCTL_setMCLKDivider)
                  000004b8    0000001c     ti_msp_dl_config.o (.text.DL_SYSCTL_setSYSOSCFreq)
                  000004d4    0000001c     ti_msp_dl_config.o (.text.DL_SYSCTL_setULPCLKDivider)
                  000004f0    00000018     Lab3.o (.text.DL_GPIO_enableOutput)
                  00000508    00000018     ti_msp_dl_config.o (.text.DL_GPIO_enableOutput)
                  00000520    00000018     ti_msp_dl_config.o (.text.DL_GPIO_enablePower)
                  00000538    00000018     Lab3.o (.text.DL_GPIO_initDigitalOutput)
                  00000550    00000018     ti_msp_dl_config.o (.text.DL_GPIO_initDigitalOutput)
                  00000568    00000018     ti_msp_dl_config.o (.text.DL_GPIO_reset)
                  00000580    00000018     Lab3.o (.text.DL_GPIO_setPins)
                  00000598    00000018     ti_msp_dl_config.o (.text.DL_SYSCTL_setBORThreshold)
                  000005b0    00000016     Lab3.o (.text.DL_GPIO_readPins)
                  000005c6    00000014     driverlib.a : dl_common.o (.text.DL_Common_delayCycles)
                  000005da    00000014     Lab3.o (.text.DL_GPIO_clearPins)
                  000005ee    00000014     ti_msp_dl_config.o (.text.DL_GPIO_clearPins)
                  00000602    00000012     libc.a : memcpy16.S.obj (.text:TI_memcpy_small)
                  00000614    00000012            : copy_decompress_none.c.obj (.text:decompress:none)
                  00000626    00000010     ti_msp_dl_config.o (.text.SYSCFG_DL_init)
                  00000636    00000002     --HOLE-- [fill = 0]
                  00000638    00000008     libclang_rt.builtins.a : aeabi_memcpy.S.obj (.text)
                  00000640    00000004     startup_mspm0g350x_ticlang.o (.text.Default_Handler)
                  00000644    00000004     startup_mspm0g350x_ticlang.o (.text.Reset_Handler)
                  00000648    00000004     libc.a : pre_init.c.obj (.text._system_pre_init)
                  0000064c    00000004            : exit.c.obj (.text:abort)

.cinit     0    00000650    00000018     
                  00000650    00000008     (__TI_handler_table)
                  00000658    00000007     (.cinit..data.load) [load image, compression = lzss]
                  0000065f    00000001     --HOLE-- [fill = 0]
                  00000660    00000008     (__TI_cinit_table)

.init_array 
*          0    00000000    00000000     UNINITIALIZED

.binit     0    00000000    00000000     

.data      0    20200000    00000005     UNINITIALIZED
                  20200000    00000004     Lab3.o (.data.s2_counter)
                  20200004    00000001     Lab3.o (.data.s2_state)

.stack     0    20207e00    00000200     UNINITIALIZED
                  20207e00    00000004     libc.a : boot_cortex_m.c.obj (.stack)
                  20207e04    000001fc     --HOLE--

__llvm_prf_cnts 
*          0    20200000    00000000     UNINITIALIZED

__llvm_prf_bits 
*          0    20200000    00000000     UNINITIALIZED

MODULE SUMMARY

       Module                         code   ro data   rw data
       ------                         ----   -------   -------
    .\
       Lab3.o                         606    0         5      
       startup_mspm0g350x_ticlang.o   8      192       0      
    +--+------------------------------+------+---------+---------+
       Total:                         614    192       5      
                                                              
    .\syscfg\
       ti_msp_dl_config.o             442    0         0      
    +--+------------------------------+------+---------+---------+
       Total:                         442    0         0      
                                                              
    C:/ti/mspm0_sdk_2_01_00_03/source/ti/driverlib/lib/ticlang/m0p/mspm0g1x0x_g3x0x/driverlib.a
       dl_common.o                    20     0         0      
    +--+------------------------------+------+---------+---------+
       Total:                         20     0         0      
                                                              
    C:\Program Files\ccs\tools\compiler\ti-cgt-armllvm_2.1.3.LTS\lib\armv6m-ti-none-eabi/c/libc.a
       copy_decompress_lzss.c.obj     104    0         0      
       autoinit.c.obj                 60     0         0      
       boot_cortex_m.c.obj            40     0         0      
       copy_decompress_none.c.obj     18     0         0      
       memcpy16.S.obj                 18     0         0      
       exit.c.obj                     4      0         0      
       pre_init.c.obj                 4      0         0      
    +--+------------------------------+------+---------+---------+
       Total:                         248    0         0      
                                                              
    C:\Program Files\ccs\tools\compiler\ti-cgt-armllvm_2.1.3.LTS\lib\clang/14.0.6/lib/armv6m-ti-none-eabi/libclang_rt.builtins.a
       aeabi_idivmod.S.obj            86     0         0      
       aeabi_memcpy.S.obj             8      0         0      
       aeabi_div0.c.obj               2      0         0      
    +--+------------------------------+------+---------+---------+
       Total:                         96     0         0      
                                                              
       Stack:                         0      0         512    
       Linker Generated:              0      23        0      
    +--+------------------------------+------+---------+---------+
       Grand Total:                   1420   215       517    


LINKER GENERATED COPY TABLES

__TI_cinit_table @ 00000660 records: 1, size/record: 8, table size: 8
	.data: load addr=00000658, load size=00000007 bytes, run addr=20200000, run size=00000005 bytes, compression=lzss


LINKER GENERATED HANDLER TABLE

__TI_handler_table @ 00000650 records: 2, size/record: 4, table size: 8
	index: 0, handler: __TI_decompress_lzss
	index: 1, handler: __TI_decompress_none


GLOBAL SYMBOLS: SORTED ALPHABETICALLY BY Name 

address   name                          
-------   ----                          
00000641  ADC0_IRQHandler               
00000641  ADC1_IRQHandler               
00000641  AES_IRQHandler                
0000064c  C$$EXIT                       
00000641  CANFD0_IRQHandler             
00000641  DAC0_IRQHandler               
000005c7  DL_Common_delayCycles         
00000641  DMA_IRQHandler                
00000641  Default_Handler               
00000641  GROUP0_IRQHandler             
00000641  GROUP1_IRQHandler             
00000641  HardFault_Handler             
00000641  I2C0_IRQHandler               
00000641  I2C1_IRQHandler               
00000641  NMI_Handler                   
00000641  PendSV_Handler                
00000641  RTC_IRQHandler                
00000645  Reset_Handler                 
00000641  SPI0_IRQHandler               
00000641  SPI1_IRQHandler               
00000641  SVC_Handler                   
00000339  SYSCFG_DL_GPIO_init           
00000479  SYSCFG_DL_SYSCTL_init         
00000627  SYSCFG_DL_init                
000003f5  SYSCFG_DL_initPower           
00000641  SysTick_Handler               
00000641  TIMA0_IRQHandler              
00000641  TIMA1_IRQHandler              
00000641  TIMG0_IRQHandler              
00000641  TIMG12_IRQHandler             
00000641  TIMG6_IRQHandler              
00000641  TIMG7_IRQHandler              
00000641  TIMG8_IRQHandler              
00000603  TI_memcpy_small               
00000641  UART0_IRQHandler              
00000641  UART1_IRQHandler              
00000641  UART2_IRQHandler              
00000641  UART3_IRQHandler              
20208000  __STACK_END                   
00000200  __STACK_SIZE                  
00000660  __TI_CINIT_Base               
00000668  __TI_CINIT_Limit              
00000668  __TI_CINIT_Warm               
00000650  __TI_Handler_Table_Base       
00000658  __TI_Handler_Table_Limit      
00000385  __TI_auto_init_nobinit_nopinit
00000225  __TI_decompress_lzss          
00000615  __TI_decompress_none          
ffffffff  __TI_pprof_out_hndl           
ffffffff  __TI_prof_data_size           
ffffffff  __TI_prof_data_start          
00000000  __TI_static_base__            
0000028d  __aeabi_idiv                  
000002e3  __aeabi_idiv0                 
0000028d  __aeabi_idivmod               
00000639  __aeabi_memcpy                
00000639  __aeabi_memcpy4               
00000639  __aeabi_memcpy8               
ffffffff  __binit__                     
UNDEFED   __mpu_init                    
20207e00  __stack                       
20200000  __start___llvm_prf_bits       
20200000  __start___llvm_prf_cnts       
20200000  __stop___llvm_prf_bits        
20200000  __stop___llvm_prf_cnts        
00000451  _c_int00_noargs               
UNDEFED   _system_post_cinit            
00000649  _system_pre_init              
0000064d  abort                         
ffffffff  binit                         
00000189  init_GPIO                     
00000000  interruptVectors              
000000c1  main                          
20200000  s2_counter                    
20200004  s2_state                      
000002e5  select_LED                    


GLOBAL SYMBOLS: SORTED BY Symbol Address 

address   name                          
-------   ----                          
00000000  __TI_static_base__            
00000000  interruptVectors              
000000c1  main                          
00000189  init_GPIO                     
00000200  __STACK_SIZE                  
00000225  __TI_decompress_lzss          
0000028d  __aeabi_idiv                  
0000028d  __aeabi_idivmod               
000002e3  __aeabi_idiv0                 
000002e5  select_LED                    
00000339  SYSCFG_DL_GPIO_init           
00000385  __TI_auto_init_nobinit_nopinit
000003f5  SYSCFG_DL_initPower           
00000451  _c_int00_noargs               
00000479  SYSCFG_DL_SYSCTL_init         
000005c7  DL_Common_delayCycles         
00000603  TI_memcpy_small               
00000615  __TI_decompress_none          
00000627  SYSCFG_DL_init                
00000639  __aeabi_memcpy                
00000639  __aeabi_memcpy4               
00000639  __aeabi_memcpy8               
00000641  ADC0_IRQHandler               
00000641  ADC1_IRQHandler               
00000641  AES_IRQHandler                
00000641  CANFD0_IRQHandler             
00000641  DAC0_IRQHandler               
00000641  DMA_IRQHandler                
00000641  Default_Handler               
00000641  GROUP0_IRQHandler             
00000641  GROUP1_IRQHandler             
00000641  HardFault_Handler             
00000641  I2C0_IRQHandler               
00000641  I2C1_IRQHandler               
00000641  NMI_Handler                   
00000641  PendSV_Handler                
00000641  RTC_IRQHandler                
00000641  SPI0_IRQHandler               
00000641  SPI1_IRQHandler               
00000641  SVC_Handler                   
00000641  SysTick_Handler               
00000641  TIMA0_IRQHandler              
00000641  TIMA1_IRQHandler              
00000641  TIMG0_IRQHandler              
00000641  TIMG12_IRQHandler             
00000641  TIMG6_IRQHandler              
00000641  TIMG7_IRQHandler              
00000641  TIMG8_IRQHandler              
00000641  UART0_IRQHandler              
00000641  UART1_IRQHandler              
00000641  UART2_IRQHandler              
00000641  UART3_IRQHandler              
00000645  Reset_Handler                 
00000649  _system_pre_init              
0000064c  C$$EXIT                       
0000064d  abort                         
00000650  __TI_Handler_Table_Base       
00000658  __TI_Handler_Table_Limit      
00000660  __TI_CINIT_Base               
00000668  __TI_CINIT_Limit              
00000668  __TI_CINIT_Warm               
20200000  __start___llvm_prf_bits       
20200000  __start___llvm_prf_cnts       
20200000  __stop___llvm_prf_bits        
20200000  __stop___llvm_prf_cnts        
20200000  s2_counter                    
20200004  s2_state                      
20207e00  __stack                       
20208000  __STACK_END                   
ffffffff  __TI_pprof_out_hndl           
ffffffff  __TI_prof_data_size           
ffffffff  __TI_prof_data_start          
ffffffff  __binit__                     
ffffffff  binit                         
UNDEFED   __mpu_init                    
UNDEFED   _system_post_cinit            

[76 symbols]
