******************************************************************************
            TI ARM Clang Linker PC v2.1.3                      
******************************************************************************
>> Linked Sun Nov  3 13:24:22 2024

OUTPUT FILE NAME:   <Lab2.out>
ENTRY POINT SYMBOL: "_c_int00_noargs"  address: 00000319


MEMORY CONFIGURATION

         name            origin    length      used     unused   attr    fill
----------------------  --------  ---------  --------  --------  ----  --------
  FLASH                 00000000   00020000  000004e8  0001fb18  R  X
  SRAM                  20200000   00008000  00000202  00007dfe  RW X
  BCR_CONFIG            41c00000   00000080  00000000  00000080  R   
  BSL_CONFIG            41c00100   00000080  00000000  00000080  R   


SEGMENT ALLOCATION MAP

run origin  load origin   length   init length attrs members
----------  ----------- ---------- ----------- ----- -------
00000000    00000000    000004e8   000004e8    r-x
  00000000    00000000    000000c0   000000c0    r-- .intvecs
  000000c0    000000c0    00000410   00000410    r-x .text
  000004d0    000004d0    00000018   00000018    r-- .cinit
20200000    20200000    00000002   00000000    rw-
  20200000    20200000    00000002   00000000    rw- .data
20207e00    20207e00    00000200   00000000    rw-
  20207e00    20207e00    00000200   00000000    rw- .stack


SECTION ALLOCATION MAP

 output                                  attributes/
section   page    origin      length       input sections
--------  ----  ----------  ----------   ----------------
.intvecs   0    00000000    000000c0     
                  00000000    000000c0     startup_mspm0g350x_ticlang.o (.intvecs)

.text      0    000000c0    00000410     
                  000000c0    00000084     Lab2.o (.text.__NVIC_SetPriority)
                  00000144    00000068     libc.a : copy_decompress_lzss.c.obj (.text:decompress:lzss)
                  000001ac    00000054     Lab2.o (.text.main)
                  00000200    00000050     Lab2.o (.text.SysTick_Config)
                  00000250    0000003c     libc.a : autoinit.c.obj (.text:__TI_auto_init_nobinit_nopinit)
                  0000028c    00000034     ti_msp_dl_config.o (.text.SYSCFG_DL_initPower)
                  000002c0    00000030     Lab2.o (.text.SysTick_Handler)
                  000002f0    00000028     ti_msp_dl_config.o (.text.DL_Common_updateReg)
                  00000318    00000028     libc.a : boot_cortex_m.c.obj (.text:_c_int00_noargs)
                  00000340    00000022     ti_msp_dl_config.o (.text.SYSCFG_DL_SYSCTL_init)
                  00000362    00000002     ti_msp_dl_config.o (.text.SYSCFG_DL_GPIO_init)
                  00000364    0000001c     ti_msp_dl_config.o (.text.DL_SYSCTL_setMCLKDivider)
                  00000380    0000001c     ti_msp_dl_config.o (.text.DL_SYSCTL_setSYSOSCFreq)
                  0000039c    0000001c     ti_msp_dl_config.o (.text.DL_SYSCTL_setULPCLKDivider)
                  000003b8    00000018     Lab2.o (.text.DL_GPIO_enableOutput)
                  000003d0    00000018     ti_msp_dl_config.o (.text.DL_GPIO_enablePower)
                  000003e8    00000018     Lab2.o (.text.DL_GPIO_initDigitalOutput)
                  00000400    00000018     ti_msp_dl_config.o (.text.DL_GPIO_reset)
                  00000418    00000018     Lab2.o (.text.DL_GPIO_togglePins)
                  00000430    00000018     ti_msp_dl_config.o (.text.DL_SYSCTL_setBORThreshold)
                  00000448    00000014     driverlib.a : dl_common.o (.text.DL_Common_delayCycles)
                  0000045c    00000014     Lab2.o (.text.DL_GPIO_clearPins)
                  00000470    00000012     libc.a : memcpy16.S.obj (.text:TI_memcpy_small)
                  00000482    00000012            : copy_decompress_none.c.obj (.text:decompress:none)
                  00000494    00000010     Lab2.o (.text.DL_SYSCTL_enableSleepOnExit)
                  000004a4    00000010     ti_msp_dl_config.o (.text.SYSCFG_DL_init)
                  000004b4    00000008     libclang_rt.builtins.a : aeabi_memcpy.S.obj (.text)
                  000004bc    00000004     startup_mspm0g350x_ticlang.o (.text.Default_Handler)
                  000004c0    00000004     startup_mspm0g350x_ticlang.o (.text.Reset_Handler)
                  000004c4    00000004     libc.a : pre_init.c.obj (.text._system_pre_init)
                  000004c8    00000004            : exit.c.obj (.text:abort)
                  000004cc    00000004     --HOLE-- [fill = 0]

.cinit     0    000004d0    00000018     
                  000004d0    00000008     (__TI_handler_table)
                  000004d8    00000006     (.cinit..data.load) [load image, compression = lzss]
                  000004de    00000002     --HOLE-- [fill = 0]
                  000004e0    00000008     (__TI_cinit_table)

.init_array 
*          0    00000000    00000000     UNINITIALIZED

.binit     0    00000000    00000000     

.data      0    20200000    00000002     UNINITIALIZED
                  20200000    00000002     Lab2.o (.data.counter)

.stack     0    20207e00    00000200     UNINITIALIZED
                  20207e00    00000004     libc.a : boot_cortex_m.c.obj (.stack)
                  20207e04    000001fc     --HOLE--

__llvm_prf_cnts 
*          0    20200000    00000000     UNINITIALIZED

__llvm_prf_bits 
*          0    20200000    00000000     UNINITIALIZED

MODULE SUMMARY

       Module                         code   ro data   rw data
       ------                         ----   -------   -------
    .\
       Lab2.o                         452    0         2      
       startup_mspm0g350x_ticlang.o   8      192       0      
    +--+------------------------------+------+---------+---------+
       Total:                         460    192       2      
                                                              
    .\syscfg\
       ti_msp_dl_config.o             300    0         0      
    +--+------------------------------+------+---------+---------+
       Total:                         300    0         0      
                                                              
    C:/ti/mspm0_sdk_2_01_00_03/source/ti/driverlib/lib/ticlang/m0p/mspm0g1x0x_g3x0x/driverlib.a
       dl_common.o                    20     0         0      
    +--+------------------------------+------+---------+---------+
       Total:                         20     0         0      
                                                              
    C:\Program Files\ccs\tools\compiler\ti-cgt-armllvm_2.1.3.LTS\lib\armv6m-ti-none-eabi/c/libc.a
       copy_decompress_lzss.c.obj     104    0         0      
       autoinit.c.obj                 60     0         0      
       boot_cortex_m.c.obj            40     0         0      
       copy_decompress_none.c.obj     18     0         0      
       memcpy16.S.obj                 18     0         0      
       exit.c.obj                     4      0         0      
       pre_init.c.obj                 4      0         0      
    +--+------------------------------+------+---------+---------+
       Total:                         248    0         0      
                                                              
    C:\Program Files\ccs\tools\compiler\ti-cgt-armllvm_2.1.3.LTS\lib\clang/14.0.6/lib/armv6m-ti-none-eabi/libclang_rt.builtins.a
       aeabi_memcpy.S.obj             8      0         0      
    +--+------------------------------+------+---------+---------+
       Total:                         8      0         0      
                                                              
       Stack:                         0      0         512    
       Linker Generated:              0      22        0      
    +--+------------------------------+------+---------+---------+
       Grand Total:                   1036   214       514    


LINKER GENERATED COPY TABLES

__TI_cinit_table @ 000004e0 records: 1, size/record: 8, table size: 8
	.data: load addr=000004d8, load size=00000006 bytes, run addr=20200000, run size=00000002 bytes, compression=lzss


LINKER GENERATED HANDLER TABLE

__TI_handler_table @ 000004d0 records: 2, size/record: 4, table size: 8
	index: 0, handler: __TI_decompress_lzss
	index: 1, handler: __TI_decompress_none


GLOBAL SYMBOLS: SORTED ALPHABETICALLY BY Name 

address   name                          
-------   ----                          
000004bd  ADC0_IRQHandler               
000004bd  ADC1_IRQHandler               
000004bd  AES_IRQHandler                
000004c8  C$$EXIT                       
000004bd  CANFD0_IRQHandler             
000004bd  DAC0_IRQHandler               
00000449  DL_Common_delayCycles         
000004bd  DMA_IRQHandler                
000004bd  Default_Handler               
000004bd  GROUP0_IRQHandler             
000004bd  GROUP1_IRQHandler             
000004bd  HardFault_Handler             
000004bd  I2C0_IRQHandler               
000004bd  I2C1_IRQHandler               
000004bd  NMI_Handler                   
000004bd  PendSV_Handler                
000004bd  RTC_IRQHandler                
000004c1  Reset_Handler                 
000004bd  SPI0_IRQHandler               
000004bd  SPI1_IRQHandler               
000004bd  SVC_Handler                   
00000363  SYSCFG_DL_GPIO_init           
00000341  SYSCFG_DL_SYSCTL_init         
000004a5  SYSCFG_DL_init                
0000028d  SYSCFG_DL_initPower           
000002c1  SysTick_Handler               
000004bd  TIMA0_IRQHandler              
000004bd  TIMA1_IRQHandler              
000004bd  TIMG0_IRQHandler              
000004bd  TIMG12_IRQHandler             
000004bd  TIMG6_IRQHandler              
000004bd  TIMG7_IRQHandler              
000004bd  TIMG8_IRQHandler              
00000471  TI_memcpy_small               
000004bd  UART0_IRQHandler              
000004bd  UART1_IRQHandler              
000004bd  UART2_IRQHandler              
000004bd  UART3_IRQHandler              
20208000  __STACK_END                   
00000200  __STACK_SIZE                  
000004e0  __TI_CINIT_Base               
000004e8  __TI_CINIT_Limit              
000004e8  __TI_CINIT_Warm               
000004d0  __TI_Handler_Table_Base       
000004d8  __TI_Handler_Table_Limit      
00000251  __TI_auto_init_nobinit_nopinit
00000145  __TI_decompress_lzss          
00000483  __TI_decompress_none          
ffffffff  __TI_pprof_out_hndl           
ffffffff  __TI_prof_data_size           
ffffffff  __TI_prof_data_start          
00000000  __TI_static_base__            
000004b5  __aeabi_memcpy                
000004b5  __aeabi_memcpy4               
000004b5  __aeabi_memcpy8               
ffffffff  __binit__                     
UNDEFED   __mpu_init                    
20207e00  __stack                       
20200000  __start___llvm_prf_bits       
20200000  __start___llvm_prf_cnts       
20200000  __stop___llvm_prf_bits        
20200000  __stop___llvm_prf_cnts        
00000319  _c_int00_noargs               
UNDEFED   _system_post_cinit            
000004c5  _system_pre_init              
000004c9  abort                         
ffffffff  binit                         
20200000  counter                       
00000000  interruptVectors              
000001ad  main                          


GLOBAL SYMBOLS: SORTED BY Symbol Address 

address   name                          
-------   ----                          
00000000  __TI_static_base__            
00000000  interruptVectors              
00000145  __TI_decompress_lzss          
000001ad  main                          
00000200  __STACK_SIZE                  
00000251  __TI_auto_init_nobinit_nopinit
0000028d  SYSCFG_DL_initPower           
000002c1  SysTick_Handler               
00000319  _c_int00_noargs               
00000341  SYSCFG_DL_SYSCTL_init         
00000363  SYSCFG_DL_GPIO_init           
00000449  DL_Common_delayCycles         
00000471  TI_memcpy_small               
00000483  __TI_decompress_none          
000004a5  SYSCFG_DL_init                
000004b5  __aeabi_memcpy                
000004b5  __aeabi_memcpy4               
000004b5  __aeabi_memcpy8               
000004bd  ADC0_IRQHandler               
000004bd  ADC1_IRQHandler               
000004bd  AES_IRQHandler                
000004bd  CANFD0_IRQHandler             
000004bd  DAC0_IRQHandler               
000004bd  DMA_IRQHandler                
000004bd  Default_Handler               
000004bd  GROUP0_IRQHandler             
000004bd  GROUP1_IRQHandler             
000004bd  HardFault_Handler             
000004bd  I2C0_IRQHandler               
000004bd  I2C1_IRQHandler               
000004bd  NMI_Handler                   
000004bd  PendSV_Handler                
000004bd  RTC_IRQHandler                
000004bd  SPI0_IRQHandler               
000004bd  SPI1_IRQHandler               
000004bd  SVC_Handler                   
000004bd  TIMA0_IRQHandler              
000004bd  TIMA1_IRQHandler              
000004bd  TIMG0_IRQHandler              
000004bd  TIMG12_IRQHandler             
000004bd  TIMG6_IRQHandler              
000004bd  TIMG7_IRQHandler              
000004bd  TIMG8_IRQHandler              
000004bd  UART0_IRQHandler              
000004bd  UART1_IRQHandler              
000004bd  UART2_IRQHandler              
000004bd  UART3_IRQHandler              
000004c1  Reset_Handler                 
000004c5  _system_pre_init              
000004c8  C$$EXIT                       
000004c9  abort                         
000004d0  __TI_Handler_Table_Base       
000004d8  __TI_Handler_Table_Limit      
000004e0  __TI_CINIT_Base               
000004e8  __TI_CINIT_Limit              
000004e8  __TI_CINIT_Warm               
20200000  __start___llvm_prf_bits       
20200000  __start___llvm_prf_cnts       
20200000  __stop___llvm_prf_bits        
20200000  __stop___llvm_prf_cnts        
20200000  counter                       
20207e00  __stack                       
20208000  __STACK_END                   
ffffffff  __TI_pprof_out_hndl           
ffffffff  __TI_prof_data_size           
ffffffff  __TI_prof_data_start          
ffffffff  __binit__                     
ffffffff  binit                         
UNDEFED   __mpu_init                    
UNDEFED   _system_post_cinit            

[70 symbols]
