******************************************************************************
            TI ARM Clang Linker PC v2.1.3                      
******************************************************************************
>> Linked Sat Nov 16 19:20:08 2024

OUTPUT FILE NAME:   <Lab8.out>
ENTRY POINT SYMBOL: "_c_int00_noargs"  address: 00000c89


MEMORY CONFIGURATION

         name            origin    length      used     unused   attr    fill
----------------------  --------  ---------  --------  --------  ----  --------
  FLASH                 00000000   00020000  00000fe0  0001f020  R  X
  SRAM                  20200000   00008000  0000021e  00007de2  RW X
  BCR_CONFIG            41c00000   00000080  00000000  00000080  R   
  BSL_CONFIG            41c00100   00000080  00000000  00000080  R   


SEGMENT ALLOCATION MAP

run origin  load origin   length   init length attrs members
----------  ----------- ---------- ----------- ----- -------
00000000    00000000    00000fe0   00000fe0    r-x
  00000000    00000000    000000c0   000000c0    r-- .intvecs
  000000c0    000000c0    00000ef0   00000ef0    r-x .text
  00000fb0    00000fb0    00000030   00000030    r-- .cinit
20200000    20200000    0000001e   00000000    rw-
  20200000    20200000    0000001e   00000000    rw- .data
20207e00    20207e00    00000200   00000000    rw-
  20207e00    20207e00    00000200   00000000    rw- .stack


SECTION ALLOCATION MAP

 output                                  attributes/
section   page    origin      length       input sections
--------  ----  ----------  ----------   ----------------
.intvecs   0    00000000    000000c0     
                  00000000    000000c0     startup_mspm0g350x_ticlang.o (.intvecs)

.text      0    000000c0    00000ef0     
                  000000c0    00000110     driverlib.a : dl_timer.o (.text.DL_Timer_initPWMMode)
                  000001d0    0000010c     libclang_rt.builtins.a : divdf3.S.obj (.text)
                  000002dc    000000e4                            : muldf3.S.obj (.text)
                  000003c0    000000e0     Lab8.o (.text.operate_motor)
                  000004a0    000000ac     Lab8.o (.text.TimerG_PWM_init)
                  0000054c    0000009c     Lab8.o (.text.GPIO_init)
                  000005e8    00000090     Lab8.o (.text.get_ADC2PWM)
                  00000678    0000008c     Lab8.o (.text.check_mode)
                  00000704    0000008c     libclang_rt.builtins.a : mulsf3.S.obj (.text)
                  00000790    00000074                            : truncdfsf2.S.obj (.text)
                  00000804    00000068     libc.a : copy_decompress_lzss.c.obj (.text:decompress:lzss)
                  0000086c    0000004c     driverlib.a : dl_adc12.o (.text.DL_ADC12_setClockConfig)
                  000008b8    0000004a     Lab8.o (.text.DL_ADC12_configConversionMem)
                  00000902    00000002     ti_msp_dl_config.o (.text.SYSCFG_DL_GPIO_init)
                  00000904    00000040     Lab8.o (.text.ADC_init)
                  00000944    00000040     driverlib.a : dl_timer.o (.text.DL_Timer_setCaptureCompareOutCtl)
                  00000984    00000040     libclang_rt.builtins.a : extendsfdf2.S.obj (.text)
                  000009c4    0000003c     driverlib.a : dl_timer.o (.text.DL_Timer_setCaptureCompareCtl)
                  00000a00    0000003c     libc.a : autoinit.c.obj (.text:__TI_auto_init_nobinit_nopinit)
                  00000a3c    0000003a     libclang_rt.builtins.a : muldsi3.S.obj (.text)
                  00000a76    00000002     --HOLE-- [fill = 0]
                  00000a78    00000038                            : fixsfsi.S.obj (.text)
                  00000ab0    00000034     Lab8.o (.text.DL_GPIO_initDigitalInputFeatures)
                  00000ae4    00000034     driverlib.a : dl_timer.o (.text.DL_Timer_setCaptureCompareAction)
                  00000b18    00000034                 : dl_timer.o (.text.DL_Timer_setCaptureCompareInput)
                  00000b4c    00000034                 : dl_timer.o (.text.DL_Timer_setClockConfig)
                  00000b80    00000034     ti_msp_dl_config.o (.text.SYSCFG_DL_initPower)
                  00000bb4    00000030     Lab8.o (.text.DL_ADC12_getMemResult)
                  00000be4    0000002c     driverlib.a : dl_timer.o (.text.DL_Timer_setCaptureCompareValue)
                  00000c10    00000028                 : dl_adc12.o (.text.DL_Common_updateReg)
                  00000c38    00000028                 : dl_timer.o (.text.DL_Common_updateReg)
                  00000c60    00000028     ti_msp_dl_config.o (.text.DL_Common_updateReg)
                  00000c88    00000028     libc.a : boot_cortex_m.c.obj (.text:_c_int00_noargs)
                  00000cb0    00000028     libclang_rt.builtins.a : floatunsisf.S.obj (.text)
                  00000cd8    00000024     Lab8.o (.text.main)
                  00000cfc    00000022     ti_msp_dl_config.o (.text.SYSCFG_DL_SYSCTL_init)
                  00000d1e    00000002     --HOLE-- [fill = 0]
                  00000d20    00000020     driverlib.a : dl_timer.o (.text.DL_Timer_setCounterValueAfterEnable)
                  00000d40    0000001c     Lab8.o (.text.DL_ADC12_startConversion)
                  00000d5c    0000001c     Lab8.o (.text.DL_GPIO_initPeripheralOutputFunction)
                  00000d78    0000001c     ti_msp_dl_config.o (.text.DL_SYSCTL_setMCLKDivider)
                  00000d94    0000001c     ti_msp_dl_config.o (.text.DL_SYSCTL_setSYSOSCFreq)
                  00000db0    0000001c     ti_msp_dl_config.o (.text.DL_SYSCTL_setULPCLKDivider)
                  00000dcc    00000018     Lab8.o (.text.DL_ADC12_enablePower)
                  00000de4    00000018     Lab8.o (.text.DL_ADC12_setSampleTime0)
                  00000dfc    00000018     Lab8.o (.text.DL_GPIO_enableOutput)
                  00000e14    00000018     ti_msp_dl_config.o (.text.DL_GPIO_enablePower)
                  00000e2c    00000018     Lab8.o (.text.DL_GPIO_initDigitalOutput)
                  00000e44    00000018     ti_msp_dl_config.o (.text.DL_GPIO_reset)
                  00000e5c    00000018     Lab8.o (.text.DL_GPIO_setPins)
                  00000e74    00000018     ti_msp_dl_config.o (.text.DL_SYSCTL_setBORThreshold)
                  00000e8c    00000018     Lab8.o (.text.DL_Timer_enablePower)
                  00000ea4    00000018     driverlib.a : dl_timer.o (.text.DL_Timer_setLoadValue)
                  00000ebc    00000018     Lab8.o (.text.DL_Timer_startCounter)
                  00000ed4    00000016     Lab8.o (.text.DL_ADC12_enableConversions)
                  00000eea    00000016     Lab8.o (.text.DL_GPIO_readPins)
                  00000f00    00000014     driverlib.a : dl_common.o (.text.DL_Common_delayCycles)
                  00000f14    00000014     Lab8.o (.text.DL_GPIO_clearPins)
                  00000f28    00000014     Lab8.o (.text.DL_Timer_enableClock)
                  00000f3c    00000014     Lab8.o (.text.DL_Timer_setCCPDirection)
                  00000f50    00000012     libc.a : memcpy16.S.obj (.text:TI_memcpy_small)
                  00000f62    00000012            : copy_decompress_none.c.obj (.text:decompress:none)
                  00000f74    00000010     Lab8.o (.text.DL_ADC12_getStatus)
                  00000f84    00000010     ti_msp_dl_config.o (.text.SYSCFG_DL_init)
                  00000f94    00000008     libclang_rt.builtins.a : aeabi_memcpy.S.obj (.text)
                  00000f9c    00000004     startup_mspm0g350x_ticlang.o (.text.Default_Handler)
                  00000fa0    00000004     startup_mspm0g350x_ticlang.o (.text.Reset_Handler)
                  00000fa4    00000004     libc.a : pre_init.c.obj (.text._system_pre_init)
                  00000fa8    00000004            : exit.c.obj (.text:abort)
                  00000fac    00000004     --HOLE-- [fill = 0]

.cinit     0    00000fb0    00000030     
                  00000fb0    00000019     (.cinit..data.load) [load image, compression = lzss]
                  00000fc9    00000003     --HOLE-- [fill = 0]
                  00000fcc    00000008     (__TI_handler_table)
                  00000fd4    00000008     (__TI_cinit_table)
                  00000fdc    00000004     --HOLE-- [fill = 0]

.init_array 
*          0    00000000    00000000     UNINITIALIZED

.binit     0    00000000    00000000     

.data      0    20200000    0000001e     UNINITIALIZED
                  20200000    00000008     Lab8.o (.data.gADC_0ClockConfig)
                  20200008    00000008     Lab8.o (.data.gPWM_0Config)
                  20200010    00000004     Lab8.o (.data.duty_cycle)
                  20200014    00000004     Lab8.o (.data.gPWM_period)
                  20200018    00000003     Lab8.o (.data.gPWM_0ClockConfig)
                  2020001b    00000001     Lab8.o (.data.S1_pressed)
                  2020001c    00000001     Lab8.o (.data.S2_pressed)
                  2020001d    00000001     Lab8.o (.data.mode)

.stack     0    20207e00    00000200     UNINITIALIZED
                  20207e00    00000004     libc.a : boot_cortex_m.c.obj (.stack)
                  20207e04    000001fc     --HOLE--

__llvm_prf_cnts 
*          0    20200000    00000000     UNINITIALIZED

__llvm_prf_bits 
*          0    20200000    00000000     UNINITIALIZED

MODULE SUMMARY

       Module                         code   ro data   rw data
       ------                         ----   -------   -------
    .\
       Lab8.o                         1454   0         30     
       startup_mspm0g350x_ticlang.o   8      192       0      
    +--+------------------------------+------+---------+---------+
       Total:                         1462   192       30     
                                                              
    .\syscfg\
       ti_msp_dl_config.o             300    0         0      
    +--+------------------------------+------+---------+---------+
       Total:                         300    0         0      
                                                              
    C:/ti/mspm0_sdk_2_01_00_03/source/ti/driverlib/lib/ticlang/m0p/mspm0g1x0x_g3x0x/driverlib.a
       dl_timer.o                     692    0         0      
       dl_adc12.o                     116    0         0      
       dl_common.o                    20     0         0      
    +--+------------------------------+------+---------+---------+
       Total:                         828    0         0      
                                                              
    C:\Program Files\ccs\tools\compiler\ti-cgt-armllvm_2.1.3.LTS\lib\armv6m-ti-none-eabi/c/libc.a
       copy_decompress_lzss.c.obj     104    0         0      
       autoinit.c.obj                 60     0         0      
       boot_cortex_m.c.obj            40     0         0      
       copy_decompress_none.c.obj     18     0         0      
       memcpy16.S.obj                 18     0         0      
       exit.c.obj                     4      0         0      
       pre_init.c.obj                 4      0         0      
    +--+------------------------------+------+---------+---------+
       Total:                         248    0         0      
                                                              
    C:\Program Files\ccs\tools\compiler\ti-cgt-armllvm_2.1.3.LTS\lib\clang/14.0.6/lib/armv6m-ti-none-eabi/libclang_rt.builtins.a
       divdf3.S.obj                   268    0         0      
       muldf3.S.obj                   228    0         0      
       mulsf3.S.obj                   140    0         0      
       truncdfsf2.S.obj               116    0         0      
       extendsfdf2.S.obj              64     0         0      
       muldsi3.S.obj                  58     0         0      
       fixsfsi.S.obj                  56     0         0      
       floatunsisf.S.obj              40     0         0      
       aeabi_memcpy.S.obj             8      0         0      
    +--+------------------------------+------+---------+---------+
       Total:                         978    0         0      
                                                              
       Stack:                         0      0         512    
       Linker Generated:              0      41        0      
    +--+------------------------------+------+---------+---------+
       Grand Total:                   3816   233       542    


LINKER GENERATED COPY TABLES

__TI_cinit_table @ 00000fd4 records: 1, size/record: 8, table size: 8
	.data: load addr=00000fb0, load size=00000019 bytes, run addr=20200000, run size=0000001e bytes, compression=lzss


LINKER GENERATED HANDLER TABLE

__TI_handler_table @ 00000fcc records: 2, size/record: 4, table size: 8
	index: 0, handler: __TI_decompress_lzss
	index: 1, handler: __TI_decompress_none


GLOBAL SYMBOLS: SORTED ALPHABETICALLY BY Name 

address   name                            
-------   ----                            
00000f9d  ADC0_IRQHandler                 
00000f9d  ADC1_IRQHandler                 
00000905  ADC_init                        
00000f9d  AES_IRQHandler                  
00000fa8  C$$EXIT                         
00000f9d  CANFD0_IRQHandler               
00000f9d  DAC0_IRQHandler                 
0000086d  DL_ADC12_setClockConfig         
00000f01  DL_Common_delayCycles           
000000c1  DL_Timer_initPWMMode            
00000ae5  DL_Timer_setCaptureCompareAction
000009c5  DL_Timer_setCaptureCompareCtl   
00000b19  DL_Timer_setCaptureCompareInput 
00000945  DL_Timer_setCaptureCompareOutCtl
00000be5  DL_Timer_setCaptureCompareValue 
00000b4d  DL_Timer_setClockConfig         
00000f9d  DMA_IRQHandler                  
00000f9d  Default_Handler                 
0000054d  GPIO_init                       
00000f9d  GROUP0_IRQHandler               
00000f9d  GROUP1_IRQHandler               
00000f9d  HardFault_Handler               
00000f9d  I2C0_IRQHandler                 
00000f9d  I2C1_IRQHandler                 
00000f9d  NMI_Handler                     
00000f9d  PendSV_Handler                  
00000f9d  RTC_IRQHandler                  
00000fa1  Reset_Handler                   
2020001b  S1_pressed                      
2020001c  S2_pressed                      
00000f9d  SPI0_IRQHandler                 
00000f9d  SPI1_IRQHandler                 
00000f9d  SVC_Handler                     
00000903  SYSCFG_DL_GPIO_init             
00000cfd  SYSCFG_DL_SYSCTL_init           
00000f85  SYSCFG_DL_init                  
00000b81  SYSCFG_DL_initPower             
00000f9d  SysTick_Handler                 
00000f9d  TIMA0_IRQHandler                
00000f9d  TIMA1_IRQHandler                
00000f9d  TIMG0_IRQHandler                
00000f9d  TIMG12_IRQHandler               
00000f9d  TIMG6_IRQHandler                
00000f9d  TIMG7_IRQHandler                
00000f9d  TIMG8_IRQHandler                
00000f51  TI_memcpy_small                 
000004a1  TimerG_PWM_init                 
00000f9d  UART0_IRQHandler                
00000f9d  UART1_IRQHandler                
00000f9d  UART2_IRQHandler                
00000f9d  UART3_IRQHandler                
20208000  __STACK_END                     
00000200  __STACK_SIZE                    
00000fd4  __TI_CINIT_Base                 
00000fdc  __TI_CINIT_Limit                
00000fdc  __TI_CINIT_Warm                 
00000fcc  __TI_Handler_Table_Base         
00000fd4  __TI_Handler_Table_Limit        
00000a01  __TI_auto_init_nobinit_nopinit  
00000805  __TI_decompress_lzss            
00000f63  __TI_decompress_none            
ffffffff  __TI_pprof_out_hndl             
ffffffff  __TI_prof_data_size             
ffffffff  __TI_prof_data_start            
00000000  __TI_static_base__              
00000791  __aeabi_d2f                     
000001d1  __aeabi_ddiv                    
000002dd  __aeabi_dmul                    
00000985  __aeabi_f2d                     
00000a79  __aeabi_f2iz                    
00000705  __aeabi_fmul                    
00000f95  __aeabi_memcpy                  
00000f95  __aeabi_memcpy4                 
00000f95  __aeabi_memcpy8                 
00000cb1  __aeabi_ui2f                    
ffffffff  __binit__                       
000001d1  __divdf3                        
00000985  __extendsfdf2                   
00000a79  __fixsfsi                       
00000cb1  __floatunsisf                   
UNDEFED   __mpu_init                      
000002dd  __muldf3                        
00000a3d  __muldsi3                       
00000705  __mulsf3                        
20207e00  __stack                         
20200000  __start___llvm_prf_bits         
20200000  __start___llvm_prf_cnts         
20200000  __stop___llvm_prf_bits          
20200000  __stop___llvm_prf_cnts          
00000791  __truncdfsf2                    
00000c89  _c_int00_noargs                 
UNDEFED   _system_post_cinit              
00000fa5  _system_pre_init                
00000fa9  abort                           
ffffffff  binit                           
00000679  check_mode                      
20200010  duty_cycle                      
20200000  gADC_0ClockConfig               
20200018  gPWM_0ClockConfig               
20200008  gPWM_0Config                    
20200014  gPWM_period                     
000005e9  get_ADC2PWM                     
00000000  interruptVectors                
00000cd9  main                            
2020001d  mode                            
000003c1  operate_motor                   


GLOBAL SYMBOLS: SORTED BY Symbol Address 

address   name                            
-------   ----                            
00000000  __TI_static_base__              
00000000  interruptVectors                
000000c1  DL_Timer_initPWMMode            
000001d1  __aeabi_ddiv                    
000001d1  __divdf3                        
00000200  __STACK_SIZE                    
000002dd  __aeabi_dmul                    
000002dd  __muldf3                        
000003c1  operate_motor                   
000004a1  TimerG_PWM_init                 
0000054d  GPIO_init                       
000005e9  get_ADC2PWM                     
00000679  check_mode                      
00000705  __aeabi_fmul                    
00000705  __mulsf3                        
00000791  __aeabi_d2f                     
00000791  __truncdfsf2                    
00000805  __TI_decompress_lzss            
0000086d  DL_ADC12_setClockConfig         
00000903  SYSCFG_DL_GPIO_init             
00000905  ADC_init                        
00000945  DL_Timer_setCaptureCompareOutCtl
00000985  __aeabi_f2d                     
00000985  __extendsfdf2                   
000009c5  DL_Timer_setCaptureCompareCtl   
00000a01  __TI_auto_init_nobinit_nopinit  
00000a3d  __muldsi3                       
00000a79  __aeabi_f2iz                    
00000a79  __fixsfsi                       
00000ae5  DL_Timer_setCaptureCompareAction
00000b19  DL_Timer_setCaptureCompareInput 
00000b4d  DL_Timer_setClockConfig         
00000b81  SYSCFG_DL_initPower             
00000be5  DL_Timer_setCaptureCompareValue 
00000c89  _c_int00_noargs                 
00000cb1  __aeabi_ui2f                    
00000cb1  __floatunsisf                   
00000cd9  main                            
00000cfd  SYSCFG_DL_SYSCTL_init           
00000f01  DL_Common_delayCycles           
00000f51  TI_memcpy_small                 
00000f63  __TI_decompress_none            
00000f85  SYSCFG_DL_init                  
00000f95  __aeabi_memcpy                  
00000f95  __aeabi_memcpy4                 
00000f95  __aeabi_memcpy8                 
00000f9d  ADC0_IRQHandler                 
00000f9d  ADC1_IRQHandler                 
00000f9d  AES_IRQHandler                  
00000f9d  CANFD0_IRQHandler               
00000f9d  DAC0_IRQHandler                 
00000f9d  DMA_IRQHandler                  
00000f9d  Default_Handler                 
00000f9d  GROUP0_IRQHandler               
00000f9d  GROUP1_IRQHandler               
00000f9d  HardFault_Handler               
00000f9d  I2C0_IRQHandler                 
00000f9d  I2C1_IRQHandler                 
00000f9d  NMI_Handler                     
00000f9d  PendSV_Handler                  
00000f9d  RTC_IRQHandler                  
00000f9d  SPI0_IRQHandler                 
00000f9d  SPI1_IRQHandler                 
00000f9d  SVC_Handler                     
00000f9d  SysTick_Handler                 
00000f9d  TIMA0_IRQHandler                
00000f9d  TIMA1_IRQHandler                
00000f9d  TIMG0_IRQHandler                
00000f9d  TIMG12_IRQHandler               
00000f9d  TIMG6_IRQHandler                
00000f9d  TIMG7_IRQHandler                
00000f9d  TIMG8_IRQHandler                
00000f9d  UART0_IRQHandler                
00000f9d  UART1_IRQHandler                
00000f9d  UART2_IRQHandler                
00000f9d  UART3_IRQHandler                
00000fa1  Reset_Handler                   
00000fa5  _system_pre_init                
00000fa8  C$$EXIT                         
00000fa9  abort                           
00000fcc  __TI_Handler_Table_Base         
00000fd4  __TI_CINIT_Base                 
00000fd4  __TI_Handler_Table_Limit        
00000fdc  __TI_CINIT_Limit                
00000fdc  __TI_CINIT_Warm                 
20200000  __start___llvm_prf_bits         
20200000  __start___llvm_prf_cnts         
20200000  __stop___llvm_prf_bits          
20200000  __stop___llvm_prf_cnts          
20200000  gADC_0ClockConfig               
20200008  gPWM_0Config                    
20200010  duty_cycle                      
20200014  gPWM_period                     
20200018  gPWM_0ClockConfig               
2020001b  S1_pressed                      
2020001c  S2_pressed                      
2020001d  mode                            
20207e00  __stack                         
20208000  __STACK_END                     
ffffffff  __TI_pprof_out_hndl             
ffffffff  __TI_prof_data_size             
ffffffff  __TI_prof_data_start            
ffffffff  __binit__                       
ffffffff  binit                           
UNDEFED   __mpu_init                      
UNDEFED   _system_post_cinit              

[106 symbols]
