******************************************************************************
            TI ARM Clang Linker PC v2.1.3                      
******************************************************************************
>> Linked Wed Dec 11 06:40:48 2024

OUTPUT FILE NAME:   <Lab10.out>
ENTRY POINT SYMBOL: "_c_int00_noargs"  address: 00002d9d


MEMORY CONFIGURATION

         name            origin    length      used     unused   attr    fill
----------------------  --------  ---------  --------  --------  ----  --------
  FLASH                 00000000   00020000  00003400  0001cc00  R  X
  SRAM                  20200000   00008000  0000028c  00007d74  RW X
  BCR_CONFIG            41c00000   00000080  00000000  00000080  R   
  BSL_CONFIG            41c00100   00000080  00000000  00000080  R   


SEGMENT ALLOCATION MAP

run origin  load origin   length   init length attrs members
----------  ----------- ---------- ----------- ----- -------
00000000    00000000    00003400   00003400    r-x
  00000000    00000000    000000c0   000000c0    r-- .intvecs
  000000c0    000000c0    000031b0   000031b0    r-x .text
  00003270    00003270    00000130   00000130    r-- .rodata
  000033a0    000033a0    00000060   00000060    r-- .cinit
20200000    20200000    0000008c   00000000    rw-
  20200000    20200000    0000008c   00000000    rw- .data
20207e00    20207e00    00000200   00000000    rw-
  20207e00    20207e00    00000200   00000000    rw- .stack


SECTION ALLOCATION MAP

 output                                  attributes/
section   page    origin      length       input sections
--------  ----  ----------  ----------   ----------------
.intvecs   0    00000000    000000c0     
                  00000000    000000c0     startup_mspm0g350x_ticlang.o (.intvecs)

.text      0    000000c0    000031b0     
                  000000c0    00000a18     libc.a : _printfi.c.obj (.text:__TI_printfi)
                  00000ad8    00000210            : _printfi.c.obj (.text._pconv_a)
                  00000ce8    000001d8            : _printfi.c.obj (.text._pconv_g)
                  00000ec0    000001a0     Lab10.o (.text.pid)
                  00001060    00000192     libclang_rt.builtins.a : adddf3.S.obj (.text)
                  000011f2    00000002     ti_msp_dl_config.o (.text.SYSCFG_DL_GPIO_init)
                  000011f4    00000138     libc.a : _printfi.c.obj (.text.fcvt)
                  0000132c    00000130     driverlib.a : dl_timer.o (.text.DL_Timer_initCaptureMode)
                  0000145c    0000011c     libc.a : _printfi.c.obj (.text._pconv_e)
                  00001578    00000110     driverlib.a : dl_timer.o (.text.DL_Timer_initPWMMode)
                  00001688    0000010c     libclang_rt.builtins.a : divdf3.S.obj (.text)
                  00001794    00000100     driverlib.a : dl_timer.o (.text.DL_Timer_initTimerMode)
                  00001894    000000e4     libclang_rt.builtins.a : muldf3.S.obj (.text)
                  00001978    000000d8     libc.a : s_scalbn.c.obj (.text.scalbn)
                  00001a50    000000d8     libclang_rt.builtins.a : addsf3.S.obj (.text)
                  00001b28    000000d0     Lab10.o (.text.UART_init)
                  00001bf8    000000a2     libclang_rt.builtins.a : udivmoddi4.S.obj (.text)
                  00001c9a    00000002                            : aeabi_div0.c.obj (.text.__aeabi_idiv0)
                  00001c9c    0000009c     Lab10.o (.text.GPIO_init)
                  00001d38    00000096     driverlib.a : dl_timer.o (.text.DL_Timer_getInChanConfig)
                  00001dce    00000002     libclang_rt.builtins.a : aeabi_div0.c.obj (.text.__aeabi_ldiv0)
                  00001dd0    0000008e                            : comparesf2.S.obj (.text)
                  00001e5e    00000002     --HOLE-- [fill = 0]
                  00001e60    0000008c                            : mulsf3.S.obj (.text)
                  00001eec    00000082                            : divsf3.S.obj (.text)
                  00001f6e    00000002     --HOLE-- [fill = 0]
                  00001f70    0000007c     Lab10.o (.text.calc_rpm)
                  00001fec    00000074     Lab10.o (.text.TimerG_PWM_init)
                  00002060    00000074     Lab10.o (.text.main)
                  000020d4    0000000a     libc.a : _printfi.c.obj (.text.OUTLINED_FUNCTION_1)
                  000020de    00000002     --HOLE-- [fill = 0]
                  000020e0    00000074     libclang_rt.builtins.a : truncdfsf2.S.obj (.text)
                  00002154    00000070                            : comparedf2.c.obj (.text.__gedf2)
                  000021c4    00000070                            : comparedf2.c.obj (.text.__ledf2)
                  00002234    00000068     libc.a : copy_decompress_lzss.c.obj (.text:decompress:lzss)
                  0000229c    00000066            : _printfi.c.obj (.text._mcpy)
                  00002302    00000002     --HOLE-- [fill = 0]
                  00002304    00000062     libclang_rt.builtins.a : aeabi_dcmp.S.obj (.text)
                  00002366    00000002     --HOLE-- [fill = 0]
                  00002368    00000062                            : aeabi_fcmp.S.obj (.text)
                  000023ca    00000002     --HOLE-- [fill = 0]
                  000023cc    00000060     Lab10.o (.text.TIMG0_IRQHandler)
                  0000242c    0000005c     libc.a : s_frexp.c.obj (.text.frexp)
                  00002488    00000058     Lab10.o (.text.TimerG6_CC_init)
                  000024e0    00000058     libc.a : _ltoa.c.obj (.text.__TI_ltoa)
                  00002538    00000058            : _printfi.c.obj (.text._pconv_f)
                  00002590    00000056     libclang_rt.builtins.a : aeabi_idivmod.S.obj (.text)
                  000025e6    00000050     libc.a : _printfi.c.obj (.text._ecpy)
                  00002636    00000002     --HOLE-- [fill = 0]
                  00002638    00000050     Lab10.o (.text.check_switches)
                  00002688    00000050     Lab10.o (.text.drive_motor)
                  000026d8    00000050     Lab10.o (.text.print_data)
                  00002728    0000004c     driverlib.a : dl_uart.o (.text.DL_UART_init)
                  00002774    0000004c     Lab10.o (.text.DL_UART_setBaudRateDivisor)
                  000027c0    0000004a     libclang_rt.builtins.a : fixdfsi.S.obj (.text)
                  0000280a    00000002     --HOLE-- [fill = 0]
                  0000280c    00000044     libc.a : atoi.c.obj (.text.atoi)
                  00002850    00000040     driverlib.a : dl_timer.o (.text.DL_Timer_setCaptureCompareOutCtl)
                  00002890    00000040     libclang_rt.builtins.a : aeabi_uidivmod.S.obj (.text)
                  000028d0    00000040                            : extendsfdf2.S.obj (.text)
                  00002910    0000003c     driverlib.a : dl_timer.o (.text.DL_Timer_setCaptureCompareCtl)
                  0000294c    0000003c     libc.a : autoinit.c.obj (.text:__TI_auto_init_nobinit_nopinit)
                  00002988    0000003a     libclang_rt.builtins.a : muldsi3.S.obj (.text)
                  000029c2    00000002     --HOLE-- [fill = 0]
                  000029c4    00000038     libc.a : sprintf.c.obj (.text.sprintf)
                  000029fc    00000038     libclang_rt.builtins.a : fixsfsi.S.obj (.text)
                  00002a34    00000034     Lab10.o (.text.DL_GPIO_initDigitalInputFeatures)
                  00002a68    00000034     driverlib.a : dl_timer.o (.text.DL_Timer_setCaptureCompareAction)
                  00002a9c    00000034                 : dl_timer.o (.text.DL_Timer_setCaptureCompareInput)
                  00002ad0    00000034                 : dl_timer.o (.text.DL_Timer_setClockConfig)
                  00002b04    00000034     ti_msp_dl_config.o (.text.SYSCFG_DL_initPower)
                  00002b38    00000034     Lab10.o (.text.TimerG_init)
                  00002b6c    00000032     libclang_rt.builtins.a : fixunssfsi.S.obj (.text)
                  00002b9e    00000030     libc.a : _printfi.c.obj (.text._fcpy)
                  00002bce    00000002     --HOLE-- [fill = 0]
                  00002bd0    0000002c     driverlib.a : dl_timer.o (.text.DL_Timer_setCaptureCompareValue)
                  00002bfc    0000002c     Lab10.o (.text.TIMG6_IRQHandler)
                  00002c28    0000002c     Lab10.o (.text.__NVIC_ClearPendingIRQ)
                  00002c54    0000002c     Lab10.o (.text.__NVIC_EnableIRQ)
                  00002c80    0000002c     libclang_rt.builtins.a : floatsidf.S.obj (.text)
                  00002cac    00000028     Lab10.o (.text.DL_Common_updateReg)
                  00002cd4    00000028     driverlib.a : dl_timer.o (.text.DL_Common_updateReg)
                  00002cfc    00000028                 : dl_uart.o (.text.DL_Common_updateReg)
                  00002d24    00000028     ti_msp_dl_config.o (.text.DL_Common_updateReg)
                  00002d4c    00000028     driverlib.a : dl_timer.o (.text.DL_Timer_getCaptureCompareValue)
                  00002d74    00000028                 : dl_uart.o (.text.DL_UART_transmitDataBlocking)
                  00002d9c    00000028     libc.a : boot_cortex_m.c.obj (.text:_c_int00_noargs)
                  00002dc4    00000028     libclang_rt.builtins.a : floatunsisf.S.obj (.text)
                  00002dec    00000024     driverlib.a : dl_uart.o (.text.DL_UART_setClockConfig)
                  00002e10    00000024     libc.a : memccpy.c.obj (.text.memccpy)
                  00002e34    00000024     libclang_rt.builtins.a : muldi3.S.obj (.text)
                  00002e58    00000022     ti_msp_dl_config.o (.text.SYSCFG_DL_SYSCTL_init)
                  00002e7a    00000002     --HOLE-- [fill = 0]
                  00002e7c    00000020     Lab10.o (.text.DL_GPIO_initPeripheralInputFunction)
                  00002e9c    00000020     driverlib.a : dl_timer.o (.text.DL_Timer_setCounterValueAfterEnable)
                  00002ebc    0000001e     Lab10.o (.text.DL_UART_setOversampling)
                  00002eda    00000002     --HOLE-- [fill = 0]
                  00002edc    0000001e     libclang_rt.builtins.a : ashldi3.S.obj (.text)
                  00002efa    00000002     --HOLE-- [fill = 0]
                  00002efc    0000001c     Lab10.o (.text.DL_GPIO_initPeripheralOutputFunction)
                  00002f18    0000001c     ti_msp_dl_config.o (.text.DL_SYSCTL_setMCLKDivider)
                  00002f34    0000001c     ti_msp_dl_config.o (.text.DL_SYSCTL_setSYSOSCFreq)
                  00002f50    0000001c     ti_msp_dl_config.o (.text.DL_SYSCTL_setULPCLKDivider)
                  00002f6c    0000001c     Lab10.o (.text.DL_Timer_enableInterrupt)
                  00002f88    0000001c     libclang_rt.builtins.a : aeabi_memset.S.obj (.text)
                  00002fa4    00000018     Lab10.o (.text.DL_GPIO_enableOutput)
                  00002fbc    00000018     ti_msp_dl_config.o (.text.DL_GPIO_enablePower)
                  00002fd4    00000018     Lab10.o (.text.DL_GPIO_initDigitalOutput)
                  00002fec    00000018     ti_msp_dl_config.o (.text.DL_GPIO_reset)
                  00003004    00000018     Lab10.o (.text.DL_GPIO_setPins)
                  0000301c    00000018     ti_msp_dl_config.o (.text.DL_SYSCTL_setBORThreshold)
                  00003034    00000018     Lab10.o (.text.DL_Timer_enablePower)
                  0000304c    00000018     driverlib.a : dl_timer.o (.text.DL_Timer_setLoadValue)
                  00003064    00000018     Lab10.o (.text.DL_Timer_startCounter)
                  0000307c    00000018     Lab10.o (.text.DL_UART_enablePower)
                  00003094    00000018     driverlib.a : dl_uart.o (.text.DL_UART_isTXFIFOFull)
                  000030ac    00000018     Lab10.o (.text.DL_UART_reset)
                  000030c4    00000018     libc.a : sprintf.c.obj (.text._outs)
                  000030dc    00000016     Lab10.o (.text.DL_GPIO_readPins)
                  000030f2    00000016     driverlib.a : dl_uart.o (.text.DL_UART_disable)
                  00003108    00000016     Lab10.o (.text.DL_UART_enable)
                  0000311e    00000016     driverlib.a : dl_uart.o (.text.DL_UART_transmitData)
                  00003134    00000014                 : dl_common.o (.text.DL_Common_delayCycles)
                  00003148    00000014     Lab10.o (.text.DL_GPIO_clearPins)
                  0000315c    00000014     Lab10.o (.text.DL_Timer_enableClock)
                  00003170    00000014     Lab10.o (.text.DL_Timer_setCCPDirection)
                  00003184    00000014     driverlib.a : dl_timer.o (.text.DL_Timer_setCCPDirection)
                  00003198    00000014     libc.a : _printfi.c.obj (.text.strchr)
                  000031ac    00000014     libclang_rt.builtins.a : aeabi_uldivmod.S.obj (.text)
                  000031c0    00000012     libc.a : memcpy16.S.obj (.text:TI_memcpy_small)
                  000031d2    00000012            : copy_decompress_none.c.obj (.text:decompress:none)
                  000031e4    00000010     ti_msp_dl_config.o (.text.SYSCFG_DL_init)
                  000031f4    00000010     libc.a : wcslen.c.obj (.text.wcslen)
                  00003204    0000000e            : _printfi.c.obj (.text.strlen)
                  00003212    0000000e            : memset16.S.obj (.text:TI_memset_small)
                  00003220    0000000a            : _printfi.c.obj (.text.OUTLINED_FUNCTION_0)
                  0000322a    00000002     --HOLE-- [fill = 0]
                  0000322c    00000010     libclang_rt.builtins.a : adddf3.S.obj (.tramp.__aeabi_dsub.1)
                  0000323c    0000000a     libc.a : sprintf.c.obj (.text._outc)
                  00003246    00000002     --HOLE-- [fill = 0]
                  00003248    00000008            : aeabi_portable.c.obj (.text.__aeabi_errno_addr)
                  00003250    00000008     libclang_rt.builtins.a : aeabi_memcpy.S.obj (.text)
                  00003258    00000004     startup_mspm0g350x_ticlang.o (.text.Default_Handler)
                  0000325c    00000004     startup_mspm0g350x_ticlang.o (.text.Reset_Handler)
                  00003260    00000004     libc.a : pre_init.c.obj (.text._system_pre_init)
                  00003264    00000004            : exit.c.obj (.text:abort)
                  00003268    00000008     --HOLE-- [fill = 0]

.cinit     0    000033a0    00000060     
                  000033a0    0000004d     (.cinit..data.load) [load image, compression = lzss]
                  000033ed    00000003     --HOLE-- [fill = 0]
                  000033f0    00000008     (__TI_handler_table)
                  000033f8    00000008     (__TI_cinit_table)

.rodata    0    00003270    00000130     
                  00003270    00000101     libc.a : aeabi_ctype.S.obj (.rodata)
                  00003371    00000022            : _printfi.c.obj (.rodata.str1.1)
                  00003393    00000007     Lab10.o (.rodata.str1.1)
                  0000339a    00000006     --HOLE-- [fill = 0]

.init_array 
*          0    00000000    00000000     UNINITIALIZED

.binit     0    00000000    00000000     

.data      0    20200000    0000008c     UNINITIALIZED
                  20200000    00000014     Lab10.o (.data.gTIMER_0TimerConfig)
                  20200014    00000010     Lab10.o (.data.gCAPTURE_0CaptureConfig)
                  20200024    0000000a     Lab10.o (.data.gUART_0Config)
                  2020002e    00000002     Lab10.o (.data.gUART_0ClockConfig)
                  20200030    00000008     Lab10.o (.data.gPWM_0Config)
                  20200038    00000004     libc.a : aeabi_portable.c.obj (.data.__aeabi_errno)
                  2020003c    00000004     Lab10.o (.data.cur_edge)
                  20200040    00000004     Lab10.o (.data.cur_pwm)
                  20200044    00000004     Lab10.o (.data.cur_rpm)
                  20200048    00000004     Lab10.o (.data.dt)
                  2020004c    00000004     Lab10.o (.data.duty_cycle)
                  20200050    00000004     Lab10.o (.data.gCC_period)
                  20200054    00000004     Lab10.o (.data.kd)
                  20200058    00000004     Lab10.o (.data.ki)
                  2020005c    00000004     Lab10.o (.data.kp)
                  20200060    00000004     Lab10.o (.data.max_duty_cycle)
                  20200064    00000004     Lab10.o (.data.prev_edge)
                  20200068    00000004     Lab10.o (.data.prev_rpm)
                  2020006c    00000004     Lab10.o (.data.pwm_period)
                  20200070    00000004     Lab10.o (.data.rpm_error_d)
                  20200074    00000004     Lab10.o (.data.rpm_error_i)
                  20200078    00000004     Lab10.o (.data.rpm_error_p)
                  2020007c    00000004     Lab10.o (.data.set_rpm)
                  20200080    00000003     Lab10.o (.data.gCAPTURE_0ClockConfig)
                  20200083    00000003     Lab10.o (.data.gPWM_0ClockConfig)
                  20200086    00000003     Lab10.o (.data.gTIMER_0ClockConfig)
                  20200089    00000001     Lab10.o (.data.S1_pressed)
                  2020008a    00000001     Lab10.o (.data.motor_mode)
                  2020008b    00000001     Lab10.o (.data.print_counter)

.stack     0    20207e00    00000200     UNINITIALIZED
                  20207e00    00000004     libc.a : boot_cortex_m.c.obj (.stack)
                  20207e04    000001fc     --HOLE--

__llvm_prf_cnts 
*          0    20200000    00000000     UNINITIALIZED

__llvm_prf_bits 
*          0    20200000    00000000     UNINITIALIZED

MODULE SUMMARY

       Module                         code    ro data   rw data
       ------                         ----    -------   -------
    .\
       Lab10.o                        2302    7         136    
       startup_mspm0g350x_ticlang.o   8       192       0      
    +--+------------------------------+-------+---------+---------+
       Total:                         2310    199       136    
                                                               
    .\syscfg\
       ti_msp_dl_config.o             300     0         0      
    +--+------------------------------+-------+---------+---------+
       Total:                         300     0         0      
                                                               
    C:/ti/mspm0_sdk_2_01_00_03/source/ti/driverlib/lib/ticlang/m0p/mspm0g1x0x_g3x0x/driverlib.a
       dl_timer.o                     1462    0         0      
       dl_uart.o                      260     0         0      
       dl_common.o                    20      0         0      
    +--+------------------------------+-------+---------+---------+
       Total:                         1742    0         0      
                                                               
    C:\Program Files\ccs\tools\compiler\ti-cgt-armllvm_2.1.3.LTS\lib\armv6m-ti-none-eabi/c/libc.a
       _printfi.c.obj                 4552    34        0      
       aeabi_ctype.S.obj              0       257       0      
       s_scalbn.c.obj                 216     0         0      
       copy_decompress_lzss.c.obj     104     0         0      
       s_frexp.c.obj                  92      0         0      
       sprintf.c.obj                  90      0         0      
       _ltoa.c.obj                    88      0         0      
       atoi.c.obj                     68      0         0      
       autoinit.c.obj                 60      0         0      
       boot_cortex_m.c.obj            40      0         0      
       memccpy.c.obj                  36      0         0      
       copy_decompress_none.c.obj     18      0         0      
       memcpy16.S.obj                 18      0         0      
       wcslen.c.obj                   16      0         0      
       memset16.S.obj                 14      0         0      
       aeabi_portable.c.obj           8       0         4      
       exit.c.obj                     4       0         0      
       pre_init.c.obj                 4       0         0      
    +--+------------------------------+-------+---------+---------+
       Total:                         5428    291       4      
                                                               
    C:\Program Files\ccs\tools\compiler\ti-cgt-armllvm_2.1.3.LTS\lib\clang/14.0.6/lib/armv6m-ti-none-eabi/libclang_rt.builtins.a
       adddf3.S.obj                   418     0         0      
       divdf3.S.obj                   268     0         0      
       muldf3.S.obj                   228     0         0      
       comparedf2.c.obj               224     0         0      
       addsf3.S.obj                   216     0         0      
       udivmoddi4.S.obj               162     0         0      
       comparesf2.S.obj               142     0         0      
       mulsf3.S.obj                   140     0         0      
       divsf3.S.obj                   130     0         0      
       truncdfsf2.S.obj               116     0         0      
       aeabi_dcmp.S.obj               98      0         0      
       aeabi_fcmp.S.obj               98      0         0      
       aeabi_idivmod.S.obj            86      0         0      
       fixdfsi.S.obj                  74      0         0      
       aeabi_uidivmod.S.obj           64      0         0      
       extendsfdf2.S.obj              64      0         0      
       muldsi3.S.obj                  58      0         0      
       fixsfsi.S.obj                  56      0         0      
       fixunssfsi.S.obj               50      0         0      
       floatsidf.S.obj                44      0         0      
       floatunsisf.S.obj              40      0         0      
       muldi3.S.obj                   36      0         0      
       ashldi3.S.obj                  30      0         0      
       aeabi_memset.S.obj             28      0         0      
       aeabi_uldivmod.S.obj           20      0         0      
       aeabi_memcpy.S.obj             8       0         0      
       aeabi_div0.c.obj               4       0         0      
    +--+------------------------------+-------+---------+---------+
       Total:                         2902    0         0      
                                                               
       Stack:                         0       0         512    
       Linker Generated:              0       93        0      
    +--+------------------------------+-------+---------+---------+
       Grand Total:                   12682   583       652    


LINKER GENERATED COPY TABLES

__TI_cinit_table @ 000033f8 records: 1, size/record: 8, table size: 8
	.data: load addr=000033a0, load size=0000004d bytes, run addr=20200000, run size=0000008c bytes, compression=lzss


LINKER GENERATED HANDLER TABLE

__TI_handler_table @ 000033f0 records: 2, size/record: 4, table size: 8
	index: 0, handler: __TI_decompress_lzss
	index: 1, handler: __TI_decompress_none


FAR CALL TRAMPOLINES

callee name               trampoline name
   callee addr  tramp addr   call addr  call info
--------------  -----------  ---------  ----------------
__aeabi_dsub              $Tramp$TT$L$PI$$__aeabi_dsub
   00001061     0000322c     00003228   libc.a : _printfi.c.obj (.text.OUTLINED_FUNCTION_0)

[1 trampolines]
[1 trampoline calls]


GLOBAL SYMBOLS: SORTED ALPHABETICALLY BY Name 

address   name                            
-------   ----                            
00003259  ADC0_IRQHandler                 
00003259  ADC1_IRQHandler                 
00003259  AES_IRQHandler                  
00003264  C$$EXIT                         
00003259  CANFD0_IRQHandler               
00003259  DAC0_IRQHandler                 
00003135  DL_Common_delayCycles           
00002d4d  DL_Timer_getCaptureCompareValue 
0000132d  DL_Timer_initCaptureMode        
00001579  DL_Timer_initPWMMode            
00001795  DL_Timer_initTimerMode          
00002a69  DL_Timer_setCaptureCompareAction
00002911  DL_Timer_setCaptureCompareCtl   
00002a9d  DL_Timer_setCaptureCompareInput 
00002851  DL_Timer_setCaptureCompareOutCtl
00002bd1  DL_Timer_setCaptureCompareValue 
00002ad1  DL_Timer_setClockConfig         
00002729  DL_UART_init                    
00002ded  DL_UART_setClockConfig          
00002d75  DL_UART_transmitDataBlocking    
00003259  DMA_IRQHandler                  
00003259  Default_Handler                 
00001c9d  GPIO_init                       
00003259  GROUP0_IRQHandler               
00003259  GROUP1_IRQHandler               
00003259  HardFault_Handler               
00003259  I2C0_IRQHandler                 
00003259  I2C1_IRQHandler                 
00003259  NMI_Handler                     
00003259  PendSV_Handler                  
00003259  RTC_IRQHandler                  
0000325d  Reset_Handler                   
20200089  S1_pressed                      
00003259  SPI0_IRQHandler                 
00003259  SPI1_IRQHandler                 
00003259  SVC_Handler                     
000011f3  SYSCFG_DL_GPIO_init             
00002e59  SYSCFG_DL_SYSCTL_init           
000031e5  SYSCFG_DL_init                  
00002b05  SYSCFG_DL_initPower             
00003259  SysTick_Handler                 
00003259  TIMA0_IRQHandler                
00003259  TIMA1_IRQHandler                
000023cd  TIMG0_IRQHandler                
00003259  TIMG12_IRQHandler               
00002bfd  TIMG6_IRQHandler                
00003259  TIMG7_IRQHandler                
00003259  TIMG8_IRQHandler                
000031c1  TI_memcpy_small                 
00003213  TI_memset_small                 
00002489  TimerG6_CC_init                 
00001fed  TimerG_PWM_init                 
00002b39  TimerG_init                     
00003259  UART0_IRQHandler                
00003259  UART1_IRQHandler                
00003259  UART2_IRQHandler                
00003259  UART3_IRQHandler                
00001b29  UART_init                       
20208000  __STACK_END                     
00000200  __STACK_SIZE                    
000033f8  __TI_CINIT_Base                 
00003400  __TI_CINIT_Limit                
00003400  __TI_CINIT_Warm                 
000033f0  __TI_Handler_Table_Base         
000033f8  __TI_Handler_Table_Limit        
0000294d  __TI_auto_init_nobinit_nopinit  
00002235  __TI_decompress_lzss            
000031d3  __TI_decompress_none            
000024e1  __TI_ltoa                       
ffffffff  __TI_pprof_out_hndl             
000000c1  __TI_printfi                    
ffffffff  __TI_prof_data_size             
ffffffff  __TI_prof_data_start            
00000000  __TI_static_base__              
0000106b  __adddf3                        
00001a5b  __addsf3                        
00003270  __aeabi_ctype_table_            
00003270  __aeabi_ctype_table_C           
000020e1  __aeabi_d2f                     
000027c1  __aeabi_d2iz                    
0000106b  __aeabi_dadd                    
00002305  __aeabi_dcmpeq                  
00002341  __aeabi_dcmpge                  
00002355  __aeabi_dcmpgt                  
0000232d  __aeabi_dcmple                  
00002319  __aeabi_dcmplt                  
00001689  __aeabi_ddiv                    
00001895  __aeabi_dmul                    
00001061  __aeabi_dsub                    
20200038  __aeabi_errno                   
00003249  __aeabi_errno_addr              
000028d1  __aeabi_f2d                     
000029fd  __aeabi_f2iz                    
00002b6d  __aeabi_f2uiz                   
00001a5b  __aeabi_fadd                    
00002369  __aeabi_fcmpeq                  
000023a5  __aeabi_fcmpge                  
000023b9  __aeabi_fcmpgt                  
00002391  __aeabi_fcmple                  
0000237d  __aeabi_fcmplt                  
00001e49  __aeabi_fcmpun                  
00001eed  __aeabi_fdiv                    
00001e61  __aeabi_fmul                    
00001a51  __aeabi_fsub                    
00002c81  __aeabi_i2d                     
00002591  __aeabi_idiv                    
00001c9b  __aeabi_idiv0                   
00002591  __aeabi_idivmod                 
00001dcf  __aeabi_ldiv0                   
00002edd  __aeabi_llsl                    
00002e35  __aeabi_lmul                    
00002f99  __aeabi_memclr                  
00002f99  __aeabi_memclr4                 
00002f99  __aeabi_memclr8                 
00003251  __aeabi_memcpy                  
00003251  __aeabi_memcpy4                 
00003251  __aeabi_memcpy8                 
00002f89  __aeabi_memset                  
00002f89  __aeabi_memset4                 
00002f89  __aeabi_memset8                 
00002dc5  __aeabi_ui2f                    
00002891  __aeabi_uidiv                   
00002891  __aeabi_uidivmod                
000031ad  __aeabi_uldivmod                
00002edd  __ashldi3                       
ffffffff  __binit__                       
000021c5  __cmpdf2                        
00001dd1  __cmpsf2                        
00001689  __divdf3                        
00001eed  __divsf3                        
000021c5  __eqdf2                         
00001dd1  __eqsf2                         
000028d1  __extendsfdf2                   
000027c1  __fixdfsi                       
000029fd  __fixsfsi                       
00002b6d  __fixunssfsi                    
00002c81  __floatsidf                     
00002dc5  __floatunsisf                   
00002155  __gedf2                         
00001e0d  __gesf2                         
00002155  __gtdf2                         
00001e0d  __gtsf2                         
000021c5  __ledf2                         
00001dd1  __lesf2                         
000021c5  __ltdf2                         
00001dd1  __ltsf2                         
UNDEFED   __mpu_init                      
00001895  __muldf3                        
00002e35  __muldi3                        
00002989  __muldsi3                       
00001e61  __mulsf3                        
000021c5  __nedf2                         
00001dd1  __nesf2                         
20207e00  __stack                         
20200000  __start___llvm_prf_bits         
20200000  __start___llvm_prf_cnts         
20200000  __stop___llvm_prf_bits          
20200000  __stop___llvm_prf_cnts          
00001061  __subdf3                        
00001a51  __subsf3                        
000020e1  __truncdfsf2                    
00001bf9  __udivmoddi4                    
00001e49  __unordsf2                      
00002d9d  _c_int00_noargs                 
UNDEFED   _system_post_cinit              
00003261  _system_pre_init                
00003265  abort                           
0000280d  atoi                            
ffffffff  binit                           
00001f71  calc_rpm                        
00002639  check_switches                  
2020003c  cur_edge                        
20200040  cur_pwm                         
20200044  cur_rpm                         
00002689  drive_motor                     
20200048  dt                              
2020004c  duty_cycle                      
0000242d  frexp                           
0000242d  frexpl                          
20200014  gCAPTURE_0CaptureConfig         
20200080  gCAPTURE_0ClockConfig           
20200050  gCC_period                      
20200083  gPWM_0ClockConfig               
20200030  gPWM_0Config                    
20200086  gTIMER_0ClockConfig             
20200000  gTIMER_0TimerConfig             
2020002e  gUART_0ClockConfig              
20200024  gUART_0Config                   
00000000  interruptVectors                
20200054  kd                              
20200058  ki                              
2020005c  kp                              
00001979  ldexp                           
00001979  ldexpl                          
00002061  main                            
20200060  max_duty_cycle                  
00002e11  memccpy                         
2020008a  motor_mode                      
00000ec1  pid                             
20200064  prev_edge                       
20200068  prev_rpm                        
2020008b  print_counter                   
000026d9  print_data                      
2020006c  pwm_period                      
20200070  rpm_error_d                     
20200074  rpm_error_i                     
20200078  rpm_error_p                     
00001979  scalbn                          
00001979  scalbnl                         
2020007c  set_rpm                         
000029c5  sprintf                         
000031f5  wcslen                          


GLOBAL SYMBOLS: SORTED BY Symbol Address 

address   name                            
-------   ----                            
00000000  __TI_static_base__              
00000000  interruptVectors                
000000c1  __TI_printfi                    
00000200  __STACK_SIZE                    
00000ec1  pid                             
00001061  __aeabi_dsub                    
00001061  __subdf3                        
0000106b  __adddf3                        
0000106b  __aeabi_dadd                    
000011f3  SYSCFG_DL_GPIO_init             
0000132d  DL_Timer_initCaptureMode        
00001579  DL_Timer_initPWMMode            
00001689  __aeabi_ddiv                    
00001689  __divdf3                        
00001795  DL_Timer_initTimerMode          
00001895  __aeabi_dmul                    
00001895  __muldf3                        
00001979  ldexp                           
00001979  ldexpl                          
00001979  scalbn                          
00001979  scalbnl                         
00001a51  __aeabi_fsub                    
00001a51  __subsf3                        
00001a5b  __addsf3                        
00001a5b  __aeabi_fadd                    
00001b29  UART_init                       
00001bf9  __udivmoddi4                    
00001c9b  __aeabi_idiv0                   
00001c9d  GPIO_init                       
00001dcf  __aeabi_ldiv0                   
00001dd1  __cmpsf2                        
00001dd1  __eqsf2                         
00001dd1  __lesf2                         
00001dd1  __ltsf2                         
00001dd1  __nesf2                         
00001e0d  __gesf2                         
00001e0d  __gtsf2                         
00001e49  __aeabi_fcmpun                  
00001e49  __unordsf2                      
00001e61  __aeabi_fmul                    
00001e61  __mulsf3                        
00001eed  __aeabi_fdiv                    
00001eed  __divsf3                        
00001f71  calc_rpm                        
00001fed  TimerG_PWM_init                 
00002061  main                            
000020e1  __aeabi_d2f                     
000020e1  __truncdfsf2                    
00002155  __gedf2                         
00002155  __gtdf2                         
000021c5  __cmpdf2                        
000021c5  __eqdf2                         
000021c5  __ledf2                         
000021c5  __ltdf2                         
000021c5  __nedf2                         
00002235  __TI_decompress_lzss            
00002305  __aeabi_dcmpeq                  
00002319  __aeabi_dcmplt                  
0000232d  __aeabi_dcmple                  
00002341  __aeabi_dcmpge                  
00002355  __aeabi_dcmpgt                  
00002369  __aeabi_fcmpeq                  
0000237d  __aeabi_fcmplt                  
00002391  __aeabi_fcmple                  
000023a5  __aeabi_fcmpge                  
000023b9  __aeabi_fcmpgt                  
000023cd  TIMG0_IRQHandler                
0000242d  frexp                           
0000242d  frexpl                          
00002489  TimerG6_CC_init                 
000024e1  __TI_ltoa                       
00002591  __aeabi_idiv                    
00002591  __aeabi_idivmod                 
00002639  check_switches                  
00002689  drive_motor                     
000026d9  print_data                      
00002729  DL_UART_init                    
000027c1  __aeabi_d2iz                    
000027c1  __fixdfsi                       
0000280d  atoi                            
00002851  DL_Timer_setCaptureCompareOutCtl
00002891  __aeabi_uidiv                   
00002891  __aeabi_uidivmod                
000028d1  __aeabi_f2d                     
000028d1  __extendsfdf2                   
00002911  DL_Timer_setCaptureCompareCtl   
0000294d  __TI_auto_init_nobinit_nopinit  
00002989  __muldsi3                       
000029c5  sprintf                         
000029fd  __aeabi_f2iz                    
000029fd  __fixsfsi                       
00002a69  DL_Timer_setCaptureCompareAction
00002a9d  DL_Timer_setCaptureCompareInput 
00002ad1  DL_Timer_setClockConfig         
00002b05  SYSCFG_DL_initPower             
00002b39  TimerG_init                     
00002b6d  __aeabi_f2uiz                   
00002b6d  __fixunssfsi                    
00002bd1  DL_Timer_setCaptureCompareValue 
00002bfd  TIMG6_IRQHandler                
00002c81  __aeabi_i2d                     
00002c81  __floatsidf                     
00002d4d  DL_Timer_getCaptureCompareValue 
00002d75  DL_UART_transmitDataBlocking    
00002d9d  _c_int00_noargs                 
00002dc5  __aeabi_ui2f                    
00002dc5  __floatunsisf                   
00002ded  DL_UART_setClockConfig          
00002e11  memccpy                         
00002e35  __aeabi_lmul                    
00002e35  __muldi3                        
00002e59  SYSCFG_DL_SYSCTL_init           
00002edd  __aeabi_llsl                    
00002edd  __ashldi3                       
00002f89  __aeabi_memset                  
00002f89  __aeabi_memset4                 
00002f89  __aeabi_memset8                 
00002f99  __aeabi_memclr                  
00002f99  __aeabi_memclr4                 
00002f99  __aeabi_memclr8                 
00003135  DL_Common_delayCycles           
000031ad  __aeabi_uldivmod                
000031c1  TI_memcpy_small                 
000031d3  __TI_decompress_none            
000031e5  SYSCFG_DL_init                  
000031f5  wcslen                          
00003213  TI_memset_small                 
00003249  __aeabi_errno_addr              
00003251  __aeabi_memcpy                  
00003251  __aeabi_memcpy4                 
00003251  __aeabi_memcpy8                 
00003259  ADC0_IRQHandler                 
00003259  ADC1_IRQHandler                 
00003259  AES_IRQHandler                  
00003259  CANFD0_IRQHandler               
00003259  DAC0_IRQHandler                 
00003259  DMA_IRQHandler                  
00003259  Default_Handler                 
00003259  GROUP0_IRQHandler               
00003259  GROUP1_IRQHandler               
00003259  HardFault_Handler               
00003259  I2C0_IRQHandler                 
00003259  I2C1_IRQHandler                 
00003259  NMI_Handler                     
00003259  PendSV_Handler                  
00003259  RTC_IRQHandler                  
00003259  SPI0_IRQHandler                 
00003259  SPI1_IRQHandler                 
00003259  SVC_Handler                     
00003259  SysTick_Handler                 
00003259  TIMA0_IRQHandler                
00003259  TIMA1_IRQHandler                
00003259  TIMG12_IRQHandler               
00003259  TIMG7_IRQHandler                
00003259  TIMG8_IRQHandler                
00003259  UART0_IRQHandler                
00003259  UART1_IRQHandler                
00003259  UART2_IRQHandler                
00003259  UART3_IRQHandler                
0000325d  Reset_Handler                   
00003261  _system_pre_init                
00003264  C$$EXIT                         
00003265  abort                           
00003270  __aeabi_ctype_table_            
00003270  __aeabi_ctype_table_C           
000033f0  __TI_Handler_Table_Base         
000033f8  __TI_CINIT_Base                 
000033f8  __TI_Handler_Table_Limit        
00003400  __TI_CINIT_Limit                
00003400  __TI_CINIT_Warm                 
20200000  __start___llvm_prf_bits         
20200000  __start___llvm_prf_cnts         
20200000  __stop___llvm_prf_bits          
20200000  __stop___llvm_prf_cnts          
20200000  gTIMER_0TimerConfig             
20200014  gCAPTURE_0CaptureConfig         
20200024  gUART_0Config                   
2020002e  gUART_0ClockConfig              
20200030  gPWM_0Config                    
20200038  __aeabi_errno                   
2020003c  cur_edge                        
20200040  cur_pwm                         
20200044  cur_rpm                         
20200048  dt                              
2020004c  duty_cycle                      
20200050  gCC_period                      
20200054  kd                              
20200058  ki                              
2020005c  kp                              
20200060  max_duty_cycle                  
20200064  prev_edge                       
20200068  prev_rpm                        
2020006c  pwm_period                      
20200070  rpm_error_d                     
20200074  rpm_error_i                     
20200078  rpm_error_p                     
2020007c  set_rpm                         
20200080  gCAPTURE_0ClockConfig           
20200083  gPWM_0ClockConfig               
20200086  gTIMER_0ClockConfig             
20200089  S1_pressed                      
2020008a  motor_mode                      
2020008b  print_counter                   
20207e00  __stack                         
20208000  __STACK_END                     
ffffffff  __TI_pprof_out_hndl             
ffffffff  __TI_prof_data_size             
ffffffff  __TI_prof_data_start            
ffffffff  __binit__                       
ffffffff  binit                           
UNDEFED   __mpu_init                      
UNDEFED   _system_post_cinit              

[212 symbols]
