******************************************************************************
            TI ARM Clang Linker PC v2.1.3                      
******************************************************************************
>> Linked Mon Dec  2 12:03:17 2024

OUTPUT FILE NAME:   <Lab9.out>
ENTRY POINT SYMBOL: "_c_int00_noargs"  address: 00002c89


MEMORY CONFIGURATION

         name            origin    length      used     unused   attr    fill
----------------------  --------  ---------  --------  --------  ----  --------
  FLASH                 00000000   00020000  000032f8  0001cd08  R  X
  SRAM                  20200000   00008000  00002967  00005699  RW X
  BCR_CONFIG            41c00000   00000080  00000000  00000080  R   
  BSL_CONFIG            41c00100   00000080  00000000  00000080  R   


SEGMENT ALLOCATION MAP

run origin  load origin   length   init length attrs members
----------  ----------- ---------- ----------- ----- -------
00000000    00000000    000032f8   000032f8    r-x
  00000000    00000000    000000c0   000000c0    r-- .intvecs
  000000c0    000000c0    000030c0   000030c0    r-x .text
  00003180    00003180    00000130   00000130    r-- .rodata
  000032b0    000032b0    00000048   00000048    r-- .cinit
20200000    20200000    00002767   00000000    rw-
  20200000    20200000    00002767   00000000    rw- .data
20207e00    20207e00    00000200   00000000    rw-
  20207e00    20207e00    00000200   00000000    rw- .stack


SECTION ALLOCATION MAP

 output                                  attributes/
section   page    origin      length       input sections
--------  ----  ----------  ----------   ----------------
.intvecs   0    00000000    000000c0     
                  00000000    000000c0     startup_mspm0g350x_ticlang.o (.intvecs)

.text      0    000000c0    000030c0     
                  000000c0    00000a18     libc.a : _printfi.c.obj (.text:__TI_printfi)
                  00000ad8    00000210            : _printfi.c.obj (.text._pconv_a)
                  00000ce8    000001d8            : _printfi.c.obj (.text._pconv_g)
                  00000ec0    00000192     libclang_rt.builtins.a : adddf3.S.obj (.text)
                  00001052    00000002     ti_msp_dl_config.o (.text.SYSCFG_DL_GPIO_init)
                  00001054    00000138     libc.a : _printfi.c.obj (.text.fcvt)
                  0000118c    00000130     driverlib.a : dl_timer.o (.text.DL_Timer_initCaptureMode)
                  000012bc    00000130     Lab9.o (.text.process_data)
                  000013ec    0000011c     libc.a : _printfi.c.obj (.text._pconv_e)
                  00001508    00000110     driverlib.a : dl_timer.o (.text.DL_Timer_initPWMMode)
                  00001618    0000010c     libclang_rt.builtins.a : divdf3.S.obj (.text)
                  00001724    000000ec     driverlib.a : dl_timer.o (.text.DL_TimerA_initPWMMode)
                  00001810    000000e4     libclang_rt.builtins.a : muldf3.S.obj (.text)
                  000018f4    000000e0     Lab9.o (.text.TimerA_PWM_init)
                  000019d4    000000d8     libc.a : s_scalbn.c.obj (.text.scalbn)
                  00001aac    000000d8     libclang_rt.builtins.a : addsf3.S.obj (.text)
                  00001b84    000000d0     Lab9.o (.text.UART_init)
                  00001c54    000000cc     Lab9.o (.text.check_switches)
                  00001d20    000000ac     Lab9.o (.text.TimerG_PWM_init)
                  00001dcc    000000a2     libclang_rt.builtins.a : udivmoddi4.S.obj (.text)
                  00001e6e    00000002                            : aeabi_div0.c.obj (.text.__aeabi_idiv0)
                  00001e70    0000009c     Lab9.o (.text.GPIO_init)
                  00001f0c    00000096     driverlib.a : dl_timer.o (.text.DL_Timer_getInChanConfig)
                  00001fa2    00000002     libclang_rt.builtins.a : aeabi_div0.c.obj (.text.__aeabi_ldiv0)
                  00001fa4    0000008c                            : mulsf3.S.obj (.text)
                  00002030    00000082                            : divsf3.S.obj (.text)
                  000020b2    0000000e     libc.a : _printfi.c.obj (.text.strlen)
                  000020c0    00000074     libclang_rt.builtins.a : truncdfsf2.S.obj (.text)
                  00002134    00000070                            : comparedf2.c.obj (.text.__gedf2)
                  000021a4    00000070                            : comparedf2.c.obj (.text.__ledf2)
                  00002214    00000068     libc.a : copy_decompress_lzss.c.obj (.text:decompress:lzss)
                  0000227c    00000066            : _printfi.c.obj (.text._mcpy)
                  000022e2    00000002     --HOLE-- [fill = 0]
                  000022e4    00000062     libclang_rt.builtins.a : aeabi_dcmp.S.obj (.text)
                  00002346    00000002     --HOLE-- [fill = 0]
                  00002348    0000005c     libc.a : s_frexp.c.obj (.text.frexp)
                  000023a4    00000058     Lab9.o (.text.TimerG6_CC_init)
                  000023fc    00000058     libc.a : _ltoa.c.obj (.text.__TI_ltoa)
                  00002454    00000058            : _printfi.c.obj (.text._pconv_f)
                  000024ac    00000058     Lab9.o (.text.print_data)
                  00002504    00000056     libclang_rt.builtins.a : aeabi_idivmod.S.obj (.text)
                  0000255a    00000050     libc.a : _printfi.c.obj (.text._ecpy)
                  000025aa    00000002     --HOLE-- [fill = 0]
                  000025ac    0000004c     driverlib.a : dl_uart.o (.text.DL_UART_init)
                  000025f8    0000004c     Lab9.o (.text.DL_UART_setBaudRateDivisor)
                  00002644    0000004a     libclang_rt.builtins.a : fixdfsi.S.obj (.text)
                  0000268e    00000002     --HOLE-- [fill = 0]
                  00002690    00000048     Lab9.o (.text.TIMG6_IRQHandler)
                  000026d8    00000048     Lab9.o (.text.main)
                  00002720    00000044     libc.a : atoi.c.obj (.text.atoi)
                  00002764    00000040     driverlib.a : dl_timer.o (.text.DL_Timer_setCaptureCompareOutCtl)
                  000027a4    00000040     libclang_rt.builtins.a : aeabi_uidivmod.S.obj (.text)
                  000027e4    00000040                            : extendsfdf2.S.obj (.text)
                  00002824    0000003c     driverlib.a : dl_timer.o (.text.DL_Timer_setCaptureCompareCtl)
                  00002860    0000003c     libc.a : autoinit.c.obj (.text:__TI_auto_init_nobinit_nopinit)
                  0000289c    0000003a     libclang_rt.builtins.a : muldsi3.S.obj (.text)
                  000028d6    00000002     --HOLE-- [fill = 0]
                  000028d8    00000038     Lab9.o (.text.operate_motor)
                  00002910    00000038     libc.a : sprintf.c.obj (.text.sprintf)
                  00002948    00000038     libclang_rt.builtins.a : fixsfsi.S.obj (.text)
                  00002980    00000034     Lab9.o (.text.DL_GPIO_initDigitalInputFeatures)
                  000029b4    00000034     driverlib.a : dl_timer.o (.text.DL_Timer_setCaptureCompareAction)
                  000029e8    00000034                 : dl_timer.o (.text.DL_Timer_setCaptureCompareInput)
                  00002a1c    00000034                 : dl_timer.o (.text.DL_Timer_setClockConfig)
                  00002a50    00000034     ti_msp_dl_config.o (.text.SYSCFG_DL_initPower)
                  00002a84    00000034     Lab9.o (.text.__NVIC_DisableIRQ)
                  00002ab8    00000030     libc.a : _printfi.c.obj (.text._fcpy)
                  00002ae8    0000002c     driverlib.a : dl_timer.o (.text.DL_Timer_setCaptureCompareValue)
                  00002b14    0000002c     Lab9.o (.text.__NVIC_ClearPendingIRQ)
                  00002b40    0000002c     Lab9.o (.text.__NVIC_EnableIRQ)
                  00002b6c    0000002c     libclang_rt.builtins.a : floatsidf.S.obj (.text)
                  00002b98    00000028     Lab9.o (.text.DL_Common_updateReg)
                  00002bc0    00000028     driverlib.a : dl_timer.o (.text.DL_Common_updateReg)
                  00002be8    00000028                 : dl_uart.o (.text.DL_Common_updateReg)
                  00002c10    00000028     ti_msp_dl_config.o (.text.DL_Common_updateReg)
                  00002c38    00000028     driverlib.a : dl_timer.o (.text.DL_Timer_getCaptureCompareValue)
                  00002c60    00000028                 : dl_uart.o (.text.DL_UART_transmitDataBlocking)
                  00002c88    00000028     libc.a : boot_cortex_m.c.obj (.text:_c_int00_noargs)
                  00002cb0    00000024     driverlib.a : dl_uart.o (.text.DL_UART_setClockConfig)
                  00002cd4    00000024     libc.a : memccpy.c.obj (.text.memccpy)
                  00002cf8    00000024     libclang_rt.builtins.a : floatunsidf.S.obj (.text)
                  00002d1c    00000024                            : muldi3.S.obj (.text)
                  00002d40    00000022     ti_msp_dl_config.o (.text.SYSCFG_DL_SYSCTL_init)
                  00002d62    00000002     --HOLE-- [fill = 0]
                  00002d64    00000020     Lab9.o (.text.DL_GPIO_initPeripheralInputFunction)
                  00002d84    00000020     driverlib.a : dl_timer.o (.text.DL_Timer_setCounterValueAfterEnable)
                  00002da4    0000001e     Lab9.o (.text.DL_UART_setOversampling)
                  00002dc2    00000002     --HOLE-- [fill = 0]
                  00002dc4    0000001e     libclang_rt.builtins.a : ashldi3.S.obj (.text)
                  00002de2    00000002     --HOLE-- [fill = 0]
                  00002de4    0000001c     Lab9.o (.text.DL_GPIO_initPeripheralOutputFunction)
                  00002e00    0000001c     ti_msp_dl_config.o (.text.DL_SYSCTL_setMCLKDivider)
                  00002e1c    0000001c     ti_msp_dl_config.o (.text.DL_SYSCTL_setSYSOSCFreq)
                  00002e38    0000001c     ti_msp_dl_config.o (.text.DL_SYSCTL_setULPCLKDivider)
                  00002e54    0000001c     Lab9.o (.text.DL_Timer_disableInterrupt)
                  00002e70    0000001c     Lab9.o (.text.DL_Timer_enableInterrupt)
                  00002e8c    0000001c     libclang_rt.builtins.a : aeabi_memset.S.obj (.text)
                  00002ea8    00000018     Lab9.o (.text.DL_GPIO_enableOutput)
                  00002ec0    00000018     ti_msp_dl_config.o (.text.DL_GPIO_enablePower)
                  00002ed8    00000018     Lab9.o (.text.DL_GPIO_initDigitalOutput)
                  00002ef0    00000018     ti_msp_dl_config.o (.text.DL_GPIO_reset)
                  00002f08    00000018     Lab9.o (.text.DL_GPIO_setPins)
                  00002f20    00000018     Lab9.o (.text.DL_GPIO_togglePins)
                  00002f38    00000018     ti_msp_dl_config.o (.text.DL_SYSCTL_setBORThreshold)
                  00002f50    00000018     Lab9.o (.text.DL_Timer_enablePower)
                  00002f68    00000018     driverlib.a : dl_timer.o (.text.DL_Timer_setLoadValue)
                  00002f80    00000018     Lab9.o (.text.DL_Timer_startCounter)
                  00002f98    00000018     Lab9.o (.text.DL_UART_enablePower)
                  00002fb0    00000018     driverlib.a : dl_uart.o (.text.DL_UART_isTXFIFOFull)
                  00002fc8    00000018     Lab9.o (.text.DL_UART_reset)
                  00002fe0    00000018     libc.a : sprintf.c.obj (.text._outs)
                  00002ff8    00000016     Lab9.o (.text.DL_GPIO_readPins)
                  0000300e    00000016     driverlib.a : dl_uart.o (.text.DL_UART_disable)
                  00003024    00000016     Lab9.o (.text.DL_UART_enable)
                  0000303a    00000016     driverlib.a : dl_uart.o (.text.DL_UART_transmitData)
                  00003050    00000014                 : dl_common.o (.text.DL_Common_delayCycles)
                  00003064    00000014     Lab9.o (.text.DL_GPIO_clearPins)
                  00003078    00000014     Lab9.o (.text.DL_Timer_enableClock)
                  0000308c    00000014     Lab9.o (.text.DL_Timer_setCCPDirection)
                  000030a0    00000014     driverlib.a : dl_timer.o (.text.DL_Timer_setCCPDirection)
                  000030b4    00000014     libc.a : _printfi.c.obj (.text.strchr)
                  000030c8    00000014     libclang_rt.builtins.a : aeabi_uldivmod.S.obj (.text)
                  000030dc    00000012     libc.a : memcpy16.S.obj (.text:TI_memcpy_small)
                  000030ee    00000012            : copy_decompress_none.c.obj (.text:decompress:none)
                  00003100    00000010     ti_msp_dl_config.o (.text.SYSCFG_DL_init)
                  00003110    00000010     libc.a : wcslen.c.obj (.text.wcslen)
                  00003120    0000000e            : memset16.S.obj (.text:TI_memset_small)
                  0000312e    0000000a            : _printfi.c.obj (.text.OUTLINED_FUNCTION_0)
                  00003138    00000010     libclang_rt.builtins.a : adddf3.S.obj (.tramp.__aeabi_dsub.1)
                  00003148    0000000a     libc.a : _printfi.c.obj (.text.OUTLINED_FUNCTION_1)
                  00003152    0000000a            : sprintf.c.obj (.text._outc)
                  0000315c    00000008            : aeabi_portable.c.obj (.text.__aeabi_errno_addr)
                  00003164    00000008     libclang_rt.builtins.a : aeabi_memcpy.S.obj (.text)
                  0000316c    00000004     startup_mspm0g350x_ticlang.o (.text.Default_Handler)
                  00003170    00000004     startup_mspm0g350x_ticlang.o (.text.Reset_Handler)
                  00003174    00000004     libc.a : pre_init.c.obj (.text._system_pre_init)
                  00003178    00000004            : exit.c.obj (.text:abort)
                  0000317c    00000004     --HOLE-- [fill = 0]

.cinit     0    000032b0    00000048     
                  000032b0    00000035     (.cinit..data.load) [load image, compression = lzss]
                  000032e5    00000003     --HOLE-- [fill = 0]
                  000032e8    00000008     (__TI_handler_table)
                  000032f0    00000008     (__TI_cinit_table)

.rodata    0    00003180    00000130     
                  00003180    00000101     libc.a : aeabi_ctype.S.obj (.rodata)
                  00003281    00000022            : _printfi.c.obj (.rodata.str1.1)
                  000032a3    0000000c     Lab9.o (.rodata.str1.1)
                  000032af    00000001     --HOLE-- [fill = 0]

.init_array 
*          0    00000000    00000000     UNINITIALIZED

.binit     0    00000000    00000000     

.data      0    20200000    00002767     UNINITIALIZED
                  20200000    00002710     Lab9.o (.data.data)
                  20202710    00000010     Lab9.o (.data.gCAPTURE_0CaptureConfig)
                  20202720    0000000a     Lab9.o (.data.gUART_0Config)
                  2020272a    00000002     Lab9.o (.data.count)
                  2020272c    00000008     Lab9.o (.data.gPWM_0Config)
                  20202734    00000008     Lab9.o (.data.gPWM_1Config)
                  2020273c    00000004     libc.a : aeabi_portable.c.obj (.data.__aeabi_errno)
                  20202740    00000004     Lab9.o (.data.gCC_period)
                  20202744    00000004     Lab9.o (.data.gPWM_period)
                  20202748    00000004     Lab9.o (.data.pwm1)
                  2020274c    00000004     Lab9.o (.data.pwm2)
                  20202750    00000004     Lab9.o (.data.pwm3)
                  20202754    00000003     Lab9.o (.data.gCAPTURE_0ClockConfig)
                  20202757    00000003     Lab9.o (.data.gPWM_0ClockConfig)
                  2020275a    00000003     Lab9.o (.data.gPWM_1ClockConfig)
                  2020275d    00000001     Lab9.o (.data.S1_pressed)
                  2020275e    00000002     Lab9.o (.data.data_size)
                  20202760    00000002     Lab9.o (.data.duty_cycle)
                  20202762    00000002     Lab9.o (.data.gUART_0ClockConfig)
                  20202764    00000001     Lab9.o (.data.S2_pressed)
                  20202765    00000001     Lab9.o (.data.data_ready)
                  20202766    00000001     Lab9.o (.data.motor_mode)

.stack     0    20207e00    00000200     UNINITIALIZED
                  20207e00    00000004     libc.a : boot_cortex_m.c.obj (.stack)
                  20207e04    000001fc     --HOLE--

__llvm_prf_cnts 
*          0    20200000    00000000     UNINITIALIZED

__llvm_prf_bits 
*          0    20200000    00000000     UNINITIALIZED

MODULE SUMMARY

       Module                         code    ro data   rw data
       ------                         ----    -------   -------
    .\
       Lab9.o                         2394    12        10083  
       startup_mspm0g350x_ticlang.o   8       192       0      
    +--+------------------------------+-------+---------+---------+
       Total:                         2402    204       10083  
                                                               
    .\syscfg\
       ti_msp_dl_config.o             300     0         0      
    +--+------------------------------+-------+---------+---------+
       Total:                         300     0         0      
                                                               
    C:/ti/mspm0_sdk_2_01_00_03/source/ti/driverlib/lib/ticlang/m0p/mspm0g1x0x_g3x0x/driverlib.a
       dl_timer.o                     1442    0         0      
       dl_uart.o                      260     0         0      
       dl_common.o                    20      0         0      
    +--+------------------------------+-------+---------+---------+
       Total:                         1722    0         0      
                                                               
    C:\Program Files\ccs\tools\compiler\ti-cgt-armllvm_2.1.3.LTS\lib\armv6m-ti-none-eabi/c/libc.a
       _printfi.c.obj                 4552    34        0      
       aeabi_ctype.S.obj              0       257       0      
       s_scalbn.c.obj                 216     0         0      
       copy_decompress_lzss.c.obj     104     0         0      
       s_frexp.c.obj                  92      0         0      
       sprintf.c.obj                  90      0         0      
       _ltoa.c.obj                    88      0         0      
       atoi.c.obj                     68      0         0      
       autoinit.c.obj                 60      0         0      
       boot_cortex_m.c.obj            40      0         0      
       memccpy.c.obj                  36      0         0      
       copy_decompress_none.c.obj     18      0         0      
       memcpy16.S.obj                 18      0         0      
       wcslen.c.obj                   16      0         0      
       memset16.S.obj                 14      0         0      
       aeabi_portable.c.obj           8       0         4      
       exit.c.obj                     4       0         0      
       pre_init.c.obj                 4       0         0      
    +--+------------------------------+-------+---------+---------+
       Total:                         5428    291       4      
                                                               
    C:\Program Files\ccs\tools\compiler\ti-cgt-armllvm_2.1.3.LTS\lib\clang/14.0.6/lib/armv6m-ti-none-eabi/libclang_rt.builtins.a
       adddf3.S.obj                   418     0         0      
       divdf3.S.obj                   268     0         0      
       muldf3.S.obj                   228     0         0      
       comparedf2.c.obj               224     0         0      
       addsf3.S.obj                   216     0         0      
       udivmoddi4.S.obj               162     0         0      
       mulsf3.S.obj                   140     0         0      
       divsf3.S.obj                   130     0         0      
       truncdfsf2.S.obj               116     0         0      
       aeabi_dcmp.S.obj               98      0         0      
       aeabi_idivmod.S.obj            86      0         0      
       fixdfsi.S.obj                  74      0         0      
       aeabi_uidivmod.S.obj           64      0         0      
       extendsfdf2.S.obj              64      0         0      
       muldsi3.S.obj                  58      0         0      
       fixsfsi.S.obj                  56      0         0      
       floatsidf.S.obj                44      0         0      
       floatunsidf.S.obj              36      0         0      
       muldi3.S.obj                   36      0         0      
       ashldi3.S.obj                  30      0         0      
       aeabi_memset.S.obj             28      0         0      
       aeabi_uldivmod.S.obj           20      0         0      
       aeabi_memcpy.S.obj             8       0         0      
       aeabi_div0.c.obj               4       0         0      
    +--+------------------------------+-------+---------+---------+
       Total:                         2608    0         0      
                                                               
       Stack:                         0       0         512    
       Linker Generated:              0       69        0      
    +--+------------------------------+-------+---------+---------+
       Grand Total:                   12460   564       10599  


LINKER GENERATED COPY TABLES

__TI_cinit_table @ 000032f0 records: 1, size/record: 8, table size: 8
	.data: load addr=000032b0, load size=00000035 bytes, run addr=20200000, run size=00002767 bytes, compression=lzss


LINKER GENERATED HANDLER TABLE

__TI_handler_table @ 000032e8 records: 2, size/record: 4, table size: 8
	index: 0, handler: __TI_decompress_lzss
	index: 1, handler: __TI_decompress_none


FAR CALL TRAMPOLINES

callee name               trampoline name
   callee addr  tramp addr   call addr  call info
--------------  -----------  ---------  ----------------
__aeabi_dsub              $Tramp$TT$L$PI$$__aeabi_dsub
   00000ec1     00003138     00003136   libc.a : _printfi.c.obj (.text.OUTLINED_FUNCTION_0)

[1 trampolines]
[1 trampoline calls]


GLOBAL SYMBOLS: SORTED ALPHABETICALLY BY Name 

address   name                            
-------   ----                            
0000316d  ADC0_IRQHandler                 
0000316d  ADC1_IRQHandler                 
0000316d  AES_IRQHandler                  
00003178  C$$EXIT                         
0000316d  CANFD0_IRQHandler               
0000316d  DAC0_IRQHandler                 
00003051  DL_Common_delayCycles           
00001725  DL_TimerA_initPWMMode           
00002c39  DL_Timer_getCaptureCompareValue 
0000118d  DL_Timer_initCaptureMode        
00001509  DL_Timer_initPWMMode            
000029b5  DL_Timer_setCaptureCompareAction
00002825  DL_Timer_setCaptureCompareCtl   
000029e9  DL_Timer_setCaptureCompareInput 
00002765  DL_Timer_setCaptureCompareOutCtl
00002ae9  DL_Timer_setCaptureCompareValue 
00002a1d  DL_Timer_setClockConfig         
000025ad  DL_UART_init                    
00002cb1  DL_UART_setClockConfig          
00002c61  DL_UART_transmitDataBlocking    
0000316d  DMA_IRQHandler                  
0000316d  Default_Handler                 
00001e71  GPIO_init                       
0000316d  GROUP0_IRQHandler               
0000316d  GROUP1_IRQHandler               
0000316d  HardFault_Handler               
0000316d  I2C0_IRQHandler                 
0000316d  I2C1_IRQHandler                 
0000316d  NMI_Handler                     
0000316d  PendSV_Handler                  
0000316d  RTC_IRQHandler                  
00003171  Reset_Handler                   
2020275d  S1_pressed                      
20202764  S2_pressed                      
0000316d  SPI0_IRQHandler                 
0000316d  SPI1_IRQHandler                 
0000316d  SVC_Handler                     
00001053  SYSCFG_DL_GPIO_init             
00002d41  SYSCFG_DL_SYSCTL_init           
00003101  SYSCFG_DL_init                  
00002a51  SYSCFG_DL_initPower             
0000316d  SysTick_Handler                 
0000316d  TIMA0_IRQHandler                
0000316d  TIMA1_IRQHandler                
0000316d  TIMG0_IRQHandler                
0000316d  TIMG12_IRQHandler               
00002691  TIMG6_IRQHandler                
0000316d  TIMG7_IRQHandler                
0000316d  TIMG8_IRQHandler                
000030dd  TI_memcpy_small                 
00003121  TI_memset_small                 
000018f5  TimerA_PWM_init                 
000023a5  TimerG6_CC_init                 
00001d21  TimerG_PWM_init                 
0000316d  UART0_IRQHandler                
0000316d  UART1_IRQHandler                
0000316d  UART2_IRQHandler                
0000316d  UART3_IRQHandler                
00001b85  UART_init                       
20208000  __STACK_END                     
00000200  __STACK_SIZE                    
000032f0  __TI_CINIT_Base                 
000032f8  __TI_CINIT_Limit                
000032f8  __TI_CINIT_Warm                 
000032e8  __TI_Handler_Table_Base         
000032f0  __TI_Handler_Table_Limit        
00002861  __TI_auto_init_nobinit_nopinit  
00002215  __TI_decompress_lzss            
000030ef  __TI_decompress_none            
000023fd  __TI_ltoa                       
ffffffff  __TI_pprof_out_hndl             
000000c1  __TI_printfi                    
ffffffff  __TI_prof_data_size             
ffffffff  __TI_prof_data_start            
00000000  __TI_static_base__              
00000ecb  __adddf3                        
00001ab7  __addsf3                        
00003180  __aeabi_ctype_table_            
00003180  __aeabi_ctype_table_C           
000020c1  __aeabi_d2f                     
00002645  __aeabi_d2iz                    
00000ecb  __aeabi_dadd                    
000022e5  __aeabi_dcmpeq                  
00002321  __aeabi_dcmpge                  
00002335  __aeabi_dcmpgt                  
0000230d  __aeabi_dcmple                  
000022f9  __aeabi_dcmplt                  
00001619  __aeabi_ddiv                    
00001811  __aeabi_dmul                    
00000ec1  __aeabi_dsub                    
2020273c  __aeabi_errno                   
0000315d  __aeabi_errno_addr              
000027e5  __aeabi_f2d                     
00002949  __aeabi_f2iz                    
00001ab7  __aeabi_fadd                    
00002031  __aeabi_fdiv                    
00001fa5  __aeabi_fmul                    
00001aad  __aeabi_fsub                    
00002b6d  __aeabi_i2d                     
00002505  __aeabi_idiv                    
00001e6f  __aeabi_idiv0                   
00002505  __aeabi_idivmod                 
00001fa3  __aeabi_ldiv0                   
00002dc5  __aeabi_llsl                    
00002d1d  __aeabi_lmul                    
00002e9d  __aeabi_memclr                  
00002e9d  __aeabi_memclr4                 
00002e9d  __aeabi_memclr8                 
00003165  __aeabi_memcpy                  
00003165  __aeabi_memcpy4                 
00003165  __aeabi_memcpy8                 
00002e8d  __aeabi_memset                  
00002e8d  __aeabi_memset4                 
00002e8d  __aeabi_memset8                 
00002cf9  __aeabi_ui2d                    
000027a5  __aeabi_uidiv                   
000027a5  __aeabi_uidivmod                
000030c9  __aeabi_uldivmod                
00002dc5  __ashldi3                       
ffffffff  __binit__                       
000021a5  __cmpdf2                        
00001619  __divdf3                        
00002031  __divsf3                        
000021a5  __eqdf2                         
000027e5  __extendsfdf2                   
00002645  __fixdfsi                       
00002949  __fixsfsi                       
00002b6d  __floatsidf                     
00002cf9  __floatunsidf                   
00002135  __gedf2                         
00002135  __gtdf2                         
000021a5  __ledf2                         
000021a5  __ltdf2                         
UNDEFED   __mpu_init                      
00001811  __muldf3                        
00002d1d  __muldi3                        
0000289d  __muldsi3                       
00001fa5  __mulsf3                        
000021a5  __nedf2                         
20207e00  __stack                         
20200000  __start___llvm_prf_bits         
20200000  __start___llvm_prf_cnts         
20200000  __stop___llvm_prf_bits          
20200000  __stop___llvm_prf_cnts          
00000ec1  __subdf3                        
00001aad  __subsf3                        
000020c1  __truncdfsf2                    
00001dcd  __udivmoddi4                    
00002c89  _c_int00_noargs                 
UNDEFED   _system_post_cinit              
00003175  _system_pre_init                
00003179  abort                           
00002721  atoi                            
ffffffff  binit                           
00001c55  check_switches                  
2020272a  count                           
20200000  data                            
20202765  data_ready                      
2020275e  data_size                       
20202760  duty_cycle                      
00002349  frexp                           
00002349  frexpl                          
20202710  gCAPTURE_0CaptureConfig         
20202754  gCAPTURE_0ClockConfig           
20202740  gCC_period                      
20202757  gPWM_0ClockConfig               
2020272c  gPWM_0Config                    
2020275a  gPWM_1ClockConfig               
20202734  gPWM_1Config                    
20202744  gPWM_period                     
20202762  gUART_0ClockConfig              
20202720  gUART_0Config                   
00000000  interruptVectors                
000019d5  ldexp                           
000019d5  ldexpl                          
000026d9  main                            
00002cd5  memccpy                         
20202766  motor_mode                      
000028d9  operate_motor                   
000024ad  print_data                      
000012bd  process_data                    
20202748  pwm1                            
2020274c  pwm2                            
20202750  pwm3                            
000019d5  scalbn                          
000019d5  scalbnl                         
00002911  sprintf                         
00003111  wcslen                          


GLOBAL SYMBOLS: SORTED BY Symbol Address 

address   name                            
-------   ----                            
00000000  __TI_static_base__              
00000000  interruptVectors                
000000c1  __TI_printfi                    
00000200  __STACK_SIZE                    
00000ec1  __aeabi_dsub                    
00000ec1  __subdf3                        
00000ecb  __adddf3                        
00000ecb  __aeabi_dadd                    
00001053  SYSCFG_DL_GPIO_init             
0000118d  DL_Timer_initCaptureMode        
000012bd  process_data                    
00001509  DL_Timer_initPWMMode            
00001619  __aeabi_ddiv                    
00001619  __divdf3                        
00001725  DL_TimerA_initPWMMode           
00001811  __aeabi_dmul                    
00001811  __muldf3                        
000018f5  TimerA_PWM_init                 
000019d5  ldexp                           
000019d5  ldexpl                          
000019d5  scalbn                          
000019d5  scalbnl                         
00001aad  __aeabi_fsub                    
00001aad  __subsf3                        
00001ab7  __addsf3                        
00001ab7  __aeabi_fadd                    
00001b85  UART_init                       
00001c55  check_switches                  
00001d21  TimerG_PWM_init                 
00001dcd  __udivmoddi4                    
00001e6f  __aeabi_idiv0                   
00001e71  GPIO_init                       
00001fa3  __aeabi_ldiv0                   
00001fa5  __aeabi_fmul                    
00001fa5  __mulsf3                        
00002031  __aeabi_fdiv                    
00002031  __divsf3                        
000020c1  __aeabi_d2f                     
000020c1  __truncdfsf2                    
00002135  __gedf2                         
00002135  __gtdf2                         
000021a5  __cmpdf2                        
000021a5  __eqdf2                         
000021a5  __ledf2                         
000021a5  __ltdf2                         
000021a5  __nedf2                         
00002215  __TI_decompress_lzss            
000022e5  __aeabi_dcmpeq                  
000022f9  __aeabi_dcmplt                  
0000230d  __aeabi_dcmple                  
00002321  __aeabi_dcmpge                  
00002335  __aeabi_dcmpgt                  
00002349  frexp                           
00002349  frexpl                          
000023a5  TimerG6_CC_init                 
000023fd  __TI_ltoa                       
000024ad  print_data                      
00002505  __aeabi_idiv                    
00002505  __aeabi_idivmod                 
000025ad  DL_UART_init                    
00002645  __aeabi_d2iz                    
00002645  __fixdfsi                       
00002691  TIMG6_IRQHandler                
000026d9  main                            
00002721  atoi                            
00002765  DL_Timer_setCaptureCompareOutCtl
000027a5  __aeabi_uidiv                   
000027a5  __aeabi_uidivmod                
000027e5  __aeabi_f2d                     
000027e5  __extendsfdf2                   
00002825  DL_Timer_setCaptureCompareCtl   
00002861  __TI_auto_init_nobinit_nopinit  
0000289d  __muldsi3                       
000028d9  operate_motor                   
00002911  sprintf                         
00002949  __aeabi_f2iz                    
00002949  __fixsfsi                       
000029b5  DL_Timer_setCaptureCompareAction
000029e9  DL_Timer_setCaptureCompareInput 
00002a1d  DL_Timer_setClockConfig         
00002a51  SYSCFG_DL_initPower             
00002ae9  DL_Timer_setCaptureCompareValue 
00002b6d  __aeabi_i2d                     
00002b6d  __floatsidf                     
00002c39  DL_Timer_getCaptureCompareValue 
00002c61  DL_UART_transmitDataBlocking    
00002c89  _c_int00_noargs                 
00002cb1  DL_UART_setClockConfig          
00002cd5  memccpy                         
00002cf9  __aeabi_ui2d                    
00002cf9  __floatunsidf                   
00002d1d  __aeabi_lmul                    
00002d1d  __muldi3                        
00002d41  SYSCFG_DL_SYSCTL_init           
00002dc5  __aeabi_llsl                    
00002dc5  __ashldi3                       
00002e8d  __aeabi_memset                  
00002e8d  __aeabi_memset4                 
00002e8d  __aeabi_memset8                 
00002e9d  __aeabi_memclr                  
00002e9d  __aeabi_memclr4                 
00002e9d  __aeabi_memclr8                 
00003051  DL_Common_delayCycles           
000030c9  __aeabi_uldivmod                
000030dd  TI_memcpy_small                 
000030ef  __TI_decompress_none            
00003101  SYSCFG_DL_init                  
00003111  wcslen                          
00003121  TI_memset_small                 
0000315d  __aeabi_errno_addr              
00003165  __aeabi_memcpy                  
00003165  __aeabi_memcpy4                 
00003165  __aeabi_memcpy8                 
0000316d  ADC0_IRQHandler                 
0000316d  ADC1_IRQHandler                 
0000316d  AES_IRQHandler                  
0000316d  CANFD0_IRQHandler               
0000316d  DAC0_IRQHandler                 
0000316d  DMA_IRQHandler                  
0000316d  Default_Handler                 
0000316d  GROUP0_IRQHandler               
0000316d  GROUP1_IRQHandler               
0000316d  HardFault_Handler               
0000316d  I2C0_IRQHandler                 
0000316d  I2C1_IRQHandler                 
0000316d  NMI_Handler                     
0000316d  PendSV_Handler                  
0000316d  RTC_IRQHandler                  
0000316d  SPI0_IRQHandler                 
0000316d  SPI1_IRQHandler                 
0000316d  SVC_Handler                     
0000316d  SysTick_Handler                 
0000316d  TIMA0_IRQHandler                
0000316d  TIMA1_IRQHandler                
0000316d  TIMG0_IRQHandler                
0000316d  TIMG12_IRQHandler               
0000316d  TIMG7_IRQHandler                
0000316d  TIMG8_IRQHandler                
0000316d  UART0_IRQHandler                
0000316d  UART1_IRQHandler                
0000316d  UART2_IRQHandler                
0000316d  UART3_IRQHandler                
00003171  Reset_Handler                   
00003175  _system_pre_init                
00003178  C$$EXIT                         
00003179  abort                           
00003180  __aeabi_ctype_table_            
00003180  __aeabi_ctype_table_C           
000032e8  __TI_Handler_Table_Base         
000032f0  __TI_CINIT_Base                 
000032f0  __TI_Handler_Table_Limit        
000032f8  __TI_CINIT_Limit                
000032f8  __TI_CINIT_Warm                 
20200000  __start___llvm_prf_bits         
20200000  __start___llvm_prf_cnts         
20200000  __stop___llvm_prf_bits          
20200000  __stop___llvm_prf_cnts          
20200000  data                            
20202710  gCAPTURE_0CaptureConfig         
20202720  gUART_0Config                   
2020272a  count                           
2020272c  gPWM_0Config                    
20202734  gPWM_1Config                    
2020273c  __aeabi_errno                   
20202740  gCC_period                      
20202744  gPWM_period                     
20202748  pwm1                            
2020274c  pwm2                            
20202750  pwm3                            
20202754  gCAPTURE_0ClockConfig           
20202757  gPWM_0ClockConfig               
2020275a  gPWM_1ClockConfig               
2020275d  S1_pressed                      
2020275e  data_size                       
20202760  duty_cycle                      
20202762  gUART_0ClockConfig              
20202764  S2_pressed                      
20202765  data_ready                      
20202766  motor_mode                      
20207e00  __stack                         
20208000  __STACK_END                     
ffffffff  __TI_pprof_out_hndl             
ffffffff  __TI_prof_data_size             
ffffffff  __TI_prof_data_start            
ffffffff  __binit__                       
ffffffff  binit                           
UNDEFED   __mpu_init                      
UNDEFED   _system_post_cinit              

[188 symbols]
