******************************************************************************
            TI ARM Clang Linker PC v2.1.3                      
******************************************************************************
>> Linked Mon Oct 21 16:07:56 2024

OUTPUT FILE NAME:   <Lab6.out>
ENTRY POINT SYMBOL: "_c_int00_noargs"  address: 00002a75


MEMORY CONFIGURATION

         name            origin    length      used     unused   attr    fill
----------------------  --------  ---------  --------  --------  ----  --------
  FLASH                 00000000   00020000  00003238  0001cdc8  R  X
  SRAM                  20200000   00008000  000002ec  00007d14  RW X
  BCR_CONFIG            41c00000   00000080  00000000  00000080  R   
  BSL_CONFIG            41c00100   00000080  00000000  00000080  R   


SEGMENT ALLOCATION MAP

run origin  load origin   length   init length attrs members
----------  ----------- ---------- ----------- ----- -------
00000000    00000000    000031a0   000031a0    r-x
  00000000    00000000    000000c0   000000c0    r-- .intvecs
  000000c0    000000c0    00002fa0   00002fa0    r-x .text
  00003060    00003060    00000140   00000140    r-- .rodata
000031e0    000031e0    00000058   00000058    r--
  000031e0    000031e0    00000048   00000048    r-- .cinit
  00003228    00003228    00000010   00000010    r-- .binit
20200000    20200000    000000ac   00000000    rw-
  20200000    20200000    000000ab   00000000    rw- .data
  202000ab    202000ab    00000001   00000000    rw- .bss
202000b0    000031a0    00000040   00000040    r-x
  202000b0    000031a0    00000040   00000040    r-x .TI.ramfunc
20207e00    20207e00    00000200   00000000    rw-
  20207e00    20207e00    00000200   00000000    rw- .stack


SECTION ALLOCATION MAP

 output                                  attributes/
section   page    origin      length       input sections
--------  ----  ----------  ----------   ----------------
.intvecs   0    00000000    000000c0     
                  00000000    000000c0     startup_mspm0g350x_ticlang.o (.intvecs)

.text      0    000000c0    00002fa0     
                  000000c0    00000a18     libc.a : _printfi.c.obj (.text:__TI_printfi)
                  00000ad8    00000210            : _printfi.c.obj (.text._pconv_a)
                  00000ce8    000001d8            : _printfi.c.obj (.text._pconv_g)
                  00000ec0    00000192     libclang_rt.builtins.a : adddf3.S.obj (.text)
                  00001052    00000002     ti_msp_dl_config.o (.text.SYSCFG_DL_GPIO_init)
                  00001054    0000015c     driverlib.a : dl_flashctl.o (.text.DL_FlashCTL_unprotectSector)
                  000011b0    00000138     libc.a : _printfi.c.obj (.text.fcvt)
                  000012e8    0000011c            : _printfi.c.obj (.text._pconv_e)
                  00001404    0000010c     libclang_rt.builtins.a : divdf3.S.obj (.text)
                  00001510    00000100     driverlib.a : dl_timer.o (.text.DL_Timer_initTimerMode)
                  00001610    000000e8     Lab6.o (.text.main)
                  000016f8    000000e4     libclang_rt.builtins.a : muldf3.S.obj (.text)
                  000017dc    000000d8     libc.a : s_scalbn.c.obj (.text.scalbn)
                  000018b4    000000d0     Lab6.o (.text.UART_init)
                  00001984    000000b2     driverlib.a : dl_flashctl.o (.text.DL_FlashCTL_programMemoryFromRAM)
                  00001a36    00000002     libclang_rt.builtins.a : aeabi_div0.c.obj (.text.__aeabi_idiv0)
                  00001a38    000000a2                            : udivmoddi4.S.obj (.text)
                  00001ada    00000002                            : aeabi_div0.c.obj (.text.__aeabi_ldiv0)
                  00001adc    0000009c     Lab6.o (.text.GPIO_init)
                  00001b78    0000008c     libclang_rt.builtins.a : mulsf3.S.obj (.text)
                  00001c04    00000074     Lab6.o (.text.TIMG0_IRQHandler)
                  00001c78    00000074     Lab6.o (.text.print2Putty)
                  00001cec    00000004     driverlib.a : dl_flashctl.o (.text.DL_SYSCTL_isExecuteFromUpperFlashBank)
                  00001cf0    00000074     libclang_rt.builtins.a : truncdfsf2.S.obj (.text)
                  00001d64    00000070                            : comparedf2.c.obj (.text.__gedf2)
                  00001dd4    00000070                            : comparedf2.c.obj (.text.__ledf2)
                  00001e44    00000068     libc.a : copy_decompress_lzss.c.obj (.text:decompress:lzss)
                  00001eac    00000066            : _printfi.c.obj (.text._mcpy)
                  00001f12    00000002     --HOLE-- [fill = 0]
                  00001f14    00000062     libclang_rt.builtins.a : aeabi_dcmp.S.obj (.text)
                  00001f76    00000002     --HOLE-- [fill = 0]
                  00001f78    00000060     Lab6.o (.text.collectData)
                  00001fd8    0000005c     libc.a : s_frexp.c.obj (.text.frexp)
                  00002034    00000058            : _ltoa.c.obj (.text.__TI_ltoa)
                  0000208c    00000058            : _printfi.c.obj (.text._pconv_f)
                  000020e4    00000056     libclang_rt.builtins.a : aeabi_idivmod.S.obj (.text)
                  0000213a    00000002     --HOLE-- [fill = 0]
                  0000213c    00000054     Lab6.o (.text.write2Flash)
                  00002190    00000052     driverlib.a : dl_flashctl.o (.text.DL_FlashCTL_getFlashSectorNumberInBank)
                  000021e2    00000050     libc.a : _printfi.c.obj (.text._ecpy)
                  00002232    00000002     --HOLE-- [fill = 0]
                  00002234    0000004c     driverlib.a : dl_adc12.o (.text.DL_ADC12_setClockConfig)
                  00002280    0000004c                 : dl_uart.o (.text.DL_UART_init)
                  000022cc    0000004c     Lab6.o (.text.DL_UART_setBaudRateDivisor)
                  00002318    0000004c     libc.a : autoinit.c.obj (.text:__TI_auto_init_nopinit)
                  00002364    0000004a     Lab6.o (.text.DL_ADC12_configConversionMem)
                  000023ae    00000002     --HOLE-- [fill = 0]
                  000023b0    0000004a     libclang_rt.builtins.a : fixdfsi.S.obj (.text)
                  000023fa    00000002     --HOLE-- [fill = 0]
                  000023fc    00000048     libc.a : cpy_tbl.c.obj (.text.copy_in)
                  00002444    00000044            : atoi.c.obj (.text.atoi)
                  00002488    00000040     Lab6.o (.text.ADC_init)
                  000024c8    00000040     libclang_rt.builtins.a : aeabi_uidivmod.S.obj (.text)
                  00002508    00000040                            : extendsfdf2.S.obj (.text)
                  00002548    0000003c     driverlib.a : dl_flashctl.o (.text.DL_FactoryRegion_getNumBanks)
                  00002584    0000003c                 : dl_timer.o (.text.DL_Timer_setCaptureCompareCtl)
                  000025c0    0000003c     Lab6.o (.text.TimerG_init)
                  000025fc    0000003c     Lab6.o (.text.adc2temp)
                  00002638    0000003a     libclang_rt.builtins.a : muldsi3.S.obj (.text)
                  00002672    00000002     --HOLE-- [fill = 0]
                  00002674    00000038     driverlib.a : dl_flashctl.o (.text.DL_FactoryRegion_getMAINFlashSize)
                  000026ac    00000038                 : dl_flashctl.o (.text.DL_FlashCTL_programMemory64Config)
                  000026e4    00000038     libc.a : sprintf.c.obj (.text.sprintf)
                  0000271c    00000034     Lab6.o (.text.DL_GPIO_initDigitalInputFeatures)
                  00002750    00000034     driverlib.a : dl_timer.o (.text.DL_Timer_setClockConfig)
                  00002784    00000034     ti_msp_dl_config.o (.text.SYSCFG_DL_initPower)
                  000027b8    00000034     Lab6.o (.text.__NVIC_DisableIRQ)
                  000027ec    00000030     Lab6.o (.text.DL_ADC12_getMemResult)
                  0000281c    00000030     driverlib.a : dl_flashctl.o (.text.DL_FlashCTL_eraseMemoryFromRAM)
                  0000284c    00000030                 : dl_flashctl.o (.text.DL_FlashCTL_programMemoryConfig)
                  0000287c    00000030     libc.a : _printfi.c.obj (.text._fcpy)
                  000028ac    0000002c     driverlib.a : dl_timer.o (.text.DL_Timer_setCaptureCompareValue)
                  000028d8    0000002c     Lab6.o (.text.__NVIC_ClearPendingIRQ)
                  00002904    0000002c     Lab6.o (.text.__NVIC_EnableIRQ)
                  00002930    0000002c     libclang_rt.builtins.a : floatsidf.S.obj (.text)
                  0000295c    00000028     Lab6.o (.text.DL_Common_updateReg)
                  00002984    00000028     driverlib.a : dl_adc12.o (.text.DL_Common_updateReg)
                  000029ac    00000028                 : dl_timer.o (.text.DL_Common_updateReg)
                  000029d4    00000028                 : dl_uart.o (.text.DL_Common_updateReg)
                  000029fc    00000028     ti_msp_dl_config.o (.text.DL_Common_updateReg)
                  00002a24    00000028     driverlib.a : dl_flashctl.o (.text.DL_FlashCTL_programMemory32Config)
                  00002a4c    00000028                 : dl_uart.o (.text.DL_UART_transmitDataBlocking)
                  00002a74    00000028     libc.a : boot_cortex_m.c.obj (.text:_c_int00_noargs)
                  00002a9c    00000028     libclang_rt.builtins.a : floatunsisf.S.obj (.text)
                  00002ac4    00000024     driverlib.a : dl_uart.o (.text.DL_UART_setClockConfig)
                  00002ae8    00000024     libc.a : memccpy.c.obj (.text.memccpy)
                  00002b0c    00000024     libclang_rt.builtins.a : muldi3.S.obj (.text)
                  00002b30    00000022     ti_msp_dl_config.o (.text.SYSCFG_DL_SYSCTL_init)
                  00002b52    00000002     --HOLE-- [fill = 0]
                  00002b54    00000020     driverlib.a : dl_flashctl.o (.text.DL_CORE_configInstruction)
                  00002b74    00000020                 : dl_flashctl.o (.text.DL_FlashCTL_programMemoryFromRAM32)
                  00002b94    00000020                 : dl_flashctl.o (.text.DL_FlashCTL_programMemoryFromRAM64)
                  00002bb4    00000020                 : dl_timer.o (.text.DL_Timer_setCounterValueAfterEnable)
                  00002bd4    0000001e     Lab6.o (.text.DL_UART_setOversampling)
                  00002bf2    00000002     --HOLE-- [fill = 0]
                  00002bf4    0000001e     libclang_rt.builtins.a : ashldi3.S.obj (.text)
                  00002c12    00000002     --HOLE-- [fill = 0]
                  00002c14    0000001c     Lab6.o (.text.DL_ADC12_startConversion)
                  00002c30    0000001c     Lab6.o (.text.DL_GPIO_initPeripheralOutputFunction)
                  00002c4c    0000001c     ti_msp_dl_config.o (.text.DL_SYSCTL_setMCLKDivider)
                  00002c68    0000001c     ti_msp_dl_config.o (.text.DL_SYSCTL_setSYSOSCFreq)
                  00002c84    0000001c     ti_msp_dl_config.o (.text.DL_SYSCTL_setULPCLKDivider)
                  00002ca0    0000001c     Lab6.o (.text.DL_Timer_disableInterrupt)
                  00002cbc    0000001c     Lab6.o (.text.DL_Timer_enableInterrupt)
                  00002cd8    0000001c     libclang_rt.builtins.a : aeabi_memset.S.obj (.text)
                  00002cf4    00000018     Lab6.o (.text.DL_ADC12_enablePower)
                  00002d0c    00000018     Lab6.o (.text.DL_ADC12_setSampleTime0)
                  00002d24    00000018     Lab6.o (.text.DL_GPIO_enableOutput)
                  00002d3c    00000018     ti_msp_dl_config.o (.text.DL_GPIO_enablePower)
                  00002d54    00000018     Lab6.o (.text.DL_GPIO_initDigitalOutput)
                  00002d6c    00000018     ti_msp_dl_config.o (.text.DL_GPIO_reset)
                  00002d84    00000018     Lab6.o (.text.DL_GPIO_setPins)
                  00002d9c    00000018     Lab6.o (.text.DL_GPIO_togglePins)
                  00002db4    00000018     ti_msp_dl_config.o (.text.DL_SYSCTL_setBORThreshold)
                  00002dcc    00000018     Lab6.o (.text.DL_Timer_enablePower)
                  00002de4    00000018     driverlib.a : dl_timer.o (.text.DL_Timer_setLoadValue)
                  00002dfc    00000018     Lab6.o (.text.DL_Timer_startCounter)
                  00002e14    00000018     Lab6.o (.text.DL_UART_enablePower)
                  00002e2c    00000018     driverlib.a : dl_uart.o (.text.DL_UART_isTXFIFOFull)
                  00002e44    00000018     Lab6.o (.text.DL_UART_reset)
                  00002e5c    00000018     libc.a : sprintf.c.obj (.text._outs)
                  00002e74    00000016     Lab6.o (.text.DL_ADC12_enableConversions)
                  00002e8a    00000016     Lab6.o (.text.DL_GPIO_readPins)
                  00002ea0    00000016     driverlib.a : dl_uart.o (.text.DL_UART_disable)
                  00002eb6    00000016     Lab6.o (.text.DL_UART_enable)
                  00002ecc    00000016     driverlib.a : dl_uart.o (.text.DL_UART_transmitData)
                  00002ee2    00000014                 : dl_common.o (.text.DL_Common_delayCycles)
                  00002ef6    00000014                 : dl_flashctl.o (.text.DL_FlashCTL_setCommandAddress)
                  00002f0a    00000014     Lab6.o (.text.DL_GPIO_clearPins)
                  00002f1e    00000002     --HOLE-- [fill = 0]
                  00002f20    00000014     Lab6.o (.text.DL_Timer_enableClock)
                  00002f34    00000014     libc.a : _printfi.c.obj (.text.strchr)
                  00002f48    00000014            : copy_zero_init.c.obj (.text:decompress:ZI:__TI_zero_init_nomemset)
                  00002f5c    00000014     libclang_rt.builtins.a : aeabi_uldivmod.S.obj (.text)
                  00002f70    00000012     libc.a : memcpy16.S.obj (.text:TI_memcpy_small)
                  00002f82    00000012            : copy_decompress_none.c.obj (.text:decompress:none)
                  00002f94    00000010     Lab6.o (.text.DL_ADC12_getStatus)
                  00002fa4    00000010     driverlib.a : dl_flashctl.o (.text.DL_CORE_getInstructionConfig)
                  00002fb4    00000010     ti_msp_dl_config.o (.text.SYSCFG_DL_init)
                  00002fc4    00000010     libc.a : wcslen.c.obj (.text.wcslen)
                  00002fd4    0000000e     driverlib.a : dl_flashctl.o (.text.DL_FlashCTL_getFlashSectorNumber)
                  00002fe2    0000000e     libc.a : _printfi.c.obj (.text.strlen)
                  00002ff0    0000000e            : memset16.S.obj (.text:TI_memset_small)
                  00002ffe    0000000a            : _printfi.c.obj (.text.OUTLINED_FUNCTION_0)
                  00003008    00000010     libclang_rt.builtins.a : adddf3.S.obj (.tramp.__aeabi_dsub.1)
                  00003018    0000000a     libc.a : _printfi.c.obj (.text.OUTLINED_FUNCTION_1)
                  00003022    0000000a            : sprintf.c.obj (.text._outc)
                  0000302c    00000008            : aeabi_portable.c.obj (.text.__aeabi_errno_addr)
                  00003034    00000008     libclang_rt.builtins.a : aeabi_memcpy.S.obj (.text)
                  0000303c    00000004     startup_mspm0g350x_ticlang.o (.text.Default_Handler)
                  00003040    00000004     startup_mspm0g350x_ticlang.o (.text.Reset_Handler)
                  00003044    00000004     libc.a : pre_init.c.obj (.text._system_pre_init)
                  00003048    00000004            : exit.c.obj (.text:abort)
                  0000304c    00000010     driverlib.a : dl_flashctl.o (.tramp.DL_FlashCTL_executeCommandFromRAM.1)
                  0000305c    00000004     --HOLE-- [fill = 0]

.TI.ramfunc 
*          0    000031a0    00000040     RUN ADDR = 202000b0
                  000031a0    00000040     driverlib.a : dl_flashctl.o (.TI.ramfunc)

.cinit     0    000031e0    00000048     
                  000031e0    00000023     (.cinit..data.load) [load image, compression = lzss]
                  00003203    00000001     --HOLE-- [fill = 0]
                  00003204    0000000c     (__TI_handler_table)
                  00003210    00000008     (.cinit..bss.load) [load image, compression = zero_init]
                  00003218    00000010     (__TI_cinit_table)

.rodata    0    00003060    00000140     
                  00003060    00000101     libc.a : aeabi_ctype.S.obj (.rodata)
                  00003161    00000022            : _printfi.c.obj (.rodata.str1.1)
                  00003183    00000018     Lab6.o (.rodata.str1.1)
                  0000319b    00000005     --HOLE-- [fill = 0]

.init_array 
*          0    00000000    00000000     UNINITIALIZED

.binit     0    00003228    00000010     
                  00003228    00000010     (.binit)

.data      0    20200000    000000ab     UNINITIALIZED
                  20200000    00000078     Lab6.o (.data.temp_data)
                  20200078    00000014     Lab6.o (.data.gTIMER_0TimerConfig)
                  2020008c    0000000a     Lab6.o (.data.gUART_0Config)
                  20200096    00000002     Lab6.o (.data.gUART_0ClockConfig)
                  20200098    00000008     Lab6.o (.data.gADC_0ClockConfig)
                  202000a0    00000004     libc.a : aeabi_portable.c.obj (.data.__aeabi_errno)
                  202000a4    00000003     Lab6.o (.data.gTIMER_0ClockConfig)
                  202000a7    00000001     Lab6.o (.data.S1_pressed)
                  202000a8    00000001     Lab6.o (.data.data_ready)
                  202000a9    00000001     Lab6.o (.data.num_samples)
                  202000aa    00000001     Lab6.o (.data.target_num)

.bss       0    202000ab    00000001     UNINITIALIZED
                  202000ab    00000001     (.common:error_flag)

.stack     0    20207e00    00000200     UNINITIALIZED
                  20207e00    00000004     libc.a : boot_cortex_m.c.obj (.stack)
                  20207e04    000001fc     --HOLE--

__llvm_prf_cnts 
*          0    20200000    00000000     UNINITIALIZED

__llvm_prf_bits 
*          0    20200000    00000000     UNINITIALIZED

MODULE SUMMARY

       Module                         code    ro data   rw data
       ------                         ----    -------   -------
    .\
       Lab6.o                         2126    24        168    
       startup_mspm0g350x_ticlang.o   8       192       0      
    +--+------------------------------+-------+---------+---------+
       Total:                         2134    216       168    
                                                               
    .\syscfg\
       ti_msp_dl_config.o             300     0         0      
    +--+------------------------------+-------+---------+---------+
       Total:                         300     0         0      
                                                               
    C:/ti/mspm0_sdk_2_01_00_03/source/ti/driverlib/lib/ticlang/m0p/mspm0g1x0x_g3x0x/driverlib.a
       dl_flashctl.o                  1210    0         0      
       dl_timer.o                     508     0         0      
       dl_uart.o                      260     0         0      
       dl_adc12.o                     116     0         0      
       dl_common.o                    20      0         0      
    +--+------------------------------+-------+---------+---------+
       Total:                         2114    0         0      
                                                               
    C:\Program Files\ccs\tools\compiler\ti-cgt-armllvm_2.1.3.LTS\lib\armv6m-ti-none-eabi/c/libc.a
       _printfi.c.obj                 4552    34        0      
       aeabi_ctype.S.obj              0       257       0      
       s_scalbn.c.obj                 216     0         0      
       copy_decompress_lzss.c.obj     104     0         0      
       s_frexp.c.obj                  92      0         0      
       sprintf.c.obj                  90      0         0      
       _ltoa.c.obj                    88      0         0      
       autoinit.c.obj                 76      0         0      
       cpy_tbl.c.obj                  72      0         0      
       atoi.c.obj                     68      0         0      
       boot_cortex_m.c.obj            40      0         0      
       memccpy.c.obj                  36      0         0      
       copy_zero_init.c.obj           20      0         0      
       copy_decompress_none.c.obj     18      0         0      
       memcpy16.S.obj                 18      0         0      
       wcslen.c.obj                   16      0         0      
       memset16.S.obj                 14      0         0      
       aeabi_portable.c.obj           8       0         4      
       exit.c.obj                     4       0         0      
       pre_init.c.obj                 4       0         0      
    +--+------------------------------+-------+---------+---------+
       Total:                         5536    291       4      
                                                               
    C:\Program Files\ccs\tools\compiler\ti-cgt-armllvm_2.1.3.LTS\lib\clang/14.0.6/lib/armv6m-ti-none-eabi/libclang_rt.builtins.a
       adddf3.S.obj                   418     0         0      
       divdf3.S.obj                   268     0         0      
       muldf3.S.obj                   228     0         0      
       comparedf2.c.obj               224     0         0      
       udivmoddi4.S.obj               162     0         0      
       mulsf3.S.obj                   140     0         0      
       truncdfsf2.S.obj               116     0         0      
       aeabi_dcmp.S.obj               98      0         0      
       aeabi_idivmod.S.obj            86      0         0      
       fixdfsi.S.obj                  74      0         0      
       aeabi_uidivmod.S.obj           64      0         0      
       extendsfdf2.S.obj              64      0         0      
       muldsi3.S.obj                  58      0         0      
       floatsidf.S.obj                44      0         0      
       floatunsisf.S.obj              40      0         0      
       muldi3.S.obj                   36      0         0      
       ashldi3.S.obj                  30      0         0      
       aeabi_memset.S.obj             28      0         0      
       aeabi_uldivmod.S.obj           20      0         0      
       aeabi_memcpy.S.obj             8       0         0      
       aeabi_div0.c.obj               4       0         0      
    +--+------------------------------+-------+---------+---------+
       Total:                         2210    0         0      
                                                               
       Stack:                         0       0         512    
       Linker Generated:              0       87        0      
    +--+------------------------------+-------+---------+---------+
       Grand Total:                   12294   594       684    


LINKER GENERATED COPY TABLES

__TI_cinit_table @ 00003218 records: 2, size/record: 8, table size: 16
	.data: load addr=000031e0, load size=00000023 bytes, run addr=20200000, run size=000000ab bytes, compression=lzss
	.bss: load addr=00003210, load size=00000008 bytes, run addr=202000ab, run size=00000001 bytes, compression=zero_init
binit @ 00003228 records: 1, size/record: 12, table size: 16
	.TI.ramfunc: load addr=000031a0, load size=00000040, run addr=202000b0, run size=00000040, compression=none


LINKER GENERATED HANDLER TABLE

__TI_handler_table @ 00003204 records: 3, size/record: 4, table size: 12
	index: 0, handler: __TI_decompress_lzss
	index: 1, handler: __TI_decompress_none
	index: 2, handler: __TI_zero_init


FAR CALL TRAMPOLINES

callee name               trampoline name
   callee addr  tramp addr   call addr  call info
--------------  -----------  ---------  ----------------
__aeabi_dsub              $Tramp$TT$L$PI$$__aeabi_dsub
   00000ec1     00003008     00003006   libc.a : _printfi.c.obj (.text.OUTLINED_FUNCTION_0)
DL_FlashCTL_executeCommandFromRAM  $Tramp$TT$L$PI$$DL_FlashCTL_executeCommandFromRAM
   202000b1     0000304c     0000283e   driverlib.a : dl_flashctl.o (.text.DL_FlashCTL_eraseMemoryFromRAM)
                             00002b8c               : dl_flashctl.o (.text.DL_FlashCTL_programMemoryFromRAM32)
                             00002bac               : dl_flashctl.o (.text.DL_FlashCTL_programMemoryFromRAM64)

[2 trampolines]
[4 trampoline calls]


GLOBAL SYMBOLS: SORTED ALPHABETICALLY BY Name 

address   name                              
-------   ----                              
0000303d  ADC0_IRQHandler                   
0000303d  ADC1_IRQHandler                   
00002489  ADC_init                          
0000303d  AES_IRQHandler                    
00003048  C$$EXIT                           
0000303d  CANFD0_IRQHandler                 
0000303d  DAC0_IRQHandler                   
00002235  DL_ADC12_setClockConfig           
00002ee3  DL_Common_delayCycles             
0000281d  DL_FlashCTL_eraseMemoryFromRAM    
00001985  DL_FlashCTL_programMemoryFromRAM  
00002b75  DL_FlashCTL_programMemoryFromRAM32
00002b95  DL_FlashCTL_programMemoryFromRAM64
00001055  DL_FlashCTL_unprotectSector       
00001511  DL_Timer_initTimerMode            
00002585  DL_Timer_setCaptureCompareCtl     
000028ad  DL_Timer_setCaptureCompareValue   
00002751  DL_Timer_setClockConfig           
00002281  DL_UART_init                      
00002ac5  DL_UART_setClockConfig            
00002a4d  DL_UART_transmitDataBlocking      
0000303d  DMA_IRQHandler                    
0000303d  Default_Handler                   
00001add  GPIO_init                         
0000303d  GROUP0_IRQHandler                 
0000303d  GROUP1_IRQHandler                 
0000303d  HardFault_Handler                 
0000303d  I2C0_IRQHandler                   
0000303d  I2C1_IRQHandler                   
0000303d  NMI_Handler                       
0000303d  PendSV_Handler                    
0000303d  RTC_IRQHandler                    
00003041  Reset_Handler                     
202000a7  S1_pressed                        
0000303d  SPI0_IRQHandler                   
0000303d  SPI1_IRQHandler                   
0000303d  SVC_Handler                       
00001053  SYSCFG_DL_GPIO_init               
00002b31  SYSCFG_DL_SYSCTL_init             
00002fb5  SYSCFG_DL_init                    
00002785  SYSCFG_DL_initPower               
0000303d  SysTick_Handler                   
0000303d  TIMA0_IRQHandler                  
0000303d  TIMA1_IRQHandler                  
00001c05  TIMG0_IRQHandler                  
0000303d  TIMG12_IRQHandler                 
0000303d  TIMG6_IRQHandler                  
0000303d  TIMG7_IRQHandler                  
0000303d  TIMG8_IRQHandler                  
00002f71  TI_memcpy_small                   
00002ff1  TI_memset_small                   
000025c1  TimerG_init                       
0000303d  UART0_IRQHandler                  
0000303d  UART1_IRQHandler                  
0000303d  UART2_IRQHandler                  
0000303d  UART3_IRQHandler                  
000018b5  UART_init                         
20208000  __STACK_END                       
00000200  __STACK_SIZE                      
00003218  __TI_CINIT_Base                   
00003228  __TI_CINIT_Limit                  
00003228  __TI_CINIT_Warm                   
00003204  __TI_Handler_Table_Base           
00003210  __TI_Handler_Table_Limit          
00002319  __TI_auto_init_nopinit            
00001e45  __TI_decompress_lzss              
00002f83  __TI_decompress_none              
00002035  __TI_ltoa                         
ffffffff  __TI_pprof_out_hndl               
000000c1  __TI_printfi                      
ffffffff  __TI_prof_data_size               
ffffffff  __TI_prof_data_start              
00000000  __TI_static_base__                
00003228  __TI_table_binit                  
00002f49  __TI_zero_init_nomemset           
00000ecb  __adddf3                          
00003060  __aeabi_ctype_table_              
00003060  __aeabi_ctype_table_C             
00001cf1  __aeabi_d2f                       
000023b1  __aeabi_d2iz                      
00000ecb  __aeabi_dadd                      
00001f15  __aeabi_dcmpeq                    
00001f51  __aeabi_dcmpge                    
00001f65  __aeabi_dcmpgt                    
00001f3d  __aeabi_dcmple                    
00001f29  __aeabi_dcmplt                    
00001405  __aeabi_ddiv                      
000016f9  __aeabi_dmul                      
00000ec1  __aeabi_dsub                      
202000a0  __aeabi_errno                     
0000302d  __aeabi_errno_addr                
00002509  __aeabi_f2d                       
00001b79  __aeabi_fmul                      
00002931  __aeabi_i2d                       
000020e5  __aeabi_idiv                      
00001a37  __aeabi_idiv0                     
000020e5  __aeabi_idivmod                   
00001adb  __aeabi_ldiv0                     
00002bf5  __aeabi_llsl                      
00002b0d  __aeabi_lmul                      
00002ce9  __aeabi_memclr                    
00002ce9  __aeabi_memclr4                   
00002ce9  __aeabi_memclr8                   
00003035  __aeabi_memcpy                    
00003035  __aeabi_memcpy4                   
00003035  __aeabi_memcpy8                   
00002cd9  __aeabi_memset                    
00002cd9  __aeabi_memset4                   
00002cd9  __aeabi_memset8                   
00002a9d  __aeabi_ui2f                      
000024c9  __aeabi_uidiv                     
000024c9  __aeabi_uidivmod                  
00002f5d  __aeabi_uldivmod                  
00002bf5  __ashldi3                         
00003228  __binit__                         
00001dd5  __cmpdf2                          
00001405  __divdf3                          
00001dd5  __eqdf2                           
00002509  __extendsfdf2                     
000023b1  __fixdfsi                         
00002931  __floatsidf                       
00002a9d  __floatunsisf                     
00001d65  __gedf2                           
00001d65  __gtdf2                           
00001dd5  __ledf2                           
00001dd5  __ltdf2                           
UNDEFED   __mpu_init                        
000016f9  __muldf3                          
00002b0d  __muldi3                          
00002639  __muldsi3                         
00001b79  __mulsf3                          
00001dd5  __nedf2                           
20207e00  __stack                           
20200000  __start___llvm_prf_bits           
20200000  __start___llvm_prf_cnts           
20200000  __stop___llvm_prf_bits            
20200000  __stop___llvm_prf_cnts            
00000ec1  __subdf3                          
00001cf1  __truncdfsf2                      
00001a39  __udivmoddi4                      
00002a75  _c_int00_noargs                   
UNDEFED   _system_post_cinit                
00003045  _system_pre_init                  
00003049  abort                             
000025fd  adc2temp                          
00002445  atoi                              
00003228  binit                             
00001f79  collectData                       
000023fd  copy_in                           
202000a8  data_ready                        
202000ab  error_flag                        
00001fd9  frexp                             
00001fd9  frexpl                            
20200098  gADC_0ClockConfig                 
202000a4  gTIMER_0ClockConfig               
20200078  gTIMER_0TimerConfig               
20200096  gUART_0ClockConfig                
2020008c  gUART_0Config                     
00000000  interruptVectors                  
000017dd  ldexp                             
000017dd  ldexpl                            
00001611  main                              
00002ae9  memccpy                           
202000a9  num_samples                       
00001c79  print2Putty                       
000017dd  scalbn                            
000017dd  scalbnl                           
000026e5  sprintf                           
202000aa  target_num                        
20200000  temp_data                         
00002fc5  wcslen                            
0000213d  write2Flash                       


GLOBAL SYMBOLS: SORTED BY Symbol Address 

address   name                              
-------   ----                              
00000000  __TI_static_base__                
00000000  interruptVectors                  
000000c1  __TI_printfi                      
00000200  __STACK_SIZE                      
00000ec1  __aeabi_dsub                      
00000ec1  __subdf3                          
00000ecb  __adddf3                          
00000ecb  __aeabi_dadd                      
00001053  SYSCFG_DL_GPIO_init               
00001055  DL_FlashCTL_unprotectSector       
00001405  __aeabi_ddiv                      
00001405  __divdf3                          
00001511  DL_Timer_initTimerMode            
00001611  main                              
000016f9  __aeabi_dmul                      
000016f9  __muldf3                          
000017dd  ldexp                             
000017dd  ldexpl                            
000017dd  scalbn                            
000017dd  scalbnl                           
000018b5  UART_init                         
00001985  DL_FlashCTL_programMemoryFromRAM  
00001a37  __aeabi_idiv0                     
00001a39  __udivmoddi4                      
00001adb  __aeabi_ldiv0                     
00001add  GPIO_init                         
00001b79  __aeabi_fmul                      
00001b79  __mulsf3                          
00001c05  TIMG0_IRQHandler                  
00001c79  print2Putty                       
00001cf1  __aeabi_d2f                       
00001cf1  __truncdfsf2                      
00001d65  __gedf2                           
00001d65  __gtdf2                           
00001dd5  __cmpdf2                          
00001dd5  __eqdf2                           
00001dd5  __ledf2                           
00001dd5  __ltdf2                           
00001dd5  __nedf2                           
00001e45  __TI_decompress_lzss              
00001f15  __aeabi_dcmpeq                    
00001f29  __aeabi_dcmplt                    
00001f3d  __aeabi_dcmple                    
00001f51  __aeabi_dcmpge                    
00001f65  __aeabi_dcmpgt                    
00001f79  collectData                       
00001fd9  frexp                             
00001fd9  frexpl                            
00002035  __TI_ltoa                         
000020e5  __aeabi_idiv                      
000020e5  __aeabi_idivmod                   
0000213d  write2Flash                       
00002235  DL_ADC12_setClockConfig           
00002281  DL_UART_init                      
00002319  __TI_auto_init_nopinit            
000023b1  __aeabi_d2iz                      
000023b1  __fixdfsi                         
000023fd  copy_in                           
00002445  atoi                              
00002489  ADC_init                          
000024c9  __aeabi_uidiv                     
000024c9  __aeabi_uidivmod                  
00002509  __aeabi_f2d                       
00002509  __extendsfdf2                     
00002585  DL_Timer_setCaptureCompareCtl     
000025c1  TimerG_init                       
000025fd  adc2temp                          
00002639  __muldsi3                         
000026e5  sprintf                           
00002751  DL_Timer_setClockConfig           
00002785  SYSCFG_DL_initPower               
0000281d  DL_FlashCTL_eraseMemoryFromRAM    
000028ad  DL_Timer_setCaptureCompareValue   
00002931  __aeabi_i2d                       
00002931  __floatsidf                       
00002a4d  DL_UART_transmitDataBlocking      
00002a75  _c_int00_noargs                   
00002a9d  __aeabi_ui2f                      
00002a9d  __floatunsisf                     
00002ac5  DL_UART_setClockConfig            
00002ae9  memccpy                           
00002b0d  __aeabi_lmul                      
00002b0d  __muldi3                          
00002b31  SYSCFG_DL_SYSCTL_init             
00002b75  DL_FlashCTL_programMemoryFromRAM32
00002b95  DL_FlashCTL_programMemoryFromRAM64
00002bf5  __aeabi_llsl                      
00002bf5  __ashldi3                         
00002cd9  __aeabi_memset                    
00002cd9  __aeabi_memset4                   
00002cd9  __aeabi_memset8                   
00002ce9  __aeabi_memclr                    
00002ce9  __aeabi_memclr4                   
00002ce9  __aeabi_memclr8                   
00002ee3  DL_Common_delayCycles             
00002f49  __TI_zero_init_nomemset           
00002f5d  __aeabi_uldivmod                  
00002f71  TI_memcpy_small                   
00002f83  __TI_decompress_none              
00002fb5  SYSCFG_DL_init                    
00002fc5  wcslen                            
00002ff1  TI_memset_small                   
0000302d  __aeabi_errno_addr                
00003035  __aeabi_memcpy                    
00003035  __aeabi_memcpy4                   
00003035  __aeabi_memcpy8                   
0000303d  ADC0_IRQHandler                   
0000303d  ADC1_IRQHandler                   
0000303d  AES_IRQHandler                    
0000303d  CANFD0_IRQHandler                 
0000303d  DAC0_IRQHandler                   
0000303d  DMA_IRQHandler                    
0000303d  Default_Handler                   
0000303d  GROUP0_IRQHandler                 
0000303d  GROUP1_IRQHandler                 
0000303d  HardFault_Handler                 
0000303d  I2C0_IRQHandler                   
0000303d  I2C1_IRQHandler                   
0000303d  NMI_Handler                       
0000303d  PendSV_Handler                    
0000303d  RTC_IRQHandler                    
0000303d  SPI0_IRQHandler                   
0000303d  SPI1_IRQHandler                   
0000303d  SVC_Handler                       
0000303d  SysTick_Handler                   
0000303d  TIMA0_IRQHandler                  
0000303d  TIMA1_IRQHandler                  
0000303d  TIMG12_IRQHandler                 
0000303d  TIMG6_IRQHandler                  
0000303d  TIMG7_IRQHandler                  
0000303d  TIMG8_IRQHandler                  
0000303d  UART0_IRQHandler                  
0000303d  UART1_IRQHandler                  
0000303d  UART2_IRQHandler                  
0000303d  UART3_IRQHandler                  
00003041  Reset_Handler                     
00003045  _system_pre_init                  
00003048  C$$EXIT                           
00003049  abort                             
00003060  __aeabi_ctype_table_              
00003060  __aeabi_ctype_table_C             
00003204  __TI_Handler_Table_Base           
00003210  __TI_Handler_Table_Limit          
00003218  __TI_CINIT_Base                   
00003228  __TI_CINIT_Limit                  
00003228  __TI_CINIT_Warm                   
00003228  __TI_table_binit                  
00003228  __binit__                         
00003228  binit                             
20200000  __start___llvm_prf_bits           
20200000  __start___llvm_prf_cnts           
20200000  __stop___llvm_prf_bits            
20200000  __stop___llvm_prf_cnts            
20200000  temp_data                         
20200078  gTIMER_0TimerConfig               
2020008c  gUART_0Config                     
20200096  gUART_0ClockConfig                
20200098  gADC_0ClockConfig                 
202000a0  __aeabi_errno                     
202000a4  gTIMER_0ClockConfig               
202000a7  S1_pressed                        
202000a8  data_ready                        
202000a9  num_samples                       
202000aa  target_num                        
202000ab  error_flag                        
20207e00  __stack                           
20208000  __STACK_END                       
ffffffff  __TI_pprof_out_hndl               
ffffffff  __TI_prof_data_size               
ffffffff  __TI_prof_data_start              
UNDEFED   __mpu_init                        
UNDEFED   _system_post_cinit                

[172 symbols]
