******************************************************************************
            TI ARM Clang Linker PC v2.1.3                      
******************************************************************************
>> Linked Mon Nov 11 15:33:28 2024

OUTPUT FILE NAME:   <Lab7.out>
ENTRY POINT SYMBOL: "_c_int00_noargs"  address: 00000635


MEMORY CONFIGURATION

         name            origin    length      used     unused   attr    fill
----------------------  --------  ---------  --------  --------  ----  --------
  FLASH                 00000000   00020000  000008c0  0001f740  R  X
  SRAM                  20200000   00008000  0000023d  00007dc3  RW X
  BCR_CONFIG            41c00000   00000080  00000000  00000080  R   
  BSL_CONFIG            41c00100   00000080  00000000  00000080  R   


SEGMENT ALLOCATION MAP

run origin  load origin   length   init length attrs members
----------  ----------- ---------- ----------- ----- -------
00000000    00000000    000008c0   000008c0    r-x
  00000000    00000000    000000c0   000000c0    r-- .intvecs
  000000c0    000000c0    000007c8   000007c8    r-x .text
  00000888    00000888    00000038   00000038    r-- .cinit
20200000    20200000    0000003d   00000000    rw-
  20200000    20200000    0000003d   00000000    rw- .data
20207e00    20207e00    00000200   00000000    rw-
  20207e00    20207e00    00000200   00000000    rw- .stack


SECTION ALLOCATION MAP

 output                                  attributes/
section   page    origin      length       input sections
--------  ----  ----------  ----------   ----------------
.intvecs   0    00000000    000000c0     
                  00000000    000000c0     startup_mspm0g350x_ticlang.o (.intvecs)

.text      0    000000c0    000007c8     
                  000000c0    00000100     driverlib.a : dl_timer.o (.text.DL_Timer_initTimerMode)
                  000001c0    000000c8     Lab7.o (.text.GPIO_init)
                  00000288    000000a0     Lab7.o (.text.main)
                  00000328    00000080     Lab7.o (.text.TIMG0_IRQHandler)
                  000003a8    00000068     libc.a : copy_decompress_lzss.c.obj (.text:decompress:lzss)
                  00000410    0000003c     driverlib.a : dl_timer.o (.text.DL_Timer_setCaptureCompareCtl)
                  0000044c    0000003c     Lab7.o (.text.TimerG_init)
                  00000488    0000003c     libc.a : autoinit.c.obj (.text:__TI_auto_init_nobinit_nopinit)
                  000004c4    00000034     Lab7.o (.text.DL_GPIO_initDigitalInputFeatures)
                  000004f8    00000034     driverlib.a : dl_timer.o (.text.DL_Timer_setClockConfig)
                  0000052c    00000034     ti_msp_dl_config.o (.text.SYSCFG_DL_initPower)
                  00000560    0000002c     driverlib.a : dl_timer.o (.text.DL_Timer_setCaptureCompareValue)
                  0000058c    0000002c     Lab7.o (.text.__NVIC_ClearPendingIRQ)
                  000005b8    0000002c     Lab7.o (.text.__NVIC_EnableIRQ)
                  000005e4    00000028     driverlib.a : dl_timer.o (.text.DL_Common_updateReg)
                  0000060c    00000028     ti_msp_dl_config.o (.text.DL_Common_updateReg)
                  00000634    00000028     libc.a : boot_cortex_m.c.obj (.text:_c_int00_noargs)
                  0000065c    00000022     ti_msp_dl_config.o (.text.SYSCFG_DL_SYSCTL_init)
                  0000067e    00000002     ti_msp_dl_config.o (.text.SYSCFG_DL_GPIO_init)
                  00000680    00000020     driverlib.a : dl_timer.o (.text.DL_Timer_setCounterValueAfterEnable)
                  000006a0    0000001c     ti_msp_dl_config.o (.text.DL_SYSCTL_setMCLKDivider)
                  000006bc    0000001c     ti_msp_dl_config.o (.text.DL_SYSCTL_setSYSOSCFreq)
                  000006d8    0000001c     ti_msp_dl_config.o (.text.DL_SYSCTL_setULPCLKDivider)
                  000006f4    0000001c     Lab7.o (.text.DL_Timer_enableInterrupt)
                  00000710    00000018     Lab7.o (.text.DL_GPIO_enableOutput)
                  00000728    00000018     ti_msp_dl_config.o (.text.DL_GPIO_enablePower)
                  00000740    00000018     Lab7.o (.text.DL_GPIO_initDigitalOutput)
                  00000758    00000018     ti_msp_dl_config.o (.text.DL_GPIO_reset)
                  00000770    00000018     Lab7.o (.text.DL_GPIO_setPins)
                  00000788    00000018     ti_msp_dl_config.o (.text.DL_SYSCTL_setBORThreshold)
                  000007a0    00000018     Lab7.o (.text.DL_Timer_enablePower)
                  000007b8    00000018     driverlib.a : dl_timer.o (.text.DL_Timer_setLoadValue)
                  000007d0    00000018     Lab7.o (.text.DL_Timer_startCounter)
                  000007e8    00000016     Lab7.o (.text.DL_GPIO_readPins)
                  000007fe    00000014     driverlib.a : dl_common.o (.text.DL_Common_delayCycles)
                  00000812    00000014     Lab7.o (.text.DL_GPIO_clearPins)
                  00000826    00000002     --HOLE-- [fill = 0]
                  00000828    00000014     Lab7.o (.text.DL_Timer_enableClock)
                  0000083c    00000012     libc.a : memcpy16.S.obj (.text:TI_memcpy_small)
                  0000084e    00000012            : copy_decompress_none.c.obj (.text:decompress:none)
                  00000860    00000010     ti_msp_dl_config.o (.text.SYSCFG_DL_init)
                  00000870    00000008     libclang_rt.builtins.a : aeabi_memcpy.S.obj (.text)
                  00000878    00000004     startup_mspm0g350x_ticlang.o (.text.Default_Handler)
                  0000087c    00000004     startup_mspm0g350x_ticlang.o (.text.Reset_Handler)
                  00000880    00000004     libc.a : pre_init.c.obj (.text._system_pre_init)
                  00000884    00000004            : exit.c.obj (.text:abort)

.cinit     0    00000888    00000038     
                  00000888    00000025     (.cinit..data.load) [load image, compression = lzss]
                  000008ad    00000003     --HOLE-- [fill = 0]
                  000008b0    00000008     (__TI_handler_table)
                  000008b8    00000008     (__TI_cinit_table)

.init_array 
*          0    00000000    00000000     UNINITIALIZED

.binit     0    00000000    00000000     

.data      0    20200000    0000003d     UNINITIALIZED
                  20200000    00000014     Lab7.o (.data.gTIMER_0TimerConfig)
                  20200014    00000010     Lab7.o (.data.ccw)
                  20200024    00000010     Lab7.o (.data.cw)
                  20200034    00000004     Lab7.o (.data.counter)
                  20200038    00000003     Lab7.o (.data.gTIMER_0ClockConfig)
                  2020003b    00000001     Lab7.o (.data.cur_pin)
                  2020003c    00000001     Lab7.o (.data.mode)

.stack     0    20207e00    00000200     UNINITIALIZED
                  20207e00    00000004     libc.a : boot_cortex_m.c.obj (.stack)
                  20207e04    000001fc     --HOLE--

__llvm_prf_cnts 
*          0    20200000    00000000     UNINITIALIZED

__llvm_prf_bits 
*          0    20200000    00000000     UNINITIALIZED

MODULE SUMMARY

       Module                         code   ro data   rw data
       ------                         ----   -------   -------
    .\
       Lab7.o                         898    0         61     
       startup_mspm0g350x_ticlang.o   8      192       0      
    +--+------------------------------+------+---------+---------+
       Total:                         906    192       61     
                                                              
    .\syscfg\
       ti_msp_dl_config.o             300    0         0      
    +--+------------------------------+------+---------+---------+
       Total:                         300    0         0      
                                                              
    C:/ti/mspm0_sdk_2_01_00_03/source/ti/driverlib/lib/ticlang/m0p/mspm0g1x0x_g3x0x/driverlib.a
       dl_timer.o                     508    0         0      
       dl_common.o                    20     0         0      
    +--+------------------------------+------+---------+---------+
       Total:                         528    0         0      
                                                              
    C:\Program Files\ccs\tools\compiler\ti-cgt-armllvm_2.1.3.LTS\lib\armv6m-ti-none-eabi/c/libc.a
       copy_decompress_lzss.c.obj     104    0         0      
       autoinit.c.obj                 60     0         0      
       boot_cortex_m.c.obj            40     0         0      
       copy_decompress_none.c.obj     18     0         0      
       memcpy16.S.obj                 18     0         0      
       exit.c.obj                     4      0         0      
       pre_init.c.obj                 4      0         0      
    +--+------------------------------+------+---------+---------+
       Total:                         248    0         0      
                                                              
    C:\Program Files\ccs\tools\compiler\ti-cgt-armllvm_2.1.3.LTS\lib\clang/14.0.6/lib/armv6m-ti-none-eabi/libclang_rt.builtins.a
       aeabi_memcpy.S.obj             8      0         0      
    +--+------------------------------+------+---------+---------+
       Total:                         8      0         0      
                                                              
       Stack:                         0      0         512    
       Linker Generated:              0      53        0      
    +--+------------------------------+------+---------+---------+
       Grand Total:                   1990   245       573    


LINKER GENERATED COPY TABLES

__TI_cinit_table @ 000008b8 records: 1, size/record: 8, table size: 8
	.data: load addr=00000888, load size=00000025 bytes, run addr=20200000, run size=0000003d bytes, compression=lzss


LINKER GENERATED HANDLER TABLE

__TI_handler_table @ 000008b0 records: 2, size/record: 4, table size: 8
	index: 0, handler: __TI_decompress_lzss
	index: 1, handler: __TI_decompress_none


GLOBAL SYMBOLS: SORTED ALPHABETICALLY BY Name 

address   name                           
-------   ----                           
00000879  ADC0_IRQHandler                
00000879  ADC1_IRQHandler                
00000879  AES_IRQHandler                 
00000884  C$$EXIT                        
00000879  CANFD0_IRQHandler              
00000879  DAC0_IRQHandler                
000007ff  DL_Common_delayCycles          
000000c1  DL_Timer_initTimerMode         
00000411  DL_Timer_setCaptureCompareCtl  
00000561  DL_Timer_setCaptureCompareValue
000004f9  DL_Timer_setClockConfig        
00000879  DMA_IRQHandler                 
00000879  Default_Handler                
000001c1  GPIO_init                      
00000879  GROUP0_IRQHandler              
00000879  GROUP1_IRQHandler              
00000879  HardFault_Handler              
00000879  I2C0_IRQHandler                
00000879  I2C1_IRQHandler                
00000879  NMI_Handler                    
00000879  PendSV_Handler                 
00000879  RTC_IRQHandler                 
0000087d  Reset_Handler                  
00000879  SPI0_IRQHandler                
00000879  SPI1_IRQHandler                
00000879  SVC_Handler                    
0000067f  SYSCFG_DL_GPIO_init            
0000065d  SYSCFG_DL_SYSCTL_init          
00000861  SYSCFG_DL_init                 
0000052d  SYSCFG_DL_initPower            
00000879  SysTick_Handler                
00000879  TIMA0_IRQHandler               
00000879  TIMA1_IRQHandler               
00000329  TIMG0_IRQHandler               
00000879  TIMG12_IRQHandler              
00000879  TIMG6_IRQHandler               
00000879  TIMG7_IRQHandler               
00000879  TIMG8_IRQHandler               
0000083d  TI_memcpy_small                
0000044d  TimerG_init                    
00000879  UART0_IRQHandler               
00000879  UART1_IRQHandler               
00000879  UART2_IRQHandler               
00000879  UART3_IRQHandler               
20208000  __STACK_END                    
00000200  __STACK_SIZE                   
000008b8  __TI_CINIT_Base                
000008c0  __TI_CINIT_Limit               
000008c0  __TI_CINIT_Warm                
000008b0  __TI_Handler_Table_Base        
000008b8  __TI_Handler_Table_Limit       
00000489  __TI_auto_init_nobinit_nopinit 
000003a9  __TI_decompress_lzss           
0000084f  __TI_decompress_none           
ffffffff  __TI_pprof_out_hndl            
ffffffff  __TI_prof_data_size            
ffffffff  __TI_prof_data_start           
00000000  __TI_static_base__             
00000871  __aeabi_memcpy                 
00000871  __aeabi_memcpy4                
00000871  __aeabi_memcpy8                
ffffffff  __binit__                      
UNDEFED   __mpu_init                     
20207e00  __stack                        
20200000  __start___llvm_prf_bits        
20200000  __start___llvm_prf_cnts        
20200000  __stop___llvm_prf_bits         
20200000  __stop___llvm_prf_cnts         
00000635  _c_int00_noargs                
UNDEFED   _system_post_cinit             
00000881  _system_pre_init               
00000885  abort                          
ffffffff  binit                          
20200014  ccw                            
20200034  counter                        
2020003b  cur_pin                        
20200024  cw                             
20200038  gTIMER_0ClockConfig            
20200000  gTIMER_0TimerConfig            
00000000  interruptVectors               
00000289  main                           
2020003c  mode                           


GLOBAL SYMBOLS: SORTED BY Symbol Address 

address   name                           
-------   ----                           
00000000  __TI_static_base__             
00000000  interruptVectors               
000000c1  DL_Timer_initTimerMode         
000001c1  GPIO_init                      
00000200  __STACK_SIZE                   
00000289  main                           
00000329  TIMG0_IRQHandler               
000003a9  __TI_decompress_lzss           
00000411  DL_Timer_setCaptureCompareCtl  
0000044d  TimerG_init                    
00000489  __TI_auto_init_nobinit_nopinit 
000004f9  DL_Timer_setClockConfig        
0000052d  SYSCFG_DL_initPower            
00000561  DL_Timer_setCaptureCompareValue
00000635  _c_int00_noargs                
0000065d  SYSCFG_DL_SYSCTL_init          
0000067f  SYSCFG_DL_GPIO_init            
000007ff  DL_Common_delayCycles          
0000083d  TI_memcpy_small                
0000084f  __TI_decompress_none           
00000861  SYSCFG_DL_init                 
00000871  __aeabi_memcpy                 
00000871  __aeabi_memcpy4                
00000871  __aeabi_memcpy8                
00000879  ADC0_IRQHandler                
00000879  ADC1_IRQHandler                
00000879  AES_IRQHandler                 
00000879  CANFD0_IRQHandler              
00000879  DAC0_IRQHandler                
00000879  DMA_IRQHandler                 
00000879  Default_Handler                
00000879  GROUP0_IRQHandler              
00000879  GROUP1_IRQHandler              
00000879  HardFault_Handler              
00000879  I2C0_IRQHandler                
00000879  I2C1_IRQHandler                
00000879  NMI_Handler                    
00000879  PendSV_Handler                 
00000879  RTC_IRQHandler                 
00000879  SPI0_IRQHandler                
00000879  SPI1_IRQHandler                
00000879  SVC_Handler                    
00000879  SysTick_Handler                
00000879  TIMA0_IRQHandler               
00000879  TIMA1_IRQHandler               
00000879  TIMG12_IRQHandler              
00000879  TIMG6_IRQHandler               
00000879  TIMG7_IRQHandler               
00000879  TIMG8_IRQHandler               
00000879  UART0_IRQHandler               
00000879  UART1_IRQHandler               
00000879  UART2_IRQHandler               
00000879  UART3_IRQHandler               
0000087d  Reset_Handler                  
00000881  _system_pre_init               
00000884  C$$EXIT                        
00000885  abort                          
000008b0  __TI_Handler_Table_Base        
000008b8  __TI_CINIT_Base                
000008b8  __TI_Handler_Table_Limit       
000008c0  __TI_CINIT_Limit               
000008c0  __TI_CINIT_Warm                
20200000  __start___llvm_prf_bits        
20200000  __start___llvm_prf_cnts        
20200000  __stop___llvm_prf_bits         
20200000  __stop___llvm_prf_cnts         
20200000  gTIMER_0TimerConfig            
20200014  ccw                            
20200024  cw                             
20200034  counter                        
20200038  gTIMER_0ClockConfig            
2020003b  cur_pin                        
2020003c  mode                           
20207e00  __stack                        
20208000  __STACK_END                    
ffffffff  __TI_pprof_out_hndl            
ffffffff  __TI_prof_data_size            
ffffffff  __TI_prof_data_start           
ffffffff  __binit__                      
ffffffff  binit                          
UNDEFED   __mpu_init                     
UNDEFED   _system_post_cinit             

[82 symbols]
